Archive member included to satisfy reference by file (symbol)

app/libapp.a(main.cpp.obj)    (--whole-archive)
zephyr/libzephyr.a(cpp_dtors.c.obj)
                              (--whole-archive)
zephyr/libzephyr.a(heap.c.obj)
                              (--whole-archive)
zephyr/libzephyr.a(cbprintf_packaged.c.obj)
                              (--whole-archive)
zephyr/libzephyr.a(printk.c.obj)
                              (--whole-archive)
zephyr/libzephyr.a(sem.c.obj)
                              (--whole-archive)
zephyr/libzephyr.a(thread_entry.c.obj)
                              (--whole-archive)
zephyr/libzephyr.a(cbprintf_complete.c.obj)
                              (--whole-archive)
zephyr/libzephyr.a(cbprintf.c.obj)
                              (--whole-archive)
zephyr/libzephyr.a(assert.c.obj)
                              (--whole-archive)
zephyr/libzephyr.a(mpsc_pbuf.c.obj)
                              (--whole-archive)
zephyr/libzephyr.a(reboot.c.obj)
                              (--whole-archive)
zephyr/libzephyr.a(dec.c.obj)
                              (--whole-archive)
zephyr/libzephyr.a(hex.c.obj)
                              (--whole-archive)
zephyr/libzephyr.a(rb.c.obj)  (--whole-archive)
zephyr/libzephyr.a(timeutil.c.obj)
                              (--whole-archive)
zephyr/libzephyr.a(bitarray.c.obj)
                              (--whole-archive)
zephyr/libzephyr.a(configs.c.obj)
                              (--whole-archive)
zephyr/libzephyr.a(stm32cube_hal.c.obj)
                              (--whole-archive)
zephyr/libzephyr.a(soc_config.c.obj)
                              (--whole-archive)
zephyr/libzephyr.a(soc.c.obj)
                              (--whole-archive)
zephyr/libzephyr.a(log_core.c.obj)
                              (--whole-archive)
zephyr/libzephyr.a(log_mgmt.c.obj)
                              (--whole-archive)
zephyr/libzephyr.a(log_cache.c.obj)
                              (--whole-archive)
zephyr/libzephyr.a(log_msg.c.obj)
                              (--whole-archive)
zephyr/libzephyr.a(log_output.c.obj)
                              (--whole-archive)
zephyr/libzephyr.a(log_backend_uart.c.obj)
                              (--whole-archive)
zephyr/libzephyr.a(mem_attr.c.obj)
                              (--whole-archive)
zephyr/libzephyr.a(tracing_none.c.obj)
                              (--whole-archive)
zephyr/arch/common/libarch__common.a(sw_isr_common.c.obj)
                              (--whole-archive)
zephyr/arch/arch/arm/core/libarch__arm__core.a(fatal.c.obj)
                              (--whole-archive)
zephyr/arch/arch/arm/core/libarch__arm__core.a(nmi.c.obj)
                              (--whole-archive)
zephyr/arch/arch/arm/core/libarch__arm__core.a(nmi_on_reset.S.obj)
                              (--whole-archive)
zephyr/arch/arch/arm/core/libarch__arm__core.a(__aeabi_atexit.c.obj)
                              (--whole-archive)
zephyr/arch/arch/arm/core/cortex_m/libarch__arm__core__cortex_m.a(exc_exit.c.obj)
                              (--whole-archive)
zephyr/arch/arch/arm/core/cortex_m/libarch__arm__core__cortex_m.a(fault.c.obj)
                              (--whole-archive)
zephyr/arch/arch/arm/core/cortex_m/libarch__arm__core__cortex_m.a(fault_s.S.obj)
                              (--whole-archive)
zephyr/arch/arch/arm/core/cortex_m/libarch__arm__core__cortex_m.a(fpu.c.obj)
                              (--whole-archive)
zephyr/arch/arch/arm/core/cortex_m/libarch__arm__core__cortex_m.a(reset.S.obj)
                              (--whole-archive)
zephyr/arch/arch/arm/core/cortex_m/libarch__arm__core__cortex_m.a(scb.c.obj)
                              (--whole-archive)
zephyr/arch/arch/arm/core/cortex_m/libarch__arm__core__cortex_m.a(thread_abort.c.obj)
                              (--whole-archive)
zephyr/arch/arch/arm/core/cortex_m/libarch__arm__core__cortex_m.a(vector_table.S.obj)
                              (--whole-archive)
zephyr/arch/arch/arm/core/cortex_m/libarch__arm__core__cortex_m.a(swap.c.obj)
                              (--whole-archive)
zephyr/arch/arch/arm/core/cortex_m/libarch__arm__core__cortex_m.a(swap_helper.S.obj)
                              (--whole-archive)
zephyr/arch/arch/arm/core/cortex_m/libarch__arm__core__cortex_m.a(irq_manage.c.obj)
                              (--whole-archive)
zephyr/arch/arch/arm/core/cortex_m/libarch__arm__core__cortex_m.a(prep_c.c.obj)
                              (--whole-archive)
zephyr/arch/arch/arm/core/cortex_m/libarch__arm__core__cortex_m.a(thread.c.obj)
                              (--whole-archive)
zephyr/arch/arch/arm/core/cortex_m/libarch__arm__core__cortex_m.a(cpu_idle.c.obj)
                              (--whole-archive)
zephyr/arch/arch/arm/core/cortex_m/libarch__arm__core__cortex_m.a(irq_init.c.obj)
                              (--whole-archive)
zephyr/arch/arch/arm/core/cortex_m/libarch__arm__core__cortex_m.a(isr_wrapper.c.obj)
[...]
Memory Configuration

Name             Origin             Length             Attributes
FLASH            0x0000000008000000 0x0000000000080000 xr
RAM              0x0000000020000000 0x0000000000020000 xw
IDT_LIST         0x00000000ffff7fff 0x0000000000008000 xw
*default*        0x0000000000000000 0xffffffffffffffff

Linker script and memory map

LOAD zephyr/CMakeFiles/zephyr_final.dir/misc/empty_file.c.obj
LOAD zephyr/CMakeFiles/zephyr_final.dir/isr_tables.c.obj
LOAD zephyr/CMakeFiles/offsets.dir/./arch/arm/core/offsets/offsets.c.obj
LOAD app/libapp.a
LOAD zephyr/libzephyr.a
LOAD zephyr/arch/common/libarch__common.a
LOAD zephyr/arch/arch/arm/core/libarch__arm__core.a
LOAD zephyr/arch/arch/arm/core/cortex_m/libarch__arm__core__cortex_m.a
LOAD zephyr/arch/arch/arm/core/mpu/libarch__arm__core__mpu.a
LOAD zephyr/lib/libc/newlib/liblib__libc__newlib.a
LOAD zephyr/lib/libc/common/liblib__libc__common.a
LOAD zephyr/drivers/interrupt_controller/libdrivers__interrupt_controller.a
LOAD zephyr/drivers/clock_control/libdrivers__clock_control.a
LOAD zephyr/drivers/console/libdrivers__console.a
LOAD zephyr/drivers/gpio/libdrivers__gpio.a
LOAD zephyr/drivers/pinctrl/libdrivers__pinctrl.a
LOAD zephyr/drivers/pwm/libdrivers__pwm.a
LOAD zephyr/drivers/reset/libdrivers__reset.a
LOAD zephyr/drivers/serial/libdrivers__serial.a
LOAD zephyr/drivers/timer/libdrivers__timer.a
LOAD modules/stm32/stm32cube/lib..__modules__hal__stm32__stm32cube.a
LOAD zephyr/kernel/libkernel.a
LOAD /home/babu-inc-5831/zephyr-sdk-0.16.8/arm-zephyr-eabi/bin/../lib/gcc/arm-zephyr-eabi/12.2.0/thumb/v7e-m/nofp/libgcc.a
LOAD zephyr/arch/common/libisr_tables.a
LOAD /home/babu-inc-5831/zephyr-sdk-0.16.8/arm-zephyr-eabi/arm-zephyr-eabi/lib/thumb/v7e-m/nofp/libstdc++.a
LOAD /home/babu-inc-5831/zephyr-sdk-0.16.8/arm-zephyr-eabi/arm-zephyr-eabi/lib/thumb/v7e-m/nofp/libm.a
LOAD /home/babu-inc-5831/zephyr-sdk-0.16.8/arm-zephyr-eabi/arm-zephyr-eabi/lib/thumb/v7e-m/nofp/libc.a
LOAD /home/babu-inc-5831/zephyr-sdk-0.16.8/arm-zephyr-eabi/bin/../lib/gcc/arm-zephyr-eabi/12.2.0/thumb/v7e-m/nofp/libgcc.a
LOAD /home/babu-inc-5831/zephyr-sdk-0.16.8/arm-zephyr-eabi/arm-zephyr-eabi/lib/thumb/v7e-m/nofp/libc.a
                0x0000000000000020                _region_min_align = 0x20

.rel.plt        0x0000000008000000        0x0
 *(SORT_BY_ALIGNMENT(.rel.plt))
                [!provide]                        PROVIDE (__rel_iplt_start = .)
 *(SORT_BY_ALIGNMENT(.rel.iplt))
 .rel.iplt      0x0000000008000000        0x0 zephyr/CMakeFiles/zephyr_final.dir/isr_tables.c.obj
                [!provide]                        PROVIDE (__rel_iplt_end = .)

.rela.plt       0x0000000000000000        0x0
 *(SORT_BY_ALIGNMENT(.rela.plt))
                [!provide]                        PROVIDE (__rela_iplt_start = .)
 *(SORT_BY_ALIGNMENT(.rela.iplt))
                [!provide]                        PROVIDE (__rela_iplt_end = .)

.rel.dyn
 *(SORT_BY_ALIGNMENT(.rel.*))

.rela.dyn
 *(SORT_BY_ALIGNMENT(.rela.*))

/DISCARD/
 *(SORT_BY_ALIGNMENT(.plt))

/DISCARD/
 *(SORT_BY_ALIGNMENT(.iplt))
                0x0000000008000000                __rom_region_start = 0x8000000

rom_start       0x0000000008000000      0x1d8
                0x0000000008000000                __rom_start_address = .
 FILL mask 0x00
                0x0000000008000000                . = (. + (0x0 - (. - __rom_start_address)))
                0x0000000008000000                . = ALIGN (0x4)
                0x0000000008000000                . = ALIGN (0x80)
                0x0000000008000000                . = ALIGN (0x200)
                0x0000000008000000                _vector_start = .
 *(SORT_BY_ALIGNMENT(.exc_vector_table))
 *(SORT_BY_ALIGNMENT(.exc_vector_table.*))
 .exc_vector_table._vector_table_section
                0x0000000008000000       0x40 zephyr/arch/arch/arm/core/cortex_m/libarch__arm__core__cortex_m.a(vector_table.S.obj)
                0x0000000008000000                _vector_table
 *(SORT_BY_ALIGNMENT(.vectors))
                0x00000000080001d8                _vector_end = .
                0x0000000008000040                . = ALIGN (0x4)
 *(SORT_BY_ALIGNMENT(.gnu.linkonce.irq_vector_table*))
 .gnu.linkonce.irq_vector_table
                0x0000000008000040      0x198 zephyr/CMakeFiles/zephyr_final.dir/isr_tables.c.obj
                0x0000000008000040                _irq_vector_table
                0x00000000080001d8                _vector_end = .

text            0x0000000008000200     0x6680
                0x0000000008000200                __text_region_start = .
 *(SORT_BY_ALIGNMENT(.text))
 .text          0x0000000008000200       0xdc /home/babu-inc-5831/zephyr-sdk-0.16.8/arm-zephyr-eabi/arm-zephyr-eabi/lib/thumb/v7e-m/nofp/libc.a(lib_a-strlen.o)
                0x0000000008000200                strlen
 .text          0x00000000080002dc       0x30 /home/babu-inc-5831/zephyr-sdk-0.16.8/arm-zephyr-eabi/bin/../lib/gcc/arm-zephyr-eabi/12.2.0/thumb/v7e-m/nofp/libgcc.a(_aeabi_uldivmod.o)
                0x00000000080002dc                __aeabi_uldivmod
 .text          0x000000000800030c        0x4 /home/babu-inc-5831/zephyr-sdk-0.16.8/arm-zephyr-eabi/bin/../lib/gcc/arm-zephyr-eabi/12.2.0/thumb/v7e-m/nofp/libgcc.a(_dvmd_tls.o)
                0x000000000800030c                __aeabi_ldiv0
                0x000000000800030c                __aeabi_idiv0
 .text          0x0000000008000310      0x134 /home/babu-inc-5831/zephyr-sdk-0.16.8/arm-zephyr-eabi/arm-zephyr-eabi/lib/thumb/v7e-m/nofp/libc.a(lib_a-memcpy.o)
                0x0000000008000310                memcpy
 .text          0x0000000008000444      0x2a0 /home/babu-inc-5831/zephyr-sdk-0.16.8/arm-zephyr-eabi/bin/../lib/gcc/arm-zephyr-eabi/12.2.0/thumb/v7e-m/nofp/libgcc.a(_udivmoddi4.o)
                0x0000000008000444                __udivmoddi4
 *(SORT_BY_ALIGNMENT(.text.*))
 *fill*         0x00000000080006e4        0x4 
 .text.pwm_set.constprop.0
                0x00000000080006e8       0xa8 app/libapp.a(main.cpp.obj)
 .text.main     0x0000000008000790      0x208 app/libapp.a(main.cpp.obj)
                0x0000000008000790                main
 .text.cbvprintf_package
                0x0000000008000998      0x3a4 zephyr/libzephyr.a(cbprintf_packaged.c.obj)
                0x0000000008000998                cbvprintf_package
 .text.cbprintf_package_convert
                0x0000000008000d3c      0x3c0 zephyr/libzephyr.a(cbprintf_packaged.c.obj)
                0x0000000008000d3c                cbprintf_package_convert
 .text.__printk_hook_install
                0x00000000080010fc        0xc zephyr/libzephyr.a(printk.c.obj)
                0x00000000080010fc                __printk_hook_install
 .text.vsnprintk
                0x0000000008001108       0x2c zephyr/libzephyr.a(printk.c.obj)
                0x0000000008001108                vsnprintk
 .text.extract_decimal
                0x0000000008001134       0x2c zephyr/libzephyr.a(cbprintf_complete.c.obj)
 .text.encode_uint
                0x0000000008001160       0x9c zephyr/libzephyr.a(cbprintf_complete.c.obj)
 .text.z_cbvprintf_impl
                0x00000000080011fc      0x76c zephyr/libzephyr.a(cbprintf_complete.c.obj)
                0x00000000080011fc                z_cbvprintf_impl
 .text.st_stm32_common_config
                0x0000000008001968       0x14 zephyr/libzephyr.a(soc_config.c.obj)
 .text.stm32g4_init
                0x000000000800197c       0x68 zephyr/libzephyr.a(soc.c.obj)
 .text.activate_foreach_backend
                0x00000000080019e4       0x64 zephyr/libzephyr.a(log_core.c.obj)
 .text.enable_logger
                0x0000000008001a48       0x5c zephyr/libzephyr.a(log_core.c.obj)
 .text.log_process_thread_timer_expiry_fn
                0x0000000008001aa4        0xc zephyr/libzephyr.a(log_core.c.obj)
 .text.z_log_init
                0x0000000008001ab0       0x8c zephyr/libzephyr.a(log_core.c.obj)
 .text.log_format_func_t_get
                0x0000000008001b3c        0xc zephyr/libzephyr.a(log_core.c.obj)
                0x0000000008001b3c                log_format_func_t_get
 .text.log_set_timestamp_func
                0x0000000008001b48       0x20 zephyr/libzephyr.a(log_core.c.obj)
                0x0000000008001b48                log_set_timestamp_func
 .text.z_log_notify_backend_enabled
                0x0000000008001b68       0x1c zephyr/libzephyr.a(log_core.c.obj)
                0x0000000008001b68                z_log_notify_backend_enabled
 .text.z_log_dropped
                0x0000000008001b84       0x30 zephyr/libzephyr.a(log_core.c.obj)
                0x0000000008001b84                z_log_dropped
 .text.z_log_dropped_read_and_clear
                0x0000000008001bb4       0x20 zephyr/libzephyr.a(log_core.c.obj)
                0x0000000008001bb4                z_log_dropped_read_and_clear
 .text.dropped_notify
                0x0000000008001bd4       0x30 zephyr/libzephyr.a(log_core.c.obj)
                0x0000000008001bd4                dropped_notify
 .text.z_log_msg_init
                0x0000000008001c04       0x20 zephyr/libzephyr.a(log_core.c.obj)
                0x0000000008001c04                z_log_msg_init
 .text.log_core_init
                0x0000000008001c24       0x34 zephyr/libzephyr.a(log_core.c.obj)
                0x0000000008001c24                log_core_init
 .text.z_log_msg_alloc
                0x0000000008001c58       0x10 zephyr/libzephyr.a(log_core.c.obj)
                0x0000000008001c58                z_log_msg_alloc
 .text.z_log_msg_local_claim
                0x0000000008001c68        0xc zephyr/libzephyr.a(log_core.c.obj)
                0x0000000008001c68                z_log_msg_local_claim
 .text.z_log_msg_free
                0x0000000008001c74       0x10 zephyr/libzephyr.a(log_core.c.obj)
                0x0000000008001c74                z_log_msg_free
 .text.z_log_msg_pending
                0x0000000008001c84        0xc zephyr/libzephyr.a(log_core.c.obj)
                0x0000000008001c84                z_log_msg_pending
 .text.z_impl_log_process
                0x0000000008001c90       0xb0 zephyr/libzephyr.a(log_core.c.obj)
                0x0000000008001c90                z_impl_log_process
 .text.z_impl_log_panic
                0x0000000008001d40       0x44 zephyr/libzephyr.a(log_core.c.obj)
                0x0000000008001d40                z_impl_log_panic
 .text.log_process_thread_func
                0x0000000008001d84       0x9c zephyr/libzephyr.a(log_core.c.obj)
 .text.z_log_msg_post_finalize
                0x0000000008001e20       0x78 zephyr/libzephyr.a(log_core.c.obj)
 .text.z_log_msg_commit
                0x0000000008001e98       0x24 zephyr/libzephyr.a(log_core.c.obj)
                0x0000000008001e98                z_log_msg_commit
 .text.log_source_name_get
                0x0000000008001ebc       0x1c zephyr/libzephyr.a(log_mgmt.c.obj)
                0x0000000008001ebc                log_source_name_get
 .text.log_backend_enable
                0x0000000008001ed8       0x28 zephyr/libzephyr.a(log_mgmt.c.obj)
                0x0000000008001ed8                log_backend_enable
 .text.z_impl_z_log_msg_static_create
                0x0000000008001f00      0x108 zephyr/libzephyr.a(log_msg.c.obj)
                0x0000000008001f00                z_impl_z_log_msg_static_create
 .text.z_log_msg_runtime_vcreate
                0x0000000008002008       0xa0 zephyr/libzephyr.a(log_msg.c.obj)
                0x0000000008002008                z_log_msg_runtime_vcreate
 .text.log_msg_get_source_id
                0x00000000080020a8       0x18 zephyr/libzephyr.a(log_msg.c.obj)
                0x00000000080020a8                log_msg_get_source_id
 .text.print_formatted
                0x00000000080020c0       0x24 zephyr/libzephyr.a(log_output.c.obj)
 .text.newline_print
                0x00000000080020e4       0x1c zephyr/libzephyr.a(log_output.c.obj)
 .text.log_output_process
                0x0000000008002100      0x2dc zephyr/libzephyr.a(log_output.c.obj)
                0x0000000008002100                log_output_process
 .text.log_output_dropped_process
                0x00000000080023dc       0x58 zephyr/libzephyr.a(log_output.c.obj)
                0x00000000080023dc                log_output_dropped_process
 .text.log_output_timestamp_freq_set
                0x0000000008002434       0x2c zephyr/libzephyr.a(log_output.c.obj)
                0x0000000008002434                log_output_timestamp_freq_set
 .text.char_out
                0x0000000008002460       0x24 zephyr/libzephyr.a(log_backend_uart.c.obj)
 .text.mem_attr_get_regions
                0x0000000008002484        0xc zephyr/libzephyr.a(mem_attr.c.obj)
                0x0000000008002484                mem_attr_get_regions
 .text.z_arm_fatal_error
                0x0000000008002490       0xb8 zephyr/arch/arch/arm/core/libarch__arm__core.a(fatal.c.obj)
                0x0000000008002490                z_arm_fatal_error
 .text.z_arm_nmi
                0x0000000008002548       0x14 zephyr/arch/arch/arm/core/libarch__arm__core.a(nmi.c.obj)
                0x0000000008002548                z_arm_nmi
 .text.z_SysNmiOnReset
                0x000000000800255c        0x8 zephyr/arch/arch/arm/core/libarch__arm__core.a(nmi_on_reset.S.obj)
                0x000000000800255c                z_SysNmiOnReset
 .text._HandlerModeExit
                0x0000000008002564       0x28 zephyr/arch/arch/arm/core/cortex_m/libarch__arm__core__cortex_m.a(exc_exit.c.obj)
                0x0000000008002564                z_arm_exc_exit
                0x0000000008002564                z_arm_int_exit
 .text.bus_fault.constprop.0
                0x000000000800258c       0xd0 zephyr/arch/arch/arm/core/cortex_m/libarch__arm__core__cortex_m.a(fault.c.obj)
 .text.usage_fault.constprop.0
                0x000000000800265c       0xa8 zephyr/arch/arch/arm/core/cortex_m/libarch__arm__core__cortex_m.a(fault.c.obj)
 .text.mem_manage_fault
                0x0000000008002704      0x104 zephyr/arch/arch/arm/core/cortex_m/libarch__arm__core__cortex_m.a(fault.c.obj)
 .text.z_arm_fault
                0x0000000008002808      0x1d4 zephyr/arch/arch/arm/core/cortex_m/libarch__arm__core__cortex_m.a(fault.c.obj)
                0x0000000008002808                z_arm_fault
 .text.z_arm_fault_init
                0x00000000080029dc       0x10 zephyr/arch/arch/arm/core/cortex_m/libarch__arm__core__cortex_m.a(fault.c.obj)
                0x00000000080029dc                z_arm_fault_init
 .text.__fault  0x00000000080029ec       0x14 zephyr/arch/arch/arm/core/cortex_m/libarch__arm__core__cortex_m.a(fault_s.S.obj)
                0x00000000080029ec                z_arm_bus_fault
                0x00000000080029ec                z_arm_usage_fault
                0x00000000080029ec                z_arm_mpu_fault
                0x00000000080029ec                z_arm_exc_spurious
                0x00000000080029ec                z_arm_debug_monitor
                0x00000000080029ec                z_arm_hard_fault
 .text._reset_section
                0x0000000008002a00       0x2c zephyr/arch/arch/arm/core/cortex_m/libarch__arm__core__cortex_m.a(reset.S.obj)
                0x0000000008002a00                z_arm_reset
                0x0000000008002a00                __start
 .text.z_impl_k_thread_abort
                0x0000000008002a2c       0x2c zephyr/arch/arch/arm/core/cortex_m/libarch__arm__core__cortex_m.a(thread_abort.c.obj)
                0x0000000008002a2c                z_impl_k_thread_abort
 .text.arch_swap
                0x0000000008002a58       0x30 zephyr/arch/arch/arm/core/cortex_m/libarch__arm__core__cortex_m.a(swap.c.obj)
                0x0000000008002a58                arch_swap
 .text.z_arm_pendsv_c
                0x0000000008002a88       0x40 zephyr/arch/arch/arm/core/cortex_m/libarch__arm__core__cortex_m.a(swap.c.obj)
                0x0000000008002a88                z_arm_pendsv_c
 .text.z_arm_pendsv
                0x0000000008002ac8       0x34 zephyr/arch/arch/arm/core/cortex_m/libarch__arm__core__cortex_m.a(swap_helper.S.obj)
                0x0000000008002ac8                z_arm_pendsv
 .text.z_arm_svc
                0x0000000008002afc       0x20 zephyr/arch/arch/arm/core/cortex_m/libarch__arm__core__cortex_m.a(swap_helper.S.obj)
                0x0000000008002afc                z_arm_svc
 .text.arch_irq_enable
                0x0000000008002b1c       0x1c zephyr/arch/arch/arm/core/cortex_m/libarch__arm__core__cortex_m.a(irq_manage.c.obj)
                0x0000000008002b1c                arch_irq_enable
 .text.z_arm_irq_priority_set
                0x0000000008002b38       0x30 zephyr/arch/arch/arm/core/cortex_m/libarch__arm__core__cortex_m.a(irq_manage.c.obj)
                0x0000000008002b38                z_arm_irq_priority_set
 .text.z_prep_c
                0x0000000008002b68       0x48 zephyr/arch/arch/arm/core/cortex_m/libarch__arm__core__cortex_m.a(prep_c.c.obj)
                0x0000000008002b68                z_prep_c
 .text.arch_new_thread
                0x0000000008002bb0       0x38 zephyr/arch/arch/arm/core/cortex_m/libarch__arm__core__cortex_m.a(thread.c.obj)
                0x0000000008002bb0                arch_new_thread
 .text.z_check_thread_stack_fail
                0x0000000008002be8       0x2c zephyr/arch/arch/arm/core/cortex_m/libarch__arm__core__cortex_m.a(thread.c.obj)
                0x0000000008002be8                z_check_thread_stack_fail
 .text.arch_switch_to_main_thread
                0x0000000008002c14       0x3c zephyr/arch/arch/arm/core/cortex_m/libarch__arm__core__cortex_m.a(thread.c.obj)
                0x0000000008002c14                arch_switch_to_main_thread
 .text.z_arm_cpu_idle_init
                0x0000000008002c50        0xc zephyr/arch/arch/arm/core/cortex_m/libarch__arm__core__cortex_m.a(cpu_idle.c.obj)
                0x0000000008002c50                z_arm_cpu_idle_init
 .text.z_arm_interrupt_init
                0x0000000008002c5c       0x18 zephyr/arch/arch/arm/core/cortex_m/libarch__arm__core__cortex_m.a(irq_init.c.obj)
                0x0000000008002c5c                z_arm_interrupt_init
 .text._isr_wrapper
                0x0000000008002c74       0x24 zephyr/arch/arch/arm/core/cortex_m/libarch__arm__core__cortex_m.a(isr_wrapper.c.obj)
                0x0000000008002c74                _isr_wrapper
 .text.z_arm_configure_static_mpu_regions
                0x0000000008002c98       0x18 zephyr/arch/arch/arm/core/mpu/libarch__arm__core__mpu.a(arm_core_mpu.c.obj)
                0x0000000008002c98                z_arm_configure_static_mpu_regions
 .text.z_arm_configure_dynamic_mpu_regions
                0x0000000008002cb0       0x20 zephyr/arch/arch/arm/core/mpu/libarch__arm__core__mpu.a(arm_core_mpu.c.obj)
                0x0000000008002cb0                z_arm_configure_dynamic_mpu_regions
 .text.region_allocate_and_init
                0x0000000008002cd0       0x54 zephyr/arch/arch/arm/core/mpu/libarch__arm__core__mpu.a(arm_mpu.c.obj)
 .text.mpu_configure_regions
                0x0000000008002d24       0x68 zephyr/arch/arch/arm/core/mpu/libarch__arm__core__mpu.a(arm_mpu.c.obj)
 .text.arm_core_mpu_enable
                0x0000000008002d8c       0x18 zephyr/arch/arch/arm/core/mpu/libarch__arm__core__mpu.a(arm_mpu.c.obj)
                0x0000000008002d8c                arm_core_mpu_enable
 .text.arm_core_mpu_disable
                0x0000000008002da4       0x14 zephyr/arch/arch/arm/core/mpu/libarch__arm__core__mpu.a(arm_mpu.c.obj)
                0x0000000008002da4                arm_core_mpu_disable
 .text.arm_core_mpu_configure_static_mpu_regions
                0x0000000008002db8       0x14 zephyr/arch/arch/arm/core/mpu/libarch__arm__core__mpu.a(arm_mpu.c.obj)
                0x0000000008002db8                arm_core_mpu_configure_static_mpu_regions
 .text.arm_core_mpu_configure_dynamic_mpu_regions
                0x0000000008002dcc       0x38 zephyr/arch/arch/arm/core/mpu/libarch__arm__core__mpu.a(arm_mpu.c.obj)
                0x0000000008002dcc                arm_core_mpu_configure_dynamic_mpu_regions
 .text.z_arm_mpu_init
                0x0000000008002e04      0x17c zephyr/arch/arch/arm/core/mpu/libarch__arm__core__mpu.a(arm_mpu.c.obj)
                0x0000000008002e04                z_arm_mpu_init
 .text.__stdout_hook_install
                0x0000000008002f80        0xc zephyr/lib/libc/newlib/liblib__libc__newlib.a(libc-hooks.c.obj)
                0x0000000008002f80                __stdout_hook_install
 .text.stm32_exti_isr
                0x0000000008002f8c       0x4c zephyr/drivers/interrupt_controller/libdrivers__interrupt_controller.a(intc_exti_stm32.c.obj)
 .text.stm32_fill_irq_table
                0x0000000008002fd8       0x18 zephyr/drivers/interrupt_controller/libdrivers__interrupt_controller.a(intc_exti_stm32.c.obj)
 .text.stm32_exti_enable
                0x0000000008002ff0       0x24 zephyr/drivers/interrupt_controller/libdrivers__interrupt_controller.a(intc_exti_stm32.c.obj)
                0x0000000008002ff0                stm32_exti_enable
 .text.stm32_exti_disable
                0x0000000008003014       0x18 zephyr/drivers/interrupt_controller/libdrivers__interrupt_controller.a(intc_exti_stm32.c.obj)
                0x0000000008003014                stm32_exti_disable
 .text.stm32_exti_trigger
                0x000000000800302c       0x60 zephyr/drivers/interrupt_controller/libdrivers__interrupt_controller.a(intc_exti_stm32.c.obj)
                0x000000000800302c                stm32_exti_trigger
 .text.stm32_exti_set_callback
                0x000000000800308c       0x30 zephyr/drivers/interrupt_controller/libdrivers__interrupt_controller.a(intc_exti_stm32.c.obj)
                0x000000000800308c                stm32_exti_set_callback
 .text.stm32_exti_unset_callback
                0x00000000080030bc       0x14 zephyr/drivers/interrupt_controller/libdrivers__interrupt_controller.a(intc_exti_stm32.c.obj)
                0x00000000080030bc                stm32_exti_unset_callback
 .text.stm32_clock_control_get_subsys_rate
                0x00000000080030d0       0x94 zephyr/drivers/clock_control/libdrivers__clock_control.a(clock_stm32_ll_common.c.obj)
 .text.stm32_clock_control_init
                0x0000000008003164      0x144 zephyr/drivers/clock_control/libdrivers__clock_control.a(clock_stm32_ll_common.c.obj)
                0x0000000008003164                stm32_clock_control_init
 .text.get_pllsrc_frequency
                0x00000000080032a8        0x8 zephyr/drivers/clock_control/libdrivers__clock_control.a(clock_stm32g4.c.obj)
                0x00000000080032a8                get_pllsrc_frequency
 .text.config_pll_sysclock
                0x00000000080032b0       0x34 zephyr/drivers/clock_control/libdrivers__clock_control.a(clock_stm32g4.c.obj)
                0x00000000080032b0                config_pll_sysclock
 .text.config_enable_default_clocks
                0x00000000080032e4       0x20 zephyr/drivers/clock_control/libdrivers__clock_control.a(clock_stm32g4.c.obj)
                0x00000000080032e4                config_enable_default_clocks
 .text.uart_console_init
                0x0000000008003304       0x28 zephyr/drivers/console/libdrivers__console.a(uart_console.c.obj)
 .text.console_out
                0x000000000800332c       0x28 zephyr/drivers/console/libdrivers__console.a(uart_console.c.obj)
 .text.gpio_stm32_init
                0x0000000008003354       0x30 zephyr/drivers/gpio/libdrivers__gpio.a(gpio_stm32.c.obj)
 .text.gpio_stm32_pin_interrupt_configure
                0x0000000008003384      0x118 zephyr/drivers/gpio/libdrivers__gpio.a(gpio_stm32.c.obj)
 .text.pinctrl_configure_pins
                0x000000000800349c       0x84 zephyr/drivers/pinctrl/libdrivers__pinctrl.a(pinctrl_stm32.c.obj)
                0x000000000800349c                pinctrl_configure_pins
 .text.LL_TIM_OC_GetPolarity
                0x0000000008003520       0x70 zephyr/drivers/pwm/libdrivers__pwm.a(pwm_stm32.c.obj)
 .text.pwm_stm32_set_cycles
                0x0000000008003590      0x27c zephyr/drivers/pwm/libdrivers__pwm.a(pwm_stm32.c.obj)
 .text.pwm_stm32_init
                0x000000000800380c      0x138 zephyr/drivers/pwm/libdrivers__pwm.a(pwm_stm32.c.obj)
 .text.uart_stm32_cfg2ll_stopbits
                0x0000000008003944       0x38 zephyr/drivers/serial/libdrivers__serial.a(uart_stm32.c.obj)
 .text.lpuartdiv_calc
                0x000000000800397c       0x30 zephyr/drivers/serial/libdrivers__serial.a(uart_stm32.c.obj)
                0x000000000800397c                lpuartdiv_calc
 .text.uart_stm32_set_baudrate
                0x00000000080039ac      0x108 zephyr/drivers/serial/libdrivers__serial.a(uart_stm32.c.obj)
 .text.uart_stm32_configure
                0x0000000008003ab4      0x100 zephyr/drivers/serial/libdrivers__serial.a(uart_stm32.c.obj)
 .text.uart_stm32_init
                0x0000000008003bb4      0x1bc zephyr/drivers/serial/libdrivers__serial.a(uart_stm32.c.obj)
 .text.elapsed  0x0000000008003d70       0x4c zephyr/drivers/timer/libdrivers__timer.a(cortex_m_systick.c.obj)
 .text.sys_clock_driver_init
                0x0000000008003dbc       0x38 zephyr/drivers/timer/libdrivers__timer.a(cortex_m_systick.c.obj)
 .text.sys_clock_isr
                0x0000000008003df4       0x54 zephyr/drivers/timer/libdrivers__timer.a(cortex_m_systick.c.obj)
                0x0000000008003df4                sys_clock_isr
 .text.sys_clock_set_timeout
                0x0000000008003e48       0xf8 zephyr/drivers/timer/libdrivers__timer.a(cortex_m_systick.c.obj)
                0x0000000008003e48                sys_clock_set_timeout
 .text.sys_clock_elapsed
                0x0000000008003f40       0x3c zephyr/drivers/timer/libdrivers__timer.a(cortex_m_systick.c.obj)
                0x0000000008003f40                sys_clock_elapsed
 .text.HAL_RCC_GetSysClockFreq
                0x0000000008003f7c       0x6c modules/stm32/stm32cube/lib..__modules__hal__stm32__stm32cube.a(stm32g4xx_hal_rcc.c.obj)
                0x0000000008003f7c                HAL_RCC_GetSysClockFreq
 .text.LL_TIM_Init
                0x0000000008003fe8       0xb8 modules/stm32/stm32cube/lib..__modules__hal__stm32__stm32cube.a(stm32g4xx_ll_tim.c.obj)
                0x0000000008003fe8                LL_TIM_Init
 .text.LL_TIM_OC_Init
                0x00000000080040a0      0x358 modules/stm32/stm32cube/lib..__modules__hal__stm32__stm32cube.a(stm32g4xx_ll_tim.c.obj)
                0x00000000080040a0                LL_TIM_OC_Init
 .text.LL_SetFlashLatency
                0x00000000080043f8       0xdc modules/stm32/stm32cube/lib..__modules__hal__stm32__stm32cube.a(stm32g4xx_ll_utils.c.obj)
                0x00000000080043f8                LL_SetFlashLatency
 .text.k_sys_fatal_error_handler
                0x00000000080044d4       0x20 zephyr/kernel/libkernel.a(fatal.c.obj)
                0x00000000080044d4                k_sys_fatal_error_handler
 .text.z_fatal_error
                0x00000000080044f4       0xe8 zephyr/kernel/libkernel.a(fatal.c.obj)
                0x00000000080044f4                z_fatal_error
 .text.z_sys_init_run_level
                0x00000000080045dc       0x2c zephyr/kernel/libkernel.a(init.c.obj)
 .text.bg_thread_main
                0x0000000008004608       0xc4 zephyr/kernel/libkernel.a(init.c.obj)
 .text.z_bss_zero
                0x00000000080046cc       0x18 zephyr/kernel/libkernel.a(init.c.obj)
                0x00000000080046cc                z_bss_zero
 .text.z_init_cpu
                0x00000000080046e4       0x70 zephyr/kernel/libkernel.a(init.c.obj)
                0x00000000080046e4                z_init_cpu
 .text.z_cstart
                0x0000000008004754       0xdc zephyr/kernel/libkernel.a(init.c.obj)
                0x0000000008004754                z_cstart
 .text.__do_global_ctors_aux
                0x0000000008004830       0x1c zephyr/kernel/libkernel.a(init_static.c.obj)
                0x0000000008004830                __do_global_ctors_aux
 .text.__do_init_array_aux
                0x000000000800484c       0x1c zephyr/kernel/libkernel.a(init_static.c.obj)
                0x000000000800484c                __do_init_array_aux
 .text.z_impl_k_sem_give
                0x0000000008004868       0x48 zephyr/kernel/libkernel.a(sem.c.obj)
                0x0000000008004868                z_impl_k_sem_give
 .text.z_impl_k_sem_take
                0x00000000080048b0       0x4c zephyr/kernel/libkernel.a(sem.c.obj)
                0x00000000080048b0                z_impl_k_sem_take
 .text.z_setup_new_thread
                0x00000000080048fc       0x7c zephyr/kernel/libkernel.a(thread.c.obj)
                0x00000000080048fc                z_setup_new_thread
 .text.z_impl_k_thread_create
                0x0000000008004978       0x58 zephyr/kernel/libkernel.a(thread.c.obj)
                0x0000000008004978                z_impl_k_thread_create
 .text.update_cache
                0x00000000080049d0       0x3c zephyr/kernel/libkernel.a(sched.c.obj)
 .text.unready_thread
                0x0000000008004a0c       0x30 zephyr/kernel/libkernel.a(sched.c.obj)
 .text.ready_thread
                0x0000000008004a3c       0x68 zephyr/kernel/libkernel.a(sched.c.obj)
 .text.z_thread_halt
                0x0000000008004aa4       0xdc zephyr/kernel/libkernel.a(sched.c.obj)
 .text.move_thread_to_end_of_prio_q
                0x0000000008004b80       0x74 zephyr/kernel/libkernel.a(sched.c.obj)
                0x0000000008004b80                move_thread_to_end_of_prio_q
 .text.z_pend_curr
                0x0000000008004bf4       0x58 zephyr/kernel/libkernel.a(sched.c.obj)
                0x0000000008004bf4                z_pend_curr
 .text.z_reschedule
                0x0000000008004c4c       0x24 zephyr/kernel/libkernel.a(sched.c.obj)
                0x0000000008004c4c                z_reschedule
 .text.z_sched_start
                0x0000000008004c70       0x3c zephyr/kernel/libkernel.a(sched.c.obj)
                0x0000000008004c70                z_sched_start
 .text.z_reschedule_irqlock
                0x0000000008004cac       0x28 zephyr/kernel/libkernel.a(sched.c.obj)
                0x0000000008004cac                z_reschedule_irqlock
 .text.k_sched_lock
                0x0000000008004cd4       0x28 zephyr/kernel/libkernel.a(sched.c.obj)
                0x0000000008004cd4                k_sched_lock
 .text.k_sched_unlock
                0x0000000008004cfc       0x40 zephyr/kernel/libkernel.a(sched.c.obj)
                0x0000000008004cfc                k_sched_unlock
 .text.z_sched_init
                0x0000000008004d3c       0x10 zephyr/kernel/libkernel.a(sched.c.obj)
                0x0000000008004d3c                z_sched_init
 .text.z_impl_k_yield
                0x0000000008004d4c       0x7c zephyr/kernel/libkernel.a(sched.c.obj)
                0x0000000008004d4c                z_impl_k_yield
 .text.z_tick_sleep
                0x0000000008004dc8       0x88 zephyr/kernel/libkernel.a(sched.c.obj)
 .text.z_impl_k_sleep
                0x0000000008004e50       0x3c zephyr/kernel/libkernel.a(sched.c.obj)
                0x0000000008004e50                z_impl_k_sleep
 .text.z_impl_k_sched_current_thread_query
                0x0000000008004e8c        0xc zephyr/kernel/libkernel.a(sched.c.obj)
                0x0000000008004e8c                z_impl_k_sched_current_thread_query
 .text.slice_timeout
                0x0000000008004e98       0x20 zephyr/kernel/libkernel.a(timeslicing.c.obj)
 .text.thread_is_sliceable
                0x0000000008004eb8       0x3c zephyr/kernel/libkernel.a(timeslicing.c.obj)
                0x0000000008004eb8                thread_is_sliceable
 .text.z_reset_time_slice
                0x0000000008004ef4       0x50 zephyr/kernel/libkernel.a(timeslicing.c.obj)
                0x0000000008004ef4                z_reset_time_slice
 .text.z_time_slice
                0x0000000008004f44       0x60 zephyr/kernel/libkernel.a(timeslicing.c.obj)
                0x0000000008004f44                z_time_slice
 .text.z_data_copy
                0x0000000008004fa4       0x34 zephyr/kernel/libkernel.a(xip.c.obj)
                0x0000000008004fa4                z_data_copy
 .text.elapsed  0x0000000008004fd8       0x14 zephyr/kernel/libkernel.a(timeout.c.obj)
 .text.remove_timeout
                0x0000000008004fec       0x38 zephyr/kernel/libkernel.a(timeout.c.obj)
 .text.next_timeout
                0x0000000008005024       0x40 zephyr/kernel/libkernel.a(timeout.c.obj)
 .text.z_add_timeout
                0x0000000008005064       0xf4 zephyr/kernel/libkernel.a(timeout.c.obj)
                0x0000000008005064                z_add_timeout
 .text.sys_clock_announce
                0x0000000008005158       0xd0 zephyr/kernel/libkernel.a(timeout.c.obj)
                0x0000000008005158                sys_clock_announce
 .text.sys_clock_tick_get
                0x0000000008005228       0x30 zephyr/kernel/libkernel.a(timeout.c.obj)
                0x0000000008005228                sys_clock_tick_get
 .text.z_timer_expiration_handler
                0x0000000008005258       0xe0 zephyr/kernel/libkernel.a(timer.c.obj)
                0x0000000008005258                z_timer_expiration_handler
 .text.z_impl_k_timer_start
                0x0000000008005338       0x74 zephyr/kernel/libkernel.a(timer.c.obj)
                0x0000000008005338                z_impl_k_timer_start
 .text.boot_banner
                0x00000000080053ac        0xc zephyr/kernel/libkernel.a(banner.c.obj)
                0x00000000080053ac                boot_banner
 .text.memset   0x00000000080053b8       0xa4 /home/babu-inc-5831/zephyr-sdk-0.16.8/arm-zephyr-eabi/arm-zephyr-eabi/lib/thumb/v7e-m/nofp/libc.a(lib_a-memset.o)
                0x00000000080053b8                memset
 .text.strnlen  0x000000000800545c       0x24 /home/babu-inc-5831/zephyr-sdk-0.16.8/arm-zephyr-eabi/arm-zephyr-eabi/lib/thumb/v7e-m/nofp/libc.a(lib_a-strnlen.o)
                0x000000000800545c                strnlen
 .text._OffsetAbsSyms
                0x0000000008005480        0x2 zephyr/CMakeFiles/offsets.dir/./arch/arm/core/offsets/offsets.c.obj
                0x0000000008005480                _OffsetAbsSyms
 .text._ZL15z_cbprintf_wcpyPiS_j
                0x0000000008005482        0xe app/libapp.a(main.cpp.obj)
 .text._Z24z_cbprintf_cxx_store_argIjEvPhT_
                0x0000000008005490       0x12 app/libapp.a(main.cpp.obj)
 .text.gpio_pin_configure_dt.constprop.0
                0x00000000080054a2       0x34 app/libapp.a(main.cpp.obj)
 .text.k_msleep.isra.0
                0x00000000080054d6        0xa app/libapp.a(main.cpp.obj)
 .text.cbpprintf_external
                0x00000000080054e0       0x62 zephyr/libzephyr.a(cbprintf_packaged.c.obj)
                0x00000000080054e0                cbpprintf_external
 .text.is_ptr   0x0000000008005542       0x4a zephyr/libzephyr.a(cbprintf_packaged.c.obj)
                0x0000000008005542                is_ptr
 .text.arch_printk_char_out
                0x000000000800558c        0x4 zephyr/libzephyr.a(printk.c.obj)
                0x000000000800558c                arch_printk_char_out
 .text.str_out  0x0000000008005590       0x24 zephyr/libzephyr.a(printk.c.obj)
 .text.printk   0x00000000080055b4       0x1a zephyr/libzephyr.a(printk.c.obj)
                0x00000000080055b4                printk
 .text.snprintk
                0x00000000080055ce       0x1a zephyr/libzephyr.a(printk.c.obj)
                0x00000000080055ce                snprintk
 .text.z_thread_entry
                0x00000000080055e8       0x14 zephyr/libzephyr.a(thread_entry.c.obj)
                0x00000000080055e8                z_thread_entry
 .text.outs     0x00000000080055fc       0x2e zephyr/libzephyr.a(cbprintf_complete.c.obj)
 .text.free_space
                0x000000000800562a       0x26 zephyr/libzephyr.a(mpsc_pbuf.c.obj)
 .text.get_usage
                0x0000000008005650       0x22 zephyr/libzephyr.a(mpsc_pbuf.c.obj)
 .text.idx_inc  0x0000000008005672       0x1c zephyr/libzephyr.a(mpsc_pbuf.c.obj)
 .text.rd_idx_inc
                0x000000000800568e       0x18 zephyr/libzephyr.a(mpsc_pbuf.c.obj)
 .text.add_skip_item
                0x00000000080056a6       0x3a zephyr/libzephyr.a(mpsc_pbuf.c.obj)
 .text.drop_item_locked
                0x00000000080056e0       0xee zephyr/libzephyr.a(mpsc_pbuf.c.obj)
 .text.post_drop_action
                0x00000000080057ce       0x36 zephyr/libzephyr.a(mpsc_pbuf.c.obj)
 .text.max_utilization_update
                0x0000000008005804       0x1a zephyr/libzephyr.a(mpsc_pbuf.c.obj)
 .text.mpsc_pbuf_init
                0x000000000800581e       0x42 zephyr/libzephyr.a(mpsc_pbuf.c.obj)
                0x000000000800581e                mpsc_pbuf_init
 .text.mpsc_pbuf_alloc
                0x0000000008005860       0xf8 zephyr/libzephyr.a(mpsc_pbuf.c.obj)
                0x0000000008005860                mpsc_pbuf_alloc
 .text.mpsc_pbuf_commit
                0x0000000008005958       0x3e zephyr/libzephyr.a(mpsc_pbuf.c.obj)
                0x0000000008005958                mpsc_pbuf_commit
 .text.mpsc_pbuf_claim
                0x0000000008005996       0xa8 zephyr/libzephyr.a(mpsc_pbuf.c.obj)
                0x0000000008005996                mpsc_pbuf_claim
 .text.mpsc_pbuf_free
                0x0000000008005a3e       0x76 zephyr/libzephyr.a(mpsc_pbuf.c.obj)
                0x0000000008005a3e                mpsc_pbuf_free
 .text.mpsc_pbuf_is_pending
                0x0000000008005ab4       0x1a zephyr/libzephyr.a(mpsc_pbuf.c.obj)
                0x0000000008005ab4                mpsc_pbuf_is_pending
 .text._ConfigAbsSyms
                0x0000000008005ace        0x2 zephyr/libzephyr.a(configs.c.obj)
                0x0000000008005ace                _ConfigAbsSyms
 .text.log_msg_generic_get_wlen
                0x0000000008005ad0       0x20 zephyr/libzephyr.a(log_core.c.obj)
 .text.dummy_timestamp
                0x0000000008005af0        0x4 zephyr/libzephyr.a(log_core.c.obj)
 .text.atomic_inc
                0x0000000008005af4       0x1a zephyr/libzephyr.a(log_core.c.obj)
 .text.default_lf_get_timestamp
                0x0000000008005b0e       0x10 zephyr/libzephyr.a(log_core.c.obj)
 .text.z_log_vprintk
                0x0000000008005b1e       0x1c zephyr/libzephyr.a(log_core.c.obj)
                0x0000000008005b1e                z_log_vprintk
 .text.z_log_notify_drop
                0x0000000008005b3a        0x6 zephyr/libzephyr.a(log_core.c.obj)
 .text.z_log_get_tag
                0x0000000008005b40        0x4 zephyr/libzephyr.a(log_core.c.obj)
                0x0000000008005b40                z_log_get_tag
 .text.z_cbprintf_cpy
                0x0000000008005b44       0x2c zephyr/libzephyr.a(log_msg.c.obj)
 .text.z_log_msg_finalize
                0x0000000008005b70       0x32 zephyr/libzephyr.a(log_msg.c.obj)
                0x0000000008005b70                z_log_msg_finalize
 .text.z_log_msg_simple_create
                0x0000000008005ba2       0x6e zephyr/libzephyr.a(log_msg.c.obj)
 .text.z_impl_z_log_msg_simple_create_0
                0x0000000008005c10       0x12 zephyr/libzephyr.a(log_msg.c.obj)
                0x0000000008005c10                z_impl_z_log_msg_simple_create_0
 .text.z_impl_z_log_msg_simple_create_1
                0x0000000008005c22       0x14 zephyr/libzephyr.a(log_msg.c.obj)
                0x0000000008005c22                z_impl_z_log_msg_simple_create_1
 .text.buffer_write
                0x0000000008005c36       0x1c zephyr/libzephyr.a(log_output.c.obj)
 .text.cbvprintf
                0x0000000008005c52        0xe zephyr/libzephyr.a(log_output.c.obj)
 .text.log_output_flush
                0x0000000008005c60       0x1a zephyr/libzephyr.a(log_output.c.obj)
                0x0000000008005c60                log_output_flush
 .text.out_func
                0x0000000008005c7a       0x36 zephyr/libzephyr.a(log_output.c.obj)
 .text.cr_out_func
                0x0000000008005cb0       0x1c zephyr/libzephyr.a(log_output.c.obj)
 .text.log_output_msg_process
                0x0000000008005ccc       0x6a zephyr/libzephyr.a(log_output.c.obj)
                0x0000000008005ccc                log_output_msg_process
 .text.format_set
                0x0000000008005d36        0xc zephyr/libzephyr.a(log_backend_uart.c.obj)
 .text.log_backend_uart_init
                0x0000000008005d42        0xc zephyr/libzephyr.a(log_backend_uart.c.obj)
 .text.panic    0x0000000008005d4e       0x10 zephyr/libzephyr.a(log_backend_uart.c.obj)
 .text.dropped  0x0000000008005d5e        0xa zephyr/libzephyr.a(log_backend_uart.c.obj)
 .text.process  0x0000000008005d68       0x1e zephyr/libzephyr.a(log_backend_uart.c.obj)
 .text.z_do_kernel_oops
                0x0000000008005d86        0x8 zephyr/arch/arch/arm/core/libarch__arm__core.a(fatal.c.obj)
                0x0000000008005d86                z_do_kernel_oops
 .text.z_log_msg_simple_create_0.constprop.0
                0x0000000008005d8e        0x8 zephyr/arch/arch/arm/core/cortex_m/libarch__arm__core__cortex_m.a(fault.c.obj)
 .text.z_irq_spurious
                0x0000000008005d96        0x8 zephyr/arch/arch/arm/core/cortex_m/libarch__arm__core__cortex_m.a(irq_manage.c.obj)
                0x0000000008005d96                z_irq_spurious
 .text.arch_irq_unlock_outlined
                0x0000000008005d9e        0xe zephyr/arch/arch/arm/core/cortex_m/libarch__arm__core__cortex_m.a(thread.c.obj)
                0x0000000008005d9e                arch_irq_unlock_outlined
 .text.arch_cpu_idle
                0x0000000008005dac       0x1a zephyr/arch/arch/arm/core/cortex_m/libarch__arm__core__cortex_m.a(cpu_idle.c.obj)
                0x0000000008005dac                arch_cpu_idle
 .text.size_to_mpu_rasr_size
                0x0000000008005dc6       0x20 zephyr/arch/arch/arm/core/mpu/libarch__arm__core__mpu.a(arm_mpu.c.obj)
 .text._stdout_hook_default
                0x0000000008005de6        0x6 zephyr/lib/libc/newlib/liblib__libc__newlib.a(libc-hooks.c.obj)
 .text.malloc_prepare
                0x0000000008005dec        0x4 zephyr/lib/libc/newlib/liblib__libc__newlib.a(libc-hooks.c.obj)
 .text.stm32_exti_init
                0x0000000008005df0       0x92 zephyr/drivers/interrupt_controller/libdrivers__interrupt_controller.a(intc_exti_stm32.c.obj)
 .text.enabled_clock
                0x0000000008005e82       0x1e zephyr/drivers/clock_control/libdrivers__clock_control.a(clock_stm32_ll_common.c.obj)
 .text.stm32_clock_control_on
                0x0000000008005ea0       0x38 zephyr/drivers/clock_control/libdrivers__clock_control.a(clock_stm32_ll_common.c.obj)
 .text.stm32_clock_control_off
                0x0000000008005ed8       0x24 zephyr/drivers/clock_control/libdrivers__clock_control.a(clock_stm32_ll_common.c.obj)
 .text.stm32_clock_control_configure
                0x0000000008005efc       0x50 zephyr/drivers/clock_control/libdrivers__clock_control.a(clock_stm32_ll_common.c.obj)
 .text.stm32_clock_control_get_status
                0x0000000008005f4c       0x30 zephyr/drivers/clock_control/libdrivers__clock_control.a(clock_stm32_ll_common.c.obj)
 .text.config_regulator_voltage
                0x0000000008005f7c        0x2 zephyr/drivers/clock_control/libdrivers__clock_control.a(clock_stm32_ll_common.c.obj)
                0x0000000008005f7c                config_regulator_voltage
 .text.gpio_stm32_port_get_raw
                0x0000000008005f7e        0xc zephyr/drivers/gpio/libdrivers__gpio.a(gpio_stm32.c.obj)
 .text.gpio_stm32_port_set_masked_raw
                0x0000000008005f8a       0x12 zephyr/drivers/gpio/libdrivers__gpio.a(gpio_stm32.c.obj)
 .text.gpio_stm32_port_set_bits_raw
                0x0000000008005f9c        0xa zephyr/drivers/gpio/libdrivers__gpio.a(gpio_stm32.c.obj)
 .text.gpio_stm32_port_clear_bits_raw
                0x0000000008005fa6        0xa zephyr/drivers/gpio/libdrivers__gpio.a(gpio_stm32.c.obj)
 .text.gpio_stm32_port_toggle_bits
                0x0000000008005fb0        0xe zephyr/drivers/gpio/libdrivers__gpio.a(gpio_stm32.c.obj)
 .text.gpio_stm32_manage_callback
                0x0000000008005fbe       0x52 zephyr/drivers/gpio/libdrivers__gpio.a(gpio_stm32.c.obj)
 .text.gpio_stm32_configure_raw.isra.0
                0x0000000008006010      0x106 zephyr/drivers/gpio/libdrivers__gpio.a(gpio_stm32.c.obj)
 .text.gpio_stm32_config
                0x0000000008006116       0x72 zephyr/drivers/gpio/libdrivers__gpio.a(gpio_stm32.c.obj)
 .text.gpio_stm32_isr
                0x0000000008006188       0x2e zephyr/drivers/gpio/libdrivers__gpio.a(gpio_stm32.c.obj)
 .text.gpio_stm32_configure
                0x00000000080061b6       0x2a zephyr/drivers/gpio/libdrivers__gpio.a(gpio_stm32.c.obj)
                0x00000000080061b6                gpio_stm32_configure
 .text.pinctrl_lookup_state
                0x00000000080061e0       0x26 zephyr/drivers/pinctrl/libdrivers__pinctrl.a(common.c.obj)
                0x00000000080061e0                pinctrl_lookup_state
 .text.LL_TIM_OC_SetCompareCH1
                0x0000000008006206        0x4 zephyr/drivers/pwm/libdrivers__pwm.a(pwm_stm32.c.obj)
 .text.LL_TIM_OC_SetCompareCH2
                0x000000000800620a        0x4 zephyr/drivers/pwm/libdrivers__pwm.a(pwm_stm32.c.obj)
 .text.LL_TIM_OC_SetCompareCH3
                0x000000000800620e        0x4 zephyr/drivers/pwm/libdrivers__pwm.a(pwm_stm32.c.obj)
 .text.LL_TIM_OC_SetCompareCH4
                0x0000000008006212        0x4 zephyr/drivers/pwm/libdrivers__pwm.a(pwm_stm32.c.obj)
 .text.LL_TIM_OC_SetCompareCH5
                0x0000000008006216        0x6 zephyr/drivers/pwm/libdrivers__pwm.a(pwm_stm32.c.obj)
 .text.LL_TIM_OC_SetCompareCH6
                0x000000000800621c        0x4 zephyr/drivers/pwm/libdrivers__pwm.a(pwm_stm32.c.obj)
 .text.pwm_stm32_get_cycles_per_sec
                0x0000000008006220       0x16 zephyr/drivers/pwm/libdrivers__pwm.a(pwm_stm32.c.obj)
 .text.reset_stm32_status
                0x0000000008006236       0x20 zephyr/drivers/reset/libdrivers__reset.a(reset_stm32.c.obj)
 .text.reset_stm32_line_assert
                0x0000000008006256       0x1c zephyr/drivers/reset/libdrivers__reset.a(reset_stm32.c.obj)
 .text.reset_stm32_line_deassert
                0x0000000008006272       0x1e zephyr/drivers/reset/libdrivers__reset.a(reset_stm32.c.obj)
 .text.reset_stm32_line_toggle
                0x0000000008006290       0x16 zephyr/drivers/reset/libdrivers__reset.a(reset_stm32.c.obj)
 .text.uart_stm32_ll2cfg_databits
                0x00000000080062a6       0x2a zephyr/drivers/serial/libdrivers__serial.a(uart_stm32.c.obj)
 .text.uart_stm32_err_check
                0x00000000080062d0       0x5a zephyr/drivers/serial/libdrivers__serial.a(uart_stm32.c.obj)
 .text.uart_stm32_poll_out
                0x000000000800632a       0x36 zephyr/drivers/serial/libdrivers__serial.a(uart_stm32.c.obj)
 .text.uart_stm32_poll_in
                0x0000000008006360       0x20 zephyr/drivers/serial/libdrivers__serial.a(uart_stm32.c.obj)
 .text.uart_stm32_config_get
                0x0000000008006380       0x92 zephyr/drivers/serial/libdrivers__serial.a(uart_stm32.c.obj)
 .text.uart_stm32_parameters_set
                0x0000000008006412      0x136 zephyr/drivers/serial/libdrivers__serial.a(uart_stm32.c.obj)
 .text.LL_TIM_StructInit
                0x0000000008006548       0x12 modules/stm32/stm32cube/lib..__modules__hal__stm32__stm32cube.a(stm32g4xx_ll_tim.c.obj)
                0x0000000008006548                LL_TIM_StructInit
 .text.LL_TIM_OC_StructInit
                0x000000000800655a       0x14 modules/stm32/stm32cube/lib..__modules__hal__stm32__stm32cube.a(stm32g4xx_ll_tim.c.obj)
                0x000000000800655a                LL_TIM_OC_StructInit
 .text.z_device_state_init
                0x000000000800656e        0x2 zephyr/kernel/libkernel.a(device.c.obj)
                0x000000000800656e                z_device_state_init
 .text.z_impl_device_is_ready
                0x0000000008006570       0x16 zephyr/kernel/libkernel.a(device.c.obj)
                0x0000000008006570                z_impl_device_is_ready
 .text.arch_system_halt
                0x0000000008006586       0x10 zephyr/kernel/libkernel.a(fatal.c.obj)
                0x0000000008006586                arch_system_halt
 .text.do_device_init
                0x0000000008006596       0x30 zephyr/kernel/libkernel.a(init.c.obj)
 .text.z_early_memset
                0x00000000080065c6        0x4 zephyr/kernel/libkernel.a(init.c.obj)
                0x00000000080065c6                z_early_memset
 .text.z_early_memcpy
                0x00000000080065ca        0x4 zephyr/kernel/libkernel.a(init.c.obj)
                0x00000000080065ca                z_early_memcpy
 .text.z_init_static
                0x00000000080065ce        0xe zephyr/kernel/libkernel.a(init_static.c.obj)
                0x00000000080065ce                z_init_static
 .text.idle     0x00000000080065dc       0x16 zephyr/kernel/libkernel.a(idle.c.obj)
                0x00000000080065dc                idle
 .text.z_impl_k_sem_init
                0x00000000080065f2       0x18 zephyr/kernel/libkernel.a(sem.c.obj)
                0x00000000080065f2                z_impl_k_sem_init
 .text.k_is_in_isr
                0x000000000800660a        0xc zephyr/kernel/libkernel.a(thread.c.obj)
                0x000000000800660a                k_is_in_isr
 .text.z_impl_k_thread_name_set
                0x0000000008006616        0x6 zephyr/kernel/libkernel.a(thread.c.obj)
                0x0000000008006616                z_impl_k_thread_name_set
 .text.k_thread_name_get
                0x000000000800661c        0x4 zephyr/kernel/libkernel.a(thread.c.obj)
                0x000000000800661c                k_thread_name_get
 .text.z_impl_k_thread_start
                0x0000000008006620        0x4 zephyr/kernel/libkernel.a(thread.c.obj)
                0x0000000008006620                z_impl_k_thread_start
 .text.sys_dlist_remove
                0x0000000008006624       0x10 zephyr/kernel/libkernel.a(sched.c.obj)
 .text.unpend_thread_no_timeout
                0x0000000008006634       0x14 zephyr/kernel/libkernel.a(sched.c.obj)
 .text.add_to_waitq_locked
                0x0000000008006648       0x50 zephyr/kernel/libkernel.a(sched.c.obj)
 .text.z_ready_thread
                0x0000000008006698       0x1e zephyr/kernel/libkernel.a(sched.c.obj)
                0x0000000008006698                z_ready_thread
 .text.z_impl_k_thread_suspend
                0x00000000080066b6       0x32 zephyr/kernel/libkernel.a(sched.c.obj)
                0x00000000080066b6                z_impl_k_thread_suspend
 .text.z_unpend_thread_no_timeout
                0x00000000080066e8       0x22 zephyr/kernel/libkernel.a(sched.c.obj)
                0x00000000080066e8                z_unpend_thread_no_timeout
 .text.z_sched_wake_thread
                0x000000000800670a       0x42 zephyr/kernel/libkernel.a(sched.c.obj)
                0x000000000800670a                z_sched_wake_thread
 .text.z_thread_timeout
                0x000000000800674c        0x8 zephyr/kernel/libkernel.a(sched.c.obj)
                0x000000000800674c                z_thread_timeout
 .text.z_unpend1_no_timeout
                0x0000000008006754       0x2c zephyr/kernel/libkernel.a(sched.c.obj)
                0x0000000008006754                z_unpend1_no_timeout
 .text.z_unpend_first_thread
                0x0000000008006780       0x36 zephyr/kernel/libkernel.a(sched.c.obj)
                0x0000000008006780                z_unpend_first_thread
 .text.z_thread_abort
                0x00000000080067b6       0x44 zephyr/kernel/libkernel.a(sched.c.obj)
                0x00000000080067b6                z_thread_abort
 .text.z_abort_timeout
                0x00000000080067fa       0x2a zephyr/kernel/libkernel.a(timeout.c.obj)
                0x00000000080067fa                z_abort_timeout
 .text.sys_clock_tick_get_32
                0x0000000008006824        0x8 zephyr/kernel/libkernel.a(timeout.c.obj)
                0x0000000008006824                sys_clock_tick_get_32
 .text.z_impl_k_uptime_ticks
                0x000000000800682c        0x4 zephyr/kernel/libkernel.a(timeout.c.obj)
                0x000000000800682c                z_impl_k_uptime_ticks
 .text.k_timer_init
                0x0000000008006830       0x18 zephyr/kernel/libkernel.a(timer.c.obj)
                0x0000000008006830                k_timer_init
 .text.z_impl_k_timer_stop
                0x0000000008006848       0x38 zephyr/kernel/libkernel.a(timer.c.obj)
                0x0000000008006848                z_impl_k_timer_stop
 *(SORT_BY_ALIGNMENT(.TEXT.*))
 *(SORT_BY_ALIGNMENT(.gnu.linkonce.t.*))
 *(SORT_BY_ALIGNMENT(.glue_7t))
 .glue_7t       0x0000000008006880        0x0 linker stubs
 *(SORT_BY_ALIGNMENT(.glue_7))
 .glue_7        0x0000000008006880        0x0 linker stubs
 *(SORT_BY_ALIGNMENT(.vfp11_veneer))
 .vfp11_veneer  0x0000000008006880        0x0 linker stubs
 *(SORT_BY_ALIGNMENT(.v4_bx))
 .v4_bx         0x0000000008006880        0x0 linker stubs
                0x0000000008006880                . = ALIGN (0x4)
                0x0000000008006880                __text_region_end = .

.ARM.extab
 *(SORT_BY_ALIGNMENT(.ARM.extab*) SORT_BY_ALIGNMENT(.gnu.linkonce.armextab.*))

.ARM.exidx      0x0000000008006880        0x8
                0x0000000008006880                __exidx_start = .
 *(SORT_BY_ALIGNMENT(.ARM.exidx*) SORT_BY_ALIGNMENT(gnu.linkonce.armexidx.*))
 .ARM.exidx     0x0000000008006880        0x8 /home/babu-inc-5831/zephyr-sdk-0.16.8/arm-zephyr-eabi/bin/../lib/gcc/arm-zephyr-eabi/12.2.0/thumb/v7e-m/nofp/libgcc.a(_udivmoddi4.o)
                0x0000000008006888                __exidx_end = .
                0x0000000008006888                __rodata_region_start = .

initlevel       0x0000000008006888       0xa8
                0x0000000008006888                __init_start = .
                0x0000000008006888                __init_EARLY_start = .
 *(SORT_BY_NAME(SORT_BY_ALIGNMENT(.z_init_EARLY?_*)))
 *(SORT_BY_NAME(SORT_BY_ALIGNMENT(.z_init_EARLY??_*)))
                0x0000000008006888                __init_PRE_KERNEL_1_start = .
 *(SORT_BY_NAME(SORT_BY_ALIGNMENT(.z_init_PRE_KERNEL_1?_*)))
 .z_init_PRE_KERNEL_10_0_
                0x0000000008006888        0x8 zephyr/libzephyr.a(soc.c.obj)
 .z_init_PRE_KERNEL_11_00009_
                0x0000000008006890        0x8 zephyr/drivers/clock_control/libdrivers__clock_control.a(clock_stm32_ll_common.c.obj)
 .z_init_PRE_KERNEL_11_0_
                0x0000000008006898        0x8 zephyr/libzephyr.a(soc_config.c.obj)
 *(SORT_BY_NAME(SORT_BY_ALIGNMENT(.z_init_PRE_KERNEL_1??_*)))
 .z_init_PRE_KERNEL_135_00043_
                0x00000000080068a0        0x8 zephyr/drivers/reset/libdrivers__reset.a(reset_stm32.c.obj)
 .z_init_PRE_KERNEL_140_00027_
                0x00000000080068a8        0x8 zephyr/drivers/gpio/libdrivers__gpio.a(gpio_stm32.c.obj)
 .z_init_PRE_KERNEL_140_00040_
                0x00000000080068b0        0x8 zephyr/drivers/gpio/libdrivers__gpio.a(gpio_stm32.c.obj)
 .z_init_PRE_KERNEL_140_00066_
                0x00000000080068b8        0x8 zephyr/drivers/interrupt_controller/libdrivers__interrupt_controller.a(intc_exti_stm32.c.obj)
 .z_init_PRE_KERNEL_140_00091_
                0x00000000080068c0        0x8 zephyr/drivers/gpio/libdrivers__gpio.a(gpio_stm32.c.obj)
 .z_init_PRE_KERNEL_140_00113_
                0x00000000080068c8        0x8 zephyr/drivers/gpio/libdrivers__gpio.a(gpio_stm32.c.obj)
 .z_init_PRE_KERNEL_140_00114_
                0x00000000080068d0        0x8 zephyr/drivers/gpio/libdrivers__gpio.a(gpio_stm32.c.obj)
 .z_init_PRE_KERNEL_140_00115_
                0x00000000080068d8        0x8 zephyr/drivers/gpio/libdrivers__gpio.a(gpio_stm32.c.obj)
 .z_init_PRE_KERNEL_140_00116_
                0x00000000080068e0        0x8 zephyr/drivers/gpio/libdrivers__gpio.a(gpio_stm32.c.obj)
 .z_init_PRE_KERNEL_150_00077_
                0x00000000080068e8        0x8 zephyr/drivers/serial/libdrivers__serial.a(uart_stm32.c.obj)
 .z_init_PRE_KERNEL_150_00080_
                0x00000000080068f0        0x8 zephyr/drivers/serial/libdrivers__serial.a(uart_stm32.c.obj)
 .z_init_PRE_KERNEL_160_0_
                0x00000000080068f8        0x8 zephyr/drivers/console/libdrivers__console.a(uart_console.c.obj)
                0x0000000008006900                __init_PRE_KERNEL_2_start = .
 *(SORT_BY_NAME(SORT_BY_ALIGNMENT(.z_init_PRE_KERNEL_2?_*)))
 .z_init_PRE_KERNEL_20_0_
                0x0000000008006900        0x8 zephyr/drivers/timer/libdrivers__timer.a(cortex_m_systick.c.obj)
 *(SORT_BY_NAME(SORT_BY_ALIGNMENT(.z_init_PRE_KERNEL_2??_*)))
                0x0000000008006908                __init_POST_KERNEL_start = .
 *(SORT_BY_NAME(SORT_BY_ALIGNMENT(.z_init_POST_KERNEL?_*)))
 .z_init_POST_KERNEL0_0_
                0x0000000008006908        0x8 zephyr/libzephyr.a(log_core.c.obj)
 *(SORT_BY_NAME(SORT_BY_ALIGNMENT(.z_init_POST_KERNEL??_*)))
 .z_init_POST_KERNEL35_0_
                0x0000000008006910        0x8 zephyr/lib/libc/newlib/liblib__libc__newlib.a(libc-hooks.c.obj)
 .z_init_POST_KERNEL50_00046_
                0x0000000008006918        0x8 zephyr/drivers/pwm/libdrivers__pwm.a(pwm_stm32.c.obj)
 .z_init_POST_KERNEL50_00121_
                0x0000000008006920        0x8 zephyr/drivers/pwm/libdrivers__pwm.a(pwm_stm32.c.obj)
 .z_init_POST_KERNEL50_00129_
                0x0000000008006928        0x8 zephyr/drivers/pwm/libdrivers__pwm.a(pwm_stm32.c.obj)
                0x0000000008006930                __init_APPLICATION_start = .
 *(SORT_BY_NAME(SORT_BY_ALIGNMENT(.z_init_APPLICATION?_*)))
 *(SORT_BY_NAME(SORT_BY_ALIGNMENT(.z_init_APPLICATION??_*)))
                0x0000000008006930                __init_SMP_start = .
 *(SORT_BY_NAME(SORT_BY_ALIGNMENT(.z_init_SMP?_*)))
 *(SORT_BY_NAME(SORT_BY_ALIGNMENT(.z_init_SMP??_*)))
                0x0000000008006930                __init_end = .
                0x0000000008006930                __deferred_init_list_start = .
 *(SORT_BY_ALIGNMENT(.z_deferred_init*))
                0x0000000008006930                __deferred_init_list_end = .

device_area     0x0000000008006930      0x12c
                0x0000000008006930                _device_list_start = .
 *(SORT_BY_NAME(SORT_BY_ALIGNMENT(._device.static.*_?_*)))
 ._device.static.1_1_
                0x0000000008006930       0x14 zephyr/drivers/clock_control/libdrivers__clock_control.a(clock_stm32_ll_common.c.obj)
                0x0000000008006930                __device_dts_ord_9
 *(SORT_BY_NAME(SORT_BY_ALIGNMENT(._device.static.*_??_*)))
 ._device.static.1_35_
                0x0000000008006944       0x14 zephyr/drivers/reset/libdrivers__reset.a(reset_stm32.c.obj)
                0x0000000008006944                __device_dts_ord_43
 ._device.static.1_40_
                0x0000000008006958       0x14 zephyr/drivers/interrupt_controller/libdrivers__interrupt_controller.a(intc_exti_stm32.c.obj)
                0x0000000008006958                __device_dts_ord_66
 ._device.static.1_40_
                0x000000000800696c       0x8c zephyr/drivers/gpio/libdrivers__gpio.a(gpio_stm32.c.obj)
                0x000000000800696c                __device_dts_ord_116
                0x0000000008006980                __device_dts_ord_115
                0x0000000008006994                __device_dts_ord_114
                0x00000000080069a8                __device_dts_ord_113
                0x00000000080069bc                __device_dts_ord_27
                0x00000000080069d0                __device_dts_ord_91
                0x00000000080069e4                __device_dts_ord_40
 ._device.static.1_50_
                0x00000000080069f8       0x28 zephyr/drivers/serial/libdrivers__serial.a(uart_stm32.c.obj)
                0x00000000080069f8                __device_dts_ord_77
                0x0000000008006a0c                __device_dts_ord_80
 ._device.static.3_50_
                0x0000000008006a20       0x3c zephyr/drivers/pwm/libdrivers__pwm.a(pwm_stm32.c.obj)
                0x0000000008006a20                __device_dts_ord_121
                0x0000000008006a34                __device_dts_ord_46
                0x0000000008006a48                __device_dts_ord_129
                0x0000000008006a5c                _device_list_end = .

sw_isr_table    0x0000000008006a5c      0x330
                0x0000000008006a5c                . = ALIGN (0x4)
 *(SORT_BY_ALIGNMENT(.gnu.linkonce.sw_isr_table*))
 .gnu.linkonce.sw_isr_table
                0x0000000008006a5c      0x330 zephyr/CMakeFiles/zephyr_final.dir/isr_tables.c.obj
                0x0000000008006a5c                _sw_isr_table

initlevel_error
                0x0000000008006888        0x0
 *(SORT_BY_NAME(SORT_BY_ALIGNMENT(.z_init_[_A-Z0-9]*)))
                0x0000000000000001                ASSERT ((SIZEOF (initlevel_error) == 0x0), Undefined initialization levels used.)

app_shmem_regions
                0x0000000008006d8c        0x0
                0x0000000008006d8c                __app_shmem_regions_start = .
 *(SORT_BY_NAME(SORT_BY_ALIGNMENT(.app_regions.*)))
                0x0000000008006d8c                __app_shmem_regions_end = .

k_p4wq_initparam_area
                0x0000000008006d8c        0x0
                0x0000000008006d8c                _k_p4wq_initparam_list_start = .
 *(SORT_BY_NAME(SORT_BY_ALIGNMENT(._k_p4wq_initparam.static.*)))
                0x0000000008006d8c                _k_p4wq_initparam_list_end = .

_static_thread_data_area
                0x0000000008006d8c        0x0
                0x0000000008006d8c                __static_thread_data_list_start = .
 *(SORT_BY_NAME(SORT_BY_ALIGNMENT(.__static_thread_data.static.*)))
                0x0000000008006d8c                __static_thread_data_list_end = .

device_deps     0x0000000008006d8c        0x0
                0x0000000008006d8c                __device_deps_start = .
 *(SORT_BY_NAME(SORT_BY_ALIGNMENT(.__device_deps_pass2*)))
                0x0000000008006d8c                __device_deps_end = .

ztest           0x0000000008006d8c        0x0
                0x0000000008006d8c                _ztest_expected_result_entry_list_start = .
 *(SORT_BY_NAME(SORT_BY_ALIGNMENT(._ztest_expected_result_entry.static.*)))
                0x0000000008006d8c                _ztest_expected_result_entry_list_end = .
                0x0000000008006d8c                _ztest_suite_node_list_start = .
 *(SORT_BY_NAME(SORT_BY_ALIGNMENT(._ztest_suite_node.static.*)))
                0x0000000008006d8c                _ztest_suite_node_list_end = .
                0x0000000008006d8c                _ztest_unit_test_list_start = .
 *(SORT_BY_NAME(SORT_BY_ALIGNMENT(._ztest_unit_test.static.*)))
                0x0000000008006d8c                _ztest_unit_test_list_end = .
                0x0000000008006d8c                _ztest_test_rule_list_start = .
 *(SORT_BY_NAME(SORT_BY_ALIGNMENT(._ztest_test_rule.static.*)))
                0x0000000008006d8c                _ztest_test_rule_list_end = .

ctors           0x0000000008006d8c        0xc
                0x0000000008006d8c                . = ALIGN (0x4)
                0x0000000008006d8c                __ZEPHYR_CTOR_LIST__ = .
                0x0000000008006d8c        0x4 LONG 0x0 (((__ZEPHYR_CTOR_END__ - __ZEPHYR_CTOR_LIST__) / 0x4) - 0x2)
 *(SORT_BY_NAME(SORT_BY_ALIGNMENT(.ctors*)))
                0x0000000008006d90                __CTOR_LIST__ = .
                0x0000000008006d90        0x4 LONG 0x0
                0x0000000008006d94                __ZEPHYR_CTOR_END__ = .
                0x0000000008006d94        0x4 LONG 0x0
                0x0000000008006d98                __CTOR_END__ = .

init_array      0x0000000008006d98        0x0
                0x0000000008006d98                . = ALIGN (0x4)
                0x0000000008006d98                __init_array_start = .
                0x0000000008006d98                __init_array_end = .
                0x0000000008006d98                __zephyr_init_array_start = .
 *(SORT_BY_NAME(SORT_BY_ALIGNMENT(.init_array*)))
                0x0000000008006d98                __zephyr_init_array_end = .

bt_l2cap_fixed_chan_area
                0x0000000008006d98        0x0
                0x0000000008006d98                _bt_l2cap_fixed_chan_list_start = .
 *(SORT_BY_NAME(SORT_BY_ALIGNMENT(._bt_l2cap_fixed_chan.static.*)))
                0x0000000008006d98                _bt_l2cap_fixed_chan_list_end = .

bt_gatt_service_static_area
                0x0000000008006d98        0x0
                0x0000000008006d98                _bt_gatt_service_static_list_start = .
 *(SORT_BY_NAME(SORT_BY_ALIGNMENT(._bt_gatt_service_static.static.*)))
                0x0000000008006d98                _bt_gatt_service_static_list_end = .

log_strings_area
                0x0000000008006d98        0x0
                0x0000000008006d98                _log_strings_list_start = .
 *(SORT_BY_NAME(SORT_BY_ALIGNMENT(._log_strings.static.*)))
                0x0000000008006d98                _log_strings_list_end = .

log_const_area  0x0000000008006d98       0x50
                0x0000000008006d98                _log_const_list_start = .
 *(SORT_BY_NAME(SORT_BY_ALIGNMENT(._log_const.static.*)))
 ._log_const.static.log_const_cbprintf_package_
                0x0000000008006d98        0x8 zephyr/libzephyr.a(cbprintf_packaged.c.obj)
                0x0000000008006d98                log_const_cbprintf_package
 ._log_const.static.log_const_log_
                0x0000000008006da0        0x8 zephyr/libzephyr.a(log_core.c.obj)
                0x0000000008006da0                log_const_log
 ._log_const.static.log_const_log_mgmt_
                0x0000000008006da8        0x8 zephyr/libzephyr.a(log_mgmt.c.obj)
                0x0000000008006da8                log_const_log_mgmt
 ._log_const.static.log_const_log_uart_
                0x0000000008006db0        0x8 zephyr/libzephyr.a(log_backend_uart.c.obj)
                0x0000000008006db0                log_const_log_uart
 ._log_const.static.log_const_mpu_
                0x0000000008006db8        0x8 zephyr/arch/arch/arm/core/mpu/libarch__arm__core__mpu.a(arm_core_mpu.c.obj)
                0x0000000008006db8                log_const_mpu
 ._log_const.static.log_const_os_
                0x0000000008006dc0        0x8 zephyr/kernel/libkernel.a(init.c.obj)
                0x0000000008006dc0                log_const_os
 ._log_const.static.log_const_pwm_rotation_task_
                0x0000000008006dc8        0x8 app/libapp.a(main.cpp.obj)
                0x0000000008006dc8                log_const_pwm_rotation_task
 ._log_const.static.log_const_pwm_stm32_
                0x0000000008006dd0        0x8 zephyr/drivers/pwm/libdrivers__pwm.a(pwm_stm32.c.obj)
                0x0000000008006dd0                log_const_pwm_stm32
 ._log_const.static.log_const_stm32_
                0x0000000008006dd8        0x8 zephyr/drivers/gpio/libdrivers__gpio.a(gpio_stm32.c.obj)
                0x0000000008006dd8                log_const_stm32
 ._log_const.static.log_const_uart_stm32_
                0x0000000008006de0        0x8 zephyr/drivers/serial/libdrivers__serial.a(uart_stm32.c.obj)
                0x0000000008006de0                log_const_uart_stm32
                0x0000000008006de8                _log_const_list_end = .

log_backend_area
                0x0000000008006de8       0x10
                0x0000000008006de8                _log_backend_list_start = .
 *(SORT_BY_NAME(SORT_BY_ALIGNMENT(._log_backend.static.*)))
 ._log_backend.static.log_backend_uart_
                0x0000000008006de8       0x10 zephyr/libzephyr.a(log_backend_uart.c.obj)
                0x0000000008006df8                _log_backend_list_end = .

log_link_area   0x0000000008006df8        0x0
                0x0000000008006df8                _log_link_list_start = .
 *(SORT_BY_NAME(SORT_BY_ALIGNMENT(._log_link.static.*)))
                0x0000000008006df8                _log_link_list_end = .

tracing_backend_area
                0x0000000008006df8        0x0
                0x0000000008006df8                _tracing_backend_list_start = .
 *(SORT_BY_NAME(SORT_BY_ALIGNMENT(._tracing_backend.static.*)))
                0x0000000008006df8                _tracing_backend_list_end = .

zephyr_dbg_info
 *(SORT_BY_ALIGNMENT(.dbg_thread_info))

intc_table_area
                0x0000000008006df8        0x0
                0x0000000008006df8                _intc_table_list_start = .
 *(SORT_BY_NAME(SORT_BY_ALIGNMENT(._intc_table.static.*)))
                0x0000000008006df8                _intc_table_list_end = .

symbol_to_keep  0x0000000008006df8        0x0
                0x0000000008006df8                __symbol_to_keep_start = .
 *(SORT_BY_NAME(SORT_BY_ALIGNMENT(.symbol_to_keep*)))
                0x0000000008006df8                __symbol_to_keep_end = .

shell_area      0x0000000008006df8        0x0
                0x0000000008006df8                _shell_list_start = .
 *(SORT_BY_NAME(SORT_BY_ALIGNMENT(._shell.static.*)))
                0x0000000008006df8                _shell_list_end = .

shell_root_cmds_area
                0x0000000008006df8        0x0
                0x0000000008006df8                _shell_root_cmds_list_start = .
 *(SORT_BY_NAME(SORT_BY_ALIGNMENT(._shell_root_cmds.static.*)))
                0x0000000008006df8                _shell_root_cmds_list_end = .

shell_subcmds_area
                0x0000000008006df8        0x0
                0x0000000008006df8                _shell_subcmds_list_start = .
 *(SORT_BY_NAME(SORT_BY_ALIGNMENT(._shell_subcmds.static.*)))
                0x0000000008006df8                _shell_subcmds_list_end = .

shell_dynamic_subcmds_area
                0x0000000008006df8        0x0
                0x0000000008006df8                _shell_dynamic_subcmds_list_start = .
 *(SORT_BY_NAME(SORT_BY_ALIGNMENT(._shell_dynamic_subcmds.static.*)))
                0x0000000008006df8                _shell_dynamic_subcmds_list_end = .

cfb_font_area   0x0000000008006df8        0x0
                0x0000000008006df8                _cfb_font_list_start = .
 *(SORT_BY_NAME(SORT_BY_ALIGNMENT(._cfb_font.static.*)))
                0x0000000008006df8                _cfb_font_list_end = .

rodata          0x0000000008006df8     0x1074
 *(SORT_BY_ALIGNMENT(.rodata))
 .rodata        0x0000000008006df8        0x8 zephyr/drivers/gpio/libdrivers__gpio.a(gpio_stm32.c.obj)
 *(SORT_BY_ALIGNMENT(.rodata.*))
 .rodata._ZN12_GLOBAL__N_1L9kGpioPin3E
                0x0000000008006e00        0x8 app/libapp.a(main.cpp.obj)
 .rodata._ZN12_GLOBAL__N_1L9kGpioPin2E
                0x0000000008006e08        0x8 app/libapp.a(main.cpp.obj)
 .rodata.mpsc_config
                0x0000000008006e10       0x14 zephyr/libzephyr.a(log_core.c.obj)
 .rodata.format_table
                0x0000000008006e24       0x10 zephyr/libzephyr.a(log_core.c.obj)
 .rodata.colors
                0x0000000008006e34       0x14 zephyr/libzephyr.a(log_output.c.obj)
 .rodata.severity
                0x0000000008006e48       0x14 zephyr/libzephyr.a(log_output.c.obj)
 .rodata.lbu_cb_ctx
                0x0000000008006e5c        0x8 zephyr/libzephyr.a(log_backend_uart.c.obj)
 .rodata.lbu_output
                0x0000000008006e64       0x10 zephyr/libzephyr.a(log_backend_uart.c.obj)
 .rodata.log_backend_uart_api
                0x0000000008006e74       0x1c zephyr/libzephyr.a(log_backend_uart.c.obj)
                0x0000000008006e74                log_backend_uart_api
 .rodata.mem_attr_region
                0x0000000008006e90        0x0 zephyr/libzephyr.a(mem_attr.c.obj)
 .rodata.static_regions
                0x0000000008006e90        0xc zephyr/arch/arch/arm/core/mpu/libarch__arm__core__mpu.a(arm_core_mpu.c.obj)
 .rodata.mpu_config
                0x0000000008006e9c        0x8 zephyr/arch/arch/arm/core/mpu/libarch__arm__core__mpu.a(arm_mpu_regions.c.obj)
                0x0000000008006e9c                mpu_config
 .rodata.mpu_regions
                0x0000000008006ea4       0x18 zephyr/arch/arch/arm/core/mpu/libarch__arm__core__mpu.a(arm_mpu_regions.c.obj)
 .rodata.stm32_clock_control_api
                0x0000000008006ebc       0x1c zephyr/drivers/clock_control/libdrivers__clock_control.a(clock_stm32_ll_common.c.obj)
 .rodata.gpio_stm32_cfg_g
                0x0000000008006ed8       0x14 zephyr/drivers/gpio/libdrivers__gpio.a(gpio_stm32.c.obj)
 .rodata.gpio_stm32_cfg_f
                0x0000000008006eec       0x14 zephyr/drivers/gpio/libdrivers__gpio.a(gpio_stm32.c.obj)
 .rodata.gpio_stm32_cfg_e
                0x0000000008006f00       0x14 zephyr/drivers/gpio/libdrivers__gpio.a(gpio_stm32.c.obj)
 .rodata.gpio_stm32_cfg_d
                0x0000000008006f14       0x14 zephyr/drivers/gpio/libdrivers__gpio.a(gpio_stm32.c.obj)
 .rodata.gpio_stm32_cfg_c
                0x0000000008006f28       0x14 zephyr/drivers/gpio/libdrivers__gpio.a(gpio_stm32.c.obj)
 .rodata.gpio_stm32_cfg_b
                0x0000000008006f3c       0x14 zephyr/drivers/gpio/libdrivers__gpio.a(gpio_stm32.c.obj)
 .rodata.gpio_stm32_cfg_a
                0x0000000008006f50       0x14 zephyr/drivers/gpio/libdrivers__gpio.a(gpio_stm32.c.obj)
 .rodata.gpio_stm32_driver
                0x0000000008006f64       0x24 zephyr/drivers/gpio/libdrivers__gpio.a(gpio_stm32.c.obj)
 .rodata.gpio_ports
                0x0000000008006f88       0x40 zephyr/drivers/pinctrl/libdrivers__pinctrl.a(pinctrl_stm32.c.obj)
 .rodata.pwm_stm32_config_2
                0x0000000008006fc8       0x18 zephyr/drivers/pwm/libdrivers__pwm.a(pwm_stm32.c.obj)
 .rodata.__pinctrl_dev_config__device_dts_ord_121
                0x0000000008006fe0        0x8 zephyr/drivers/pwm/libdrivers__pwm.a(pwm_stm32.c.obj)
 .rodata.__pinctrl_states__device_dts_ord_121
                0x0000000008006fe8        0x8 zephyr/drivers/pwm/libdrivers__pwm.a(pwm_stm32.c.obj)
 .rodata.__pinctrl_state_pins_0__device_dts_ord_121
                0x0000000008006ff0        0x8 zephyr/drivers/pwm/libdrivers__pwm.a(pwm_stm32.c.obj)
 .rodata.pwm_stm32_config_1
                0x0000000008006ff8       0x18 zephyr/drivers/pwm/libdrivers__pwm.a(pwm_stm32.c.obj)
 .rodata.__pinctrl_dev_config__device_dts_ord_46
                0x0000000008007010        0x8 zephyr/drivers/pwm/libdrivers__pwm.a(pwm_stm32.c.obj)
 .rodata.__pinctrl_states__device_dts_ord_46
                0x0000000008007018        0x8 zephyr/drivers/pwm/libdrivers__pwm.a(pwm_stm32.c.obj)
 .rodata.__pinctrl_state_pins_0__device_dts_ord_46
                0x0000000008007020        0x8 zephyr/drivers/pwm/libdrivers__pwm.a(pwm_stm32.c.obj)
 .rodata.pwm_stm32_config_0
                0x0000000008007028       0x18 zephyr/drivers/pwm/libdrivers__pwm.a(pwm_stm32.c.obj)
 .rodata.__pinctrl_dev_config__device_dts_ord_129
                0x0000000008007040        0x8 zephyr/drivers/pwm/libdrivers__pwm.a(pwm_stm32.c.obj)
 .rodata.__pinctrl_states__device_dts_ord_129
                0x0000000008007048        0x8 zephyr/drivers/pwm/libdrivers__pwm.a(pwm_stm32.c.obj)
 .rodata.__pinctrl_state_pins_0__device_dts_ord_129
                0x0000000008007050        0x8 zephyr/drivers/pwm/libdrivers__pwm.a(pwm_stm32.c.obj)
 .rodata.pwm_stm32_driver_api
                0x0000000008007058        0x8 zephyr/drivers/pwm/libdrivers__pwm.a(pwm_stm32.c.obj)
 .rodata.set_timer_compare
                0x0000000008007060       0x18 zephyr/drivers/pwm/libdrivers__pwm.a(pwm_stm32.c.obj)
 .rodata.ch2ll_n
                0x0000000008007078       0x10 zephyr/drivers/pwm/libdrivers__pwm.a(pwm_stm32.c.obj)
 .rodata.ch2ll  0x0000000008007088       0x18 zephyr/drivers/pwm/libdrivers__pwm.a(pwm_stm32.c.obj)
 .rodata.reset_stm32_config
                0x00000000080070a0        0x4 zephyr/drivers/reset/libdrivers__reset.a(reset_stm32.c.obj)
 .rodata.reset_stm32_driver_api
                0x00000000080070a4       0x10 zephyr/drivers/reset/libdrivers__reset.a(reset_stm32.c.obj)
 .rodata.uart_stm32_cfg_1
                0x00000000080070b4       0x24 zephyr/drivers/serial/libdrivers__serial.a(uart_stm32.c.obj)
 .rodata.pclken_1
                0x00000000080070d8        0x8 zephyr/drivers/serial/libdrivers__serial.a(uart_stm32.c.obj)
 .rodata.__pinctrl_dev_config__device_dts_ord_77
                0x00000000080070e0        0x8 zephyr/drivers/serial/libdrivers__serial.a(uart_stm32.c.obj)
 .rodata.__pinctrl_states__device_dts_ord_77
                0x00000000080070e8        0x8 zephyr/drivers/serial/libdrivers__serial.a(uart_stm32.c.obj)
 .rodata.__pinctrl_state_pins_0__device_dts_ord_77
                0x00000000080070f0       0x10 zephyr/drivers/serial/libdrivers__serial.a(uart_stm32.c.obj)
 .rodata.uart_stm32_cfg_0
                0x0000000008007100       0x24 zephyr/drivers/serial/libdrivers__serial.a(uart_stm32.c.obj)
 .rodata.pclken_0
                0x0000000008007124        0x8 zephyr/drivers/serial/libdrivers__serial.a(uart_stm32.c.obj)
 .rodata.__pinctrl_dev_config__device_dts_ord_80
                0x000000000800712c        0x8 zephyr/drivers/serial/libdrivers__serial.a(uart_stm32.c.obj)
 .rodata.__pinctrl_states__device_dts_ord_80
                0x0000000008007134        0x8 zephyr/drivers/serial/libdrivers__serial.a(uart_stm32.c.obj)
 .rodata.__pinctrl_state_pins_0__device_dts_ord_80
                0x000000000800713c       0x10 zephyr/drivers/serial/libdrivers__serial.a(uart_stm32.c.obj)
 .rodata.uart_stm32_driver_api
                0x000000000800714c       0x14 zephyr/drivers/serial/libdrivers__serial.a(uart_stm32.c.obj)
 .rodata.CSWTCH.486
                0x0000000008007160       0x14 zephyr/kernel/libkernel.a(fatal.c.obj)
 .rodata.levels.0
                0x0000000008007174       0x18 zephyr/kernel/libkernel.a(init.c.obj)
 .rodata._ctype_
                0x000000000800718c      0x101 /home/babu-inc-5831/zephyr-sdk-0.16.8/arm-zephyr-eabi/arm-zephyr-eabi/lib/thumb/v7e-m/nofp/libc.a(lib_a-ctype_.o)
                0x000000000800718c                _ctype_
 *fill*         0x000000000800728d        0x1 
 .rodata.LPUART_PRESCALER_TAB
                0x000000000800728e       0x18 zephyr/drivers/serial/libdrivers__serial.a(uart_stm32.c.obj)
 .rodata.main.str1.1
                0x00000000080072a6      0x1bc app/libapp.a(main.cpp.obj)
 .rodata.str1.1
                0x0000000008007462       0x12 app/libapp.a(main.cpp.obj)
 .rodata.cbprintf_package_convert.str1.1
                0x0000000008007474       0xa3 zephyr/libzephyr.a(cbprintf_packaged.c.obj)
 .rodata.str1.1
                0x0000000008007517       0x11 zephyr/libzephyr.a(cbprintf_packaged.c.obj)
 .rodata.z_cbvprintf_impl.str1.1
                0x0000000008007528        0x6 zephyr/libzephyr.a(cbprintf_complete.c.obj)
 .rodata.enable_logger.str1.1
                0x000000000800752e        0x8 zephyr/libzephyr.a(log_core.c.obj)
 .rodata.str1.1
                0x0000000008007536        0x4 zephyr/libzephyr.a(log_core.c.obj)
 .rodata.str1.1
                0x000000000800753a        0x9 zephyr/libzephyr.a(log_mgmt.c.obj)
 .rodata.z_impl_z_log_msg_static_create.str1.1
                0x0000000008007543       0x3f zephyr/libzephyr.a(log_msg.c.obj)
 .rodata.z_log_msg_runtime_vcreate.str1.1
                0x0000000008007582       0x38 zephyr/libzephyr.a(log_msg.c.obj)
 .rodata.newline_print.str1.1
                0x00000000080075ba        0x3 zephyr/libzephyr.a(log_output.c.obj)
                                          0x5 (size before relaxing)
 .rodata.log_output_process.str1.1
                0x00000000080075bd       0x4f zephyr/libzephyr.a(log_output.c.obj)
                                         0x51 (size before relaxing)
 .rodata.log_output_dropped_process.str1.1
                0x000000000800760c       0x4f zephyr/libzephyr.a(log_output.c.obj)
                                          0x3 (size before relaxing)
 .rodata.postfix.0
                0x000000000800760c       0x1c zephyr/libzephyr.a(log_output.c.obj)
 .rodata.prefix.1
                0x0000000008007628        0xc zephyr/libzephyr.a(log_output.c.obj)
 .rodata.str1.1
                0x0000000008007634       0x20 zephyr/libzephyr.a(log_output.c.obj)
 .rodata.str1.1
                0x0000000008007654       0x1a zephyr/libzephyr.a(log_backend_uart.c.obj)
 .rodata.z_arm_fatal_error.str1.1
                0x000000000800766e       0xae zephyr/arch/arch/arm/core/libarch__arm__core.a(fatal.c.obj)
 .rodata.bus_fault.constprop.0.str1.1
                0x000000000800771c       0xca zephyr/arch/arch/arm/core/cortex_m/libarch__arm__core__cortex_m.a(fault.c.obj)
 .rodata.usage_fault.constprop.0.str1.1
                0x00000000080077e6       0xcd zephyr/arch/arch/arm/core/cortex_m/libarch__arm__core__cortex_m.a(fault.c.obj)
 .rodata.mem_manage_fault.str1.1
                0x00000000080078b3       0x96 zephyr/arch/arch/arm/core/cortex_m/libarch__arm__core__cortex_m.a(fault.c.obj)
 .rodata.z_arm_fault.str1.1
                0x0000000008007949      0x111 zephyr/arch/arch/arm/core/cortex_m/libarch__arm__core__cortex_m.a(fault.c.obj)
 .rodata.str1.1
                0x0000000008007a5a        0x4 zephyr/arch/arch/arm/core/mpu/libarch__arm__core__mpu.a(arm_core_mpu.c.obj)
 .rodata.region_allocate_and_init.str1.1
                0x0000000008007a5e       0x26 zephyr/arch/arch/arm/core/mpu/libarch__arm__core__mpu.a(arm_mpu.c.obj)
 .rodata.mpu_configure_regions.str1.1
                0x0000000008007a84       0x23 zephyr/arch/arch/arm/core/mpu/libarch__arm__core__mpu.a(arm_mpu.c.obj)
 .rodata.str1.1
                0x0000000008007aa7        0xf zephyr/arch/arch/arm/core/mpu/libarch__arm__core__mpu.a(arm_mpu_regions.c.obj)
 .rodata.line_range_6.0
                0x0000000008007ab6        0x2 zephyr/drivers/interrupt_controller/libdrivers__interrupt_controller.a(intc_exti_stm32.c.obj)
 .rodata.line_range_5.1
                0x0000000008007ab8        0x2 zephyr/drivers/interrupt_controller/libdrivers__interrupt_controller.a(intc_exti_stm32.c.obj)
 .rodata.line_range_4.2
                0x0000000008007aba        0x2 zephyr/drivers/interrupt_controller/libdrivers__interrupt_controller.a(intc_exti_stm32.c.obj)
 .rodata.line_range_3.3
                0x0000000008007abc        0x2 zephyr/drivers/interrupt_controller/libdrivers__interrupt_controller.a(intc_exti_stm32.c.obj)
 .rodata.line_range_2.4
                0x0000000008007abe        0x2 zephyr/drivers/interrupt_controller/libdrivers__interrupt_controller.a(intc_exti_stm32.c.obj)
 .rodata.line_range_1.5
                0x0000000008007ac0        0x2 zephyr/drivers/interrupt_controller/libdrivers__interrupt_controller.a(intc_exti_stm32.c.obj)
 .rodata.line_range_0.6
                0x0000000008007ac2        0x2 zephyr/drivers/interrupt_controller/libdrivers__interrupt_controller.a(intc_exti_stm32.c.obj)
 .rodata.str1.1
                0x0000000008007ac4       0x1e zephyr/drivers/interrupt_controller/libdrivers__interrupt_controller.a(intc_exti_stm32.c.obj)
 .rodata.str1.1
                0x0000000008007ae2        0xd zephyr/drivers/clock_control/libdrivers__clock_control.a(clock_stm32_ll_common.c.obj)
 .rodata.str1.1
                0x0000000008007aef       0x62 zephyr/drivers/gpio/libdrivers__gpio.a(gpio_stm32.c.obj)
                                         0x68 (size before relaxing)
 .rodata.pwm_stm32_set_cycles.str1.1
                0x0000000008007b51       0x66 zephyr/drivers/pwm/libdrivers__pwm.a(pwm_stm32.c.obj)
 .rodata.pwm_stm32_init.str1.1
                0x0000000008007bb7       0x9a zephyr/drivers/pwm/libdrivers__pwm.a(pwm_stm32.c.obj)
 .rodata.str1.1
                0x0000000008007c51        0xe zephyr/drivers/pwm/libdrivers__pwm.a(pwm_stm32.c.obj)
 .rodata.SHIFT_TAB_CCxP
                0x0000000008007c5f        0xa zephyr/drivers/pwm/libdrivers__pwm.a(pwm_stm32.c.obj)
 .rodata.SHIFT_TAB_OCxx
                0x0000000008007c69        0xa zephyr/drivers/pwm/libdrivers__pwm.a(pwm_stm32.c.obj)
 .rodata.OFFSET_TAB_CCMRx
                0x0000000008007c73        0xa zephyr/drivers/pwm/libdrivers__pwm.a(pwm_stm32.c.obj)
 .rodata.str1.1
                0x0000000008007c7d       0x11 zephyr/drivers/reset/libdrivers__reset.a(reset_stm32.c.obj)
 .rodata.uart_stm32_set_baudrate.str1.1
                0x0000000008007c8e       0x45 zephyr/drivers/serial/libdrivers__serial.a(uart_stm32.c.obj)
 .rodata.uart_stm32_init.str1.1
                0x0000000008007cd3       0x5d zephyr/drivers/serial/libdrivers__serial.a(uart_stm32.c.obj)
                                         0x7c (size before relaxing)
 .rodata.str1.1
                0x0000000008007d30       0x2b zephyr/drivers/serial/libdrivers__serial.a(uart_stm32.c.obj)
 .rodata.AHBPrescTable
                0x0000000008007d5b       0x10 modules/stm32/stm32cube/lib..__modules__hal__stm32__stm32cube.a(system_stm32g4xx.c.obj)
                0x0000000008007d5b                AHBPrescTable
 .rodata.k_sys_fatal_error_handler.str1.1
                0x0000000008007d6b        0xf zephyr/kernel/libkernel.a(fatal.c.obj)
 .rodata.z_fatal_error.str1.1
                0x0000000008007d7a       0x77 zephyr/kernel/libkernel.a(fatal.c.obj)
 .rodata.str1.1
                0x0000000008007df1       0x4a zephyr/kernel/libkernel.a(fatal.c.obj)
 .rodata.z_cstart.str1.1
                0x0000000008007e3b        0x5 zephyr/kernel/libkernel.a(init.c.obj)
 .rodata.str1.1
                0x0000000008007e40        0x3 zephyr/kernel/libkernel.a(init.c.obj)
 .rodata.boot_banner.str1.1
                0x0000000008007e43       0x28 zephyr/kernel/libkernel.a(banner.c.obj)
 *(SORT_BY_ALIGNMENT(.gnu.linkonce.r.*))
                0x0000000008007e6c                . = ALIGN (0x4)
 *fill*         0x0000000008007e6b        0x1 

.gcc_except_table
 *(SORT_BY_ALIGNMENT(.gcc_except_table) SORT_BY_ALIGNMENT(.gcc_except_table.*))
                0x0000000008007e6c                __rodata_region_end = .
                0x0000000008007e80                . = ALIGN (_region_min_align)
                0x0000000008008000                . = ALIGN ((0x1 << LOG2CEIL ((__rodata_region_end - ADDR (rom_start)))))
                0x0000000008008000                __rom_region_end = ((__rom_region_start + .) - ADDR (rom_start))

/DISCARD/
 *(SORT_BY_ALIGNMENT(.got.plt))
 *(SORT_BY_ALIGNMENT(.igot.plt))
 *(SORT_BY_ALIGNMENT(.got))
 *(SORT_BY_ALIGNMENT(.igot))
                0x0000000020000000                . = 0x20000000
                0x0000000020000000                . = ALIGN (_region_min_align)
                0x0000000020000000                _image_ram_start = .

.ramfunc        0x0000000020000000        0x0 load address 0x0000000008007e6c
                0x0000000020000000                . = ALIGN (_region_min_align)
                0x0000000020000000                . = ALIGN ((0x1 << LOG2CEIL (__ramfunc_size)))
                0x0000000020000000                __ramfunc_start = .
 *(SORT_BY_ALIGNMENT(.ramfunc))
 *(SORT_BY_ALIGNMENT(.ramfunc.*))
                0x0000000020000000                . = ALIGN (_region_min_align)
                0x0000000020000000                . = ALIGN ((0x1 << LOG2CEIL (__ramfunc_size)))
                0x0000000020000000                __ramfunc_end = .
                0x0000000000000000                __ramfunc_size = (__ramfunc_end - __ramfunc_start)
                0x0000000008007e6c                __ramfunc_load_start = LOADADDR (.ramfunc)

datas           0x0000000020000000       0x78 load address 0x0000000008007e6c
                0x0000000020000000                __data_region_start = .
                0x0000000020000000                __data_start = .
 *(SORT_BY_ALIGNMENT(.data))
 *(SORT_BY_ALIGNMENT(.data.*))
 .data._char_out
                0x0000000020000000        0x4 zephyr/libzephyr.a(printk.c.obj)
                0x0000000020000000                _char_out
 .data.timestamp_func
                0x0000000020000004        0x4 zephyr/libzephyr.a(log_core.c.obj)
 .data.backend_cb_log_backend_uart
                0x0000000020000008        0x8 zephyr/libzephyr.a(log_backend_uart.c.obj)
 .data.handler  0x0000000020000010        0x4 zephyr/arch/arch/arm/core/libarch__arm__core.a(nmi.c.obj)
 .data._stdout_hook
                0x0000000020000014        0x4 zephyr/lib/libc/newlib/liblib__libc__newlib.a(libc-hooks.c.obj)
 .data.pwm_stm32_data_2
                0x0000000020000018        0xc zephyr/drivers/pwm/libdrivers__pwm.a(pwm_stm32.c.obj)
 .data.pwm_stm32_data_1
                0x0000000020000024        0xc zephyr/drivers/pwm/libdrivers__pwm.a(pwm_stm32.c.obj)
 .data.pwm_stm32_data_0
                0x0000000020000030        0xc zephyr/drivers/pwm/libdrivers__pwm.a(pwm_stm32.c.obj)
 .data.uart_stm32_data_1
                0x000000002000003c        0x8 zephyr/drivers/serial/libdrivers__serial.a(uart_stm32.c.obj)
 .data.uart_cfg_1
                0x0000000020000044        0x8 zephyr/drivers/serial/libdrivers__serial.a(uart_stm32.c.obj)
 .data.uart_stm32_data_0
                0x000000002000004c        0x8 zephyr/drivers/serial/libdrivers__serial.a(uart_stm32.c.obj)
 .data.uart_cfg_0
                0x0000000020000054        0x8 zephyr/drivers/serial/libdrivers__serial.a(uart_stm32.c.obj)
 .data.SystemCoreClock
                0x000000002000005c        0x4 modules/stm32/stm32cube/lib..__modules__hal__stm32__stm32cube.a(system_stm32g4xx.c.obj)
                0x000000002000005c                SystemCoreClock
 .data.timeout_list
                0x0000000020000060        0x8 zephyr/kernel/libkernel.a(timeout.c.obj)
 .data.exti_irq_table
                0x0000000020000068       0x10 zephyr/drivers/interrupt_controller/libdrivers__interrupt_controller.a(intc_exti_stm32.c.obj)
 *(SORT_BY_ALIGNMENT(.kernel.*))
                0x0000000020000078                __data_end = .
                0x0000000000000078                __data_size = (__data_end - __data_start)
                0x0000000008007e6c                __data_load_start = LOADADDR (datas)
                0x0000000008007e6c                __data_region_load_start = LOADADDR (datas)

device_states   0x0000000020000078       0x1e load address 0x0000000008007ee4
                0x0000000020000078                __device_states_start = .
 *(SORT_BY_ALIGNMENT(.z_devstate))
 .z_devstate    0x0000000020000078        0x2 zephyr/drivers/interrupt_controller/libdrivers__interrupt_controller.a(intc_exti_stm32.c.obj)
 .z_devstate    0x000000002000007a        0x2 zephyr/drivers/clock_control/libdrivers__clock_control.a(clock_stm32_ll_common.c.obj)
 .z_devstate    0x000000002000007c        0xe zephyr/drivers/gpio/libdrivers__gpio.a(gpio_stm32.c.obj)
 .z_devstate    0x000000002000008a        0x6 zephyr/drivers/pwm/libdrivers__pwm.a(pwm_stm32.c.obj)
 .z_devstate    0x0000000020000090        0x2 zephyr/drivers/reset/libdrivers__reset.a(reset_stm32.c.obj)
 .z_devstate    0x0000000020000092        0x4 zephyr/drivers/serial/libdrivers__serial.a(uart_stm32.c.obj)
 *(SORT_BY_ALIGNMENT(.z_devstate.*))
                0x0000000020000096                __device_states_end = .

log_mpsc_pbuf_area
                0x0000000020000098       0x3c load address 0x0000000008007f04
                0x0000000020000098                _log_mpsc_pbuf_list_start = .
 *(SORT_BY_NAME(SORT_BY_ALIGNMENT(._log_mpsc_pbuf.static.*)))
 ._log_mpsc_pbuf.static.log_buffer_
                0x0000000020000098       0x3c zephyr/libzephyr.a(log_core.c.obj)
                0x00000000200000d4                _log_mpsc_pbuf_list_end = .

log_msg_ptr_area
                0x00000000200000d4        0x4 load address 0x0000000008007f40
                0x00000000200000d4                _log_msg_ptr_list_start = .
 *(SORT_BY_NAME(SORT_BY_ALIGNMENT(._log_msg_ptr.static.*)))
 ._log_msg_ptr.static.log_msg_ptr_
                0x00000000200000d4        0x4 zephyr/libzephyr.a(log_core.c.obj)
                0x00000000200000d8                _log_msg_ptr_list_end = .

log_dynamic_area
                0x00000000200000d8        0x0 load address 0x0000000008007f44
                0x00000000200000d8                _log_dynamic_list_start = .
 *(SORT_BY_NAME(SORT_BY_ALIGNMENT(._log_dynamic.static.*)))
                0x00000000200000d8                _log_dynamic_list_end = .

k_timer_area    0x00000000200000d8        0x0 load address 0x0000000008007f44
                0x00000000200000d8                _k_timer_list_start = .
 *(SORT_BY_NAME(SORT_BY_ALIGNMENT(._k_timer.static.*)))
                0x00000000200000d8                _k_timer_list_end = .

k_mem_slab_area
                0x00000000200000d8        0x0 load address 0x0000000008007f44
                0x00000000200000d8                _k_mem_slab_list_start = .
 *(SORT_BY_NAME(SORT_BY_ALIGNMENT(._k_mem_slab.static.*)))
                0x00000000200000d8                _k_mem_slab_list_end = .

k_heap_area     0x00000000200000d8        0x0 load address 0x0000000008007f44
                0x00000000200000d8                _k_heap_list_start = .
 *(SORT_BY_NAME(SORT_BY_ALIGNMENT(._k_heap.static.*)))
                0x00000000200000d8                _k_heap_list_end = .

k_mutex_area    0x00000000200000d8        0x0 load address 0x0000000008007f44
                0x00000000200000d8                _k_mutex_list_start = .
 *(SORT_BY_NAME(SORT_BY_ALIGNMENT(._k_mutex.static.*)))
                0x00000000200000d8                _k_mutex_list_end = .

k_stack_area    0x00000000200000d8        0x0 load address 0x0000000008007f44
                0x00000000200000d8                _k_stack_list_start = .
 *(SORT_BY_NAME(SORT_BY_ALIGNMENT(._k_stack.static.*)))
                0x00000000200000d8                _k_stack_list_end = .

k_msgq_area     0x00000000200000d8        0x0 load address 0x0000000008007f44
                0x00000000200000d8                _k_msgq_list_start = .
 *(SORT_BY_NAME(SORT_BY_ALIGNMENT(._k_msgq.static.*)))
                0x00000000200000d8                _k_msgq_list_end = .

k_mbox_area     0x00000000200000d8        0x0 load address 0x0000000008007f44
                0x00000000200000d8                _k_mbox_list_start = .
 *(SORT_BY_NAME(SORT_BY_ALIGNMENT(._k_mbox.static.*)))
                0x00000000200000d8                _k_mbox_list_end = .

k_pipe_area     0x00000000200000d8        0x0 load address 0x0000000008007f44
                0x00000000200000d8                _k_pipe_list_start = .
 *(SORT_BY_NAME(SORT_BY_ALIGNMENT(._k_pipe.static.*)))
                0x00000000200000d8                _k_pipe_list_end = .

k_sem_area      0x00000000200000d8       0x10 load address 0x0000000008007f44
                0x00000000200000d8                _k_sem_list_start = .
 *(SORT_BY_NAME(SORT_BY_ALIGNMENT(._k_sem.static.*)))
 ._k_sem.static.log_process_thread_sem_
                0x00000000200000d8       0x10 zephyr/libzephyr.a(log_core.c.obj)
                0x00000000200000d8                log_process_thread_sem
                0x00000000200000e8                _k_sem_list_end = .
