Archive member included to satisfy reference by file (symbol)

app/libapp.a(main.cpp.obj)    (--whole-archive)
zephyr/libzephyr.a(cpp_dtors.c.obj)
                              (--whole-archive)
zephyr/libzephyr.a(heap.c.obj)
                              (--whole-archive)
zephyr/libzephyr.a(cbprintf_packaged.c.obj)
                              (--whole-archive)
zephyr/libzephyr.a(printk.c.obj)
                              (--whole-archive)
zephyr/libzephyr.a(sem.c.obj)
                              (--whole-archive)
zephyr/libzephyr.a(thread_entry.c.obj)
                              (--whole-archive)
zephyr/libzephyr.a(cbprintf_complete.c.obj)
                              (--whole-archive)
zephyr/libzephyr.a(cbprintf.c.obj)
                              (--whole-archive)
zephyr/libzephyr.a(assert.c.obj)
                              (--whole-archive)
zephyr/libzephyr.a(mpsc_pbuf.c.obj)
                              (--whole-archive)
zephyr/libzephyr.a(reboot.c.obj)
                              (--whole-archive)
zephyr/libzephyr.a(dec.c.obj)
                              (--whole-archive)
zephyr/libzephyr.a(hex.c.obj)
                              (--whole-archive)
zephyr/libzephyr.a(rb.c.obj)  (--whole-archive)
zephyr/libzephyr.a(timeutil.c.obj)
                              (--whole-archive)
zephyr/libzephyr.a(bitarray.c.obj)
                              (--whole-archive)
zephyr/libzephyr.a(configs.c.obj)
                              (--whole-archive)
zephyr/libzephyr.a(stm32cube_hal.c.obj)
                              (--whole-archive)
zephyr/libzephyr.a(soc_config.c.obj)
                              (--whole-archive)
zephyr/libzephyr.a(soc.c.obj)
                              (--whole-archive)
zephyr/libzephyr.a(log_core.c.obj)
                              (--whole-archive)
zephyr/libzephyr.a(log_mgmt.c.obj)
                              (--whole-archive)
zephyr/libzephyr.a(log_cache.c.obj)
                              (--whole-archive)
zephyr/libzephyr.a(log_msg.c.obj)
                              (--whole-archive)
zephyr/libzephyr.a(log_output.c.obj)
                              (--whole-archive)
zephyr/libzephyr.a(log_backend_uart.c.obj)
                              (--whole-archive)
zephyr/libzephyr.a(mem_attr.c.obj)
                              (--whole-archive)
zephyr/libzephyr.a(tracing_none.c.obj)
                              (--whole-archive)
zephyr/arch/common/libarch__common.a(sw_isr_common.c.obj)
                              (--whole-archive)
zephyr/arch/arch/arm/core/libarch__arm__core.a(fatal.c.obj)
                              (--whole-archive)
zephyr/arch/arch/arm/core/libarch__arm__core.a(nmi.c.obj)
                              (--whole-archive)
zephyr/arch/arch/arm/core/libarch__arm__core.a(nmi_on_reset.S.obj)
                              (--whole-archive)
zephyr/arch/arch/arm/core/libarch__arm__core.a(__aeabi_atexit.c.obj)
                              (--whole-archive)
zephyr/arch/arch/arm/core/cortex_m/libarch__arm__core__cortex_m.a(exc_exit.c.obj)
                              (--whole-archive)
zephyr/arch/arch/arm/core/cortex_m/libarch__arm__core__cortex_m.a(fault.c.obj)
                              (--whole-archive)
zephyr/arch/arch/arm/core/cortex_m/libarch__arm__core__cortex_m.a(fault_s.S.obj)
                              (--whole-archive)
zephyr/arch/arch/arm/core/cortex_m/libarch__arm__core__cortex_m.a(fpu.c.obj)
                              (--whole-archive)
zephyr/arch/arch/arm/core/cortex_m/libarch__arm__core__cortex_m.a(reset.S.obj)
                              (--whole-archive)
zephyr/arch/arch/arm/core/cortex_m/libarch__arm__core__cortex_m.a(scb.c.obj)
                              (--whole-archive)
zephyr/arch/arch/arm/core/cortex_m/libarch__arm__core__cortex_m.a(thread_abort.c.obj)
                              (--whole-archive)
zephyr/arch/arch/arm/core/cortex_m/libarch__arm__core__cortex_m.a(vector_table.S.obj)
                              (--whole-archive)
zephyr/arch/arch/arm/core/cortex_m/libarch__arm__core__cortex_m.a(swap.c.obj)
                              (--whole-archive)
zephyr/arch/arch/arm/core/cortex_m/libarch__arm__core__cortex_m.a(swap_helper.S.obj)
                              (--whole-archive)
zephyr/arch/arch/arm/core/cortex_m/libarch__arm__core__cortex_m.a(irq_manage.c.obj)
                              (--whole-archive)
zephyr/arch/arch/arm/core/cortex_m/libarch__arm__core__cortex_m.a(prep_c.c.obj)
                              (--whole-archive)
zephyr/arch/arch/arm/core/cortex_m/libarch__arm__core__cortex_m.a(thread.c.obj)
                              (--whole-archive)
zephyr/arch/arch/arm/core/cortex_m/libarch__arm__core__cortex_m.a(cpu_idle.c.obj)
                              (--whole-archive)
zephyr/arch/arch/arm/core/cortex_m/libarch__arm__core__cortex_m.a(irq_init.c.obj)
                              (--whole-archive)
zephyr/arch/arch/arm/core/cortex_m/libarch__arm__core__cortex_m.a(isr_wrapper.c.obj)
[...]
Memory Configuration

Name             Origin             Length             Attributes
FLASH            0x0000000008000000 0x0000000000080000 xr
RAM              0x0000000020000000 0x0000000000020000 xw
IDT_LIST         0x00000000ffff7fff 0x0000000000008000 xw
*default*        0x0000000000000000 0xffffffffffffffff

Linker script and memory map

LOAD zephyr/CMakeFiles/zephyr_final.dir/misc/empty_file.c.obj
LOAD zephyr/CMakeFiles/zephyr_final.dir/isr_tables.c.obj
LOAD zephyr/CMakeFiles/offsets.dir/./arch/arm/core/offsets/offsets.c.obj
LOAD app/libapp.a
LOAD zephyr/libzephyr.a
LOAD zephyr/arch/common/libarch__common.a
LOAD zephyr/arch/arch/arm/core/libarch__arm__core.a
LOAD zephyr/arch/arch/arm/core/cortex_m/libarch__arm__core__cortex_m.a
LOAD zephyr/arch/arch/arm/core/mpu/libarch__arm__core__mpu.a
LOAD zephyr/lib/libc/newlib/liblib__libc__newlib.a
LOAD zephyr/lib/libc/common/liblib__libc__common.a
LOAD zephyr/drivers/interrupt_controller/libdrivers__interrupt_controller.a
LOAD zephyr/drivers/clock_control/libdrivers__clock_control.a
LOAD zephyr/drivers/console/libdrivers__console.a
LOAD zephyr/drivers/gpio/libdrivers__gpio.a
LOAD zephyr/drivers/pinctrl/libdrivers__pinctrl.a
LOAD zephyr/drivers/reset/libdrivers__reset.a
LOAD zephyr/drivers/serial/libdrivers__serial.a
LOAD zephyr/drivers/timer/libdrivers__timer.a
LOAD modules/stm32/stm32cube/lib..__modules__hal__stm32__stm32cube.a
LOAD zephyr/kernel/libkernel.a
LOAD /home/babu-inc-5831/zephyr-sdk-0.16.8/arm-zephyr-eabi/bin/../lib/gcc/arm-zephyr-eabi/12.2.0/thumb/v7e-m/nofp/libgcc.a
LOAD zephyr/arch/common/libisr_tables.a
LOAD /home/babu-inc-5831/zephyr-sdk-0.16.8/arm-zephyr-eabi/arm-zephyr-eabi/lib/thumb/v7e-m/nofp/libstdc++.a
LOAD /home/babu-inc-5831/zephyr-sdk-0.16.8/arm-zephyr-eabi/arm-zephyr-eabi/lib/thumb/v7e-m/nofp/libm.a
LOAD /home/babu-inc-5831/zephyr-sdk-0.16.8/arm-zephyr-eabi/arm-zephyr-eabi/lib/thumb/v7e-m/nofp/libc.a
LOAD /home/babu-inc-5831/zephyr-sdk-0.16.8/arm-zephyr-eabi/bin/../lib/gcc/arm-zephyr-eabi/12.2.0/thumb/v7e-m/nofp/libgcc.a
LOAD /home/babu-inc-5831/zephyr-sdk-0.16.8/arm-zephyr-eabi/arm-zephyr-eabi/lib/thumb/v7e-m/nofp/libc.a
                0x0000000000000020                _region_min_align = 0x20

.rel.plt        0x0000000008000000        0x0
 *(SORT_BY_ALIGNMENT(.rel.plt))
                [!provide]                        PROVIDE (__rel_iplt_start = .)
 *(SORT_BY_ALIGNMENT(.rel.iplt))
 .rel.iplt      0x0000000008000000        0x0 zephyr/CMakeFiles/zephyr_final.dir/isr_tables.c.obj
                [!provide]                        PROVIDE (__rel_iplt_end = .)

.rela.plt       0x0000000000000000        0x0
 *(SORT_BY_ALIGNMENT(.rela.plt))
                [!provide]                        PROVIDE (__rela_iplt_start = .)
 *(SORT_BY_ALIGNMENT(.rela.iplt))
                [!provide]                        PROVIDE (__rela_iplt_end = .)

.rel.dyn
 *(SORT_BY_ALIGNMENT(.rel.*))

.rela.dyn
 *(SORT_BY_ALIGNMENT(.rela.*))

/DISCARD/
 *(SORT_BY_ALIGNMENT(.plt))

/DISCARD/
 *(SORT_BY_ALIGNMENT(.iplt))
                0x0000000008000000                __rom_region_start = 0x8000000

rom_start       0x0000000008000000      0x1d8
                0x0000000008000000                __rom_start_address = .
 FILL mask 0x00
                0x0000000008000000                . = (. + (0x0 - (. - __rom_start_address)))
                0x0000000008000000                . = ALIGN (0x4)
                0x0000000008000000                . = ALIGN (0x80)
                0x0000000008000000                . = ALIGN (0x200)
                0x0000000008000000                _vector_start = .
 *(SORT_BY_ALIGNMENT(.exc_vector_table))
 *(SORT_BY_ALIGNMENT(.exc_vector_table.*))
 .exc_vector_table._vector_table_section
                0x0000000008000000       0x40 zephyr/arch/arch/arm/core/cortex_m/libarch__arm__core__cortex_m.a(vector_table.S.obj)
                0x0000000008000000                _vector_table
 *(SORT_BY_ALIGNMENT(.vectors))
                0x00000000080001d8                _vector_end = .
                0x0000000008000040                . = ALIGN (0x4)
 *(SORT_BY_ALIGNMENT(.gnu.linkonce.irq_vector_table*))
 .gnu.linkonce.irq_vector_table
                0x0000000008000040      0x198 zephyr/CMakeFiles/zephyr_final.dir/isr_tables.c.obj
                0x0000000008000040                _irq_vector_table
                0x00000000080001d8                _vector_end = .

text            0x0000000008000200     0x7acc
                0x0000000008000200                __text_region_start = .
 *(SORT_BY_ALIGNMENT(.text))
 .text          0x0000000008000200       0xdc /home/babu-inc-5831/zephyr-sdk-0.16.8/arm-zephyr-eabi/arm-zephyr-eabi/lib/thumb/v7e-m/nofp/libc.a(lib_a-strlen.o)
                0x0000000008000200                strlen
 *fill*         0x00000000080002dc        0x4 
 .text          0x00000000080002e0      0x2dc /home/babu-inc-5831/zephyr-sdk-0.16.8/arm-zephyr-eabi/arm-zephyr-eabi/lib/thumb/v7e-m/nofp/libc.a(lib_a-strcmp.o)
                0x00000000080002e8                strcmp
 .text          0x00000000080005bc       0x30 /home/babu-inc-5831/zephyr-sdk-0.16.8/arm-zephyr-eabi/bin/../lib/gcc/arm-zephyr-eabi/12.2.0/thumb/v7e-m/nofp/libgcc.a(_aeabi_uldivmod.o)
                0x00000000080005bc                __aeabi_uldivmod
 .text          0x00000000080005ec        0x4 /home/babu-inc-5831/zephyr-sdk-0.16.8/arm-zephyr-eabi/bin/../lib/gcc/arm-zephyr-eabi/12.2.0/thumb/v7e-m/nofp/libgcc.a(_dvmd_tls.o)
                0x00000000080005ec                __aeabi_ldiv0
                0x00000000080005ec                __aeabi_idiv0
 .text          0x00000000080005f0      0x134 /home/babu-inc-5831/zephyr-sdk-0.16.8/arm-zephyr-eabi/arm-zephyr-eabi/lib/thumb/v7e-m/nofp/libc.a(lib_a-memcpy.o)
                0x00000000080005f0                memcpy
 .text          0x0000000008000724      0x2a0 /home/babu-inc-5831/zephyr-sdk-0.16.8/arm-zephyr-eabi/bin/../lib/gcc/arm-zephyr-eabi/12.2.0/thumb/v7e-m/nofp/libgcc.a(_udivmoddi4.o)
                0x0000000008000724                __udivmoddi4
 *(SORT_BY_ALIGNMENT(.text.*))
 .text.main     0x00000000080009c4       0xb4 app/libapp.a(main.cpp.obj)
                0x00000000080009c4                main
 .text.cbvprintf_package
                0x0000000008000a78      0x42c zephyr/libzephyr.a(cbprintf_packaged.c.obj)
                0x0000000008000a78                cbvprintf_package
 .text.cbprintf_package_convert
                0x0000000008000ea4      0x468 zephyr/libzephyr.a(cbprintf_packaged.c.obj)
                0x0000000008000ea4                cbprintf_package_convert
 .text.__printk_hook_install
                0x000000000800130c        0xc zephyr/libzephyr.a(printk.c.obj)
                0x000000000800130c                __printk_hook_install
 .text.vsnprintk
                0x0000000008001318       0x2c zephyr/libzephyr.a(printk.c.obj)
                0x0000000008001318                vsnprintk
 .text.extract_decimal
                0x0000000008001344       0x2c zephyr/libzephyr.a(cbprintf_complete.c.obj)
 .text.encode_uint
                0x0000000008001370       0x9c zephyr/libzephyr.a(cbprintf_complete.c.obj)
 .text.z_cbvprintf_impl
                0x000000000800140c      0x76c zephyr/libzephyr.a(cbprintf_complete.c.obj)
                0x000000000800140c                z_cbvprintf_impl
 .text.mpsc_pbuf_init
                0x0000000008001b78       0x64 zephyr/libzephyr.a(mpsc_pbuf.c.obj)
                0x0000000008001b78                mpsc_pbuf_init
 .text.mpsc_pbuf_alloc
                0x0000000008001bdc      0x184 zephyr/libzephyr.a(mpsc_pbuf.c.obj)
                0x0000000008001bdc                mpsc_pbuf_alloc
 .text.mpsc_pbuf_commit
                0x0000000008001d60       0xb0 zephyr/libzephyr.a(mpsc_pbuf.c.obj)
                0x0000000008001d60                mpsc_pbuf_commit
 .text.mpsc_pbuf_claim
                0x0000000008001e10      0x110 zephyr/libzephyr.a(mpsc_pbuf.c.obj)
                0x0000000008001e10                mpsc_pbuf_claim
 .text.mpsc_pbuf_free
                0x0000000008001f20       0xe4 zephyr/libzephyr.a(mpsc_pbuf.c.obj)
                0x0000000008001f20                mpsc_pbuf_free
 .text.st_stm32_common_config
                0x0000000008002004       0x14 zephyr/libzephyr.a(soc_config.c.obj)
 .text.stm32g4_init
                0x0000000008002018       0x68 zephyr/libzephyr.a(soc.c.obj)
 .text.enable_logger
                0x0000000008002080       0x5c zephyr/libzephyr.a(log_core.c.obj)
 .text.activate_foreach_backend
                0x00000000080020dc       0x64 zephyr/libzephyr.a(log_core.c.obj)
 .text.z_log_init
                0x0000000008002140       0xdc zephyr/libzephyr.a(log_core.c.obj)
 .text.log_process_thread_timer_expiry_fn
                0x000000000800221c        0xc zephyr/libzephyr.a(log_core.c.obj)
 .text.log_format_func_t_get
                0x0000000008002228        0xc zephyr/libzephyr.a(log_core.c.obj)
                0x0000000008002228                log_format_func_t_get
 .text.log_set_timestamp_func
                0x0000000008002234       0x20 zephyr/libzephyr.a(log_core.c.obj)
                0x0000000008002234                log_set_timestamp_func
 .text.z_log_notify_backend_enabled
                0x0000000008002254       0x1c zephyr/libzephyr.a(log_core.c.obj)
                0x0000000008002254                z_log_notify_backend_enabled
 .text.z_log_dropped
                0x0000000008002270       0x30 zephyr/libzephyr.a(log_core.c.obj)
                0x0000000008002270                z_log_dropped
 .text.z_log_dropped_read_and_clear
                0x00000000080022a0       0x20 zephyr/libzephyr.a(log_core.c.obj)
                0x00000000080022a0                z_log_dropped_read_and_clear
 .text.dropped_notify
                0x00000000080022c0       0x60 zephyr/libzephyr.a(log_core.c.obj)
                0x00000000080022c0                dropped_notify
 .text.z_log_msg_init
                0x0000000008002320       0x20 zephyr/libzephyr.a(log_core.c.obj)
                0x0000000008002320                z_log_msg_init
 .text.log_core_init
                0x0000000008002340       0x34 zephyr/libzephyr.a(log_core.c.obj)
                0x0000000008002340                log_core_init
 .text.z_log_msg_alloc
                0x0000000008002374       0x10 zephyr/libzephyr.a(log_core.c.obj)
                0x0000000008002374                z_log_msg_alloc
 .text.z_log_msg_local_claim
                0x0000000008002384        0xc zephyr/libzephyr.a(log_core.c.obj)
                0x0000000008002384                z_log_msg_local_claim
 .text.z_log_msg_free
                0x0000000008002390       0x10 zephyr/libzephyr.a(log_core.c.obj)
                0x0000000008002390                z_log_msg_free
 .text.z_log_msg_pending
                0x00000000080023a0        0xc zephyr/libzephyr.a(log_core.c.obj)
                0x00000000080023a0                z_log_msg_pending
 .text.z_impl_log_process
                0x00000000080023ac       0xe0 zephyr/libzephyr.a(log_core.c.obj)
                0x00000000080023ac                z_impl_log_process
 .text.z_impl_log_panic
                0x000000000800248c       0x74 zephyr/libzephyr.a(log_core.c.obj)
                0x000000000800248c                z_impl_log_panic
 .text.log_process_thread_func
                0x0000000008002500       0xec zephyr/libzephyr.a(log_core.c.obj)
 .text.z_log_msg_post_finalize
                0x00000000080025ec       0xe4 zephyr/libzephyr.a(log_core.c.obj)
 .text.z_log_msg_commit
                0x00000000080026d0       0x24 zephyr/libzephyr.a(log_core.c.obj)
                0x00000000080026d0                z_log_msg_commit
 .text.log_source_name_get
                0x00000000080026f4       0x1c zephyr/libzephyr.a(log_mgmt.c.obj)
                0x00000000080026f4                log_source_name_get
 .text.log_backend_enable
                0x0000000008002710       0x4c zephyr/libzephyr.a(log_mgmt.c.obj)
                0x0000000008002710                log_backend_enable
 .text.z_impl_z_log_msg_static_create
                0x000000000800275c      0x12c zephyr/libzephyr.a(log_msg.c.obj)
                0x000000000800275c                z_impl_z_log_msg_static_create
 .text.z_log_msg_runtime_vcreate
                0x0000000008002888       0xe0 zephyr/libzephyr.a(log_msg.c.obj)
                0x0000000008002888                z_log_msg_runtime_vcreate
 .text.log_msg_get_source_id
                0x0000000008002968       0x18 zephyr/libzephyr.a(log_msg.c.obj)
                0x0000000008002968                log_msg_get_source_id
 .text.print_formatted
                0x0000000008002980       0x24 zephyr/libzephyr.a(log_output.c.obj)
 .text.newline_print
                0x00000000080029a4       0x1c zephyr/libzephyr.a(log_output.c.obj)
 .text.out_func
                0x00000000080029c0       0x60 zephyr/libzephyr.a(log_output.c.obj)
 .text.log_output_process
                0x0000000008002a20      0x324 zephyr/libzephyr.a(log_output.c.obj)
                0x0000000008002a20                log_output_process
 .text.log_output_dropped_process
                0x0000000008002d44       0x58 zephyr/libzephyr.a(log_output.c.obj)
                0x0000000008002d44                log_output_dropped_process
 .text.log_output_timestamp_freq_set
                0x0000000008002d9c       0x2c zephyr/libzephyr.a(log_output.c.obj)
                0x0000000008002d9c                log_output_timestamp_freq_set
 .text.char_out
                0x0000000008002dc8       0x24 zephyr/libzephyr.a(log_backend_uart.c.obj)
 .text.log_backend_uart_init
                0x0000000008002dec       0x3c zephyr/libzephyr.a(log_backend_uart.c.obj)
 .text.mem_attr_get_regions
                0x0000000008002e28        0xc zephyr/libzephyr.a(mem_attr.c.obj)
                0x0000000008002e28                mem_attr_get_regions
 .text.z_arm_fatal_error
                0x0000000008002e34       0xb8 zephyr/arch/arch/arm/core/libarch__arm__core.a(fatal.c.obj)
                0x0000000008002e34                z_arm_fatal_error
 .text.z_arm_nmi
                0x0000000008002eec       0x14 zephyr/arch/arch/arm/core/libarch__arm__core.a(nmi.c.obj)
                0x0000000008002eec                z_arm_nmi
 .text.z_SysNmiOnReset
                0x0000000008002f00        0x8 zephyr/arch/arch/arm/core/libarch__arm__core.a(nmi_on_reset.S.obj)
                0x0000000008002f00                z_SysNmiOnReset
 .text._HandlerModeExit
                0x0000000008002f08       0x28 zephyr/arch/arch/arm/core/cortex_m/libarch__arm__core__cortex_m.a(exc_exit.c.obj)
                0x0000000008002f08                z_arm_exc_exit
                0x0000000008002f08                z_arm_int_exit
 .text.bus_fault.constprop.0
                0x0000000008002f30       0xd0 zephyr/arch/arch/arm/core/cortex_m/libarch__arm__core__cortex_m.a(fault.c.obj)
 .text.usage_fault.constprop.0
                0x0000000008003000       0xa8 zephyr/arch/arch/arm/core/cortex_m/libarch__arm__core__cortex_m.a(fault.c.obj)
 .text.mem_manage_fault
                0x00000000080030a8      0x138 zephyr/arch/arch/arm/core/cortex_m/libarch__arm__core__cortex_m.a(fault.c.obj)
 .text.z_arm_fault
                0x00000000080031e0      0x238 zephyr/arch/arch/arm/core/cortex_m/libarch__arm__core__cortex_m.a(fault.c.obj)
                0x00000000080031e0                z_arm_fault
 .text.z_arm_fault_init
                0x0000000008003418       0x10 zephyr/arch/arch/arm/core/cortex_m/libarch__arm__core__cortex_m.a(fault.c.obj)
                0x0000000008003418                z_arm_fault_init
 .text.__fault  0x0000000008003428       0x14 zephyr/arch/arch/arm/core/cortex_m/libarch__arm__core__cortex_m.a(fault_s.S.obj)
                0x0000000008003428                z_arm_bus_fault
                0x0000000008003428                z_arm_usage_fault
                0x0000000008003428                z_arm_mpu_fault
                0x0000000008003428                z_arm_exc_spurious
                0x0000000008003428                z_arm_debug_monitor
                0x0000000008003428                z_arm_hard_fault
 .text._reset_section
                0x000000000800343c       0x2c zephyr/arch/arch/arm/core/cortex_m/libarch__arm__core__cortex_m.a(reset.S.obj)
                0x000000000800343c                z_arm_reset
                0x000000000800343c                __start
 .text.z_impl_k_thread_abort
                0x0000000008003468       0x2c zephyr/arch/arch/arm/core/cortex_m/libarch__arm__core__cortex_m.a(thread_abort.c.obj)
                0x0000000008003468                z_impl_k_thread_abort
 .text.arch_swap
                0x0000000008003494       0x30 zephyr/arch/arch/arm/core/cortex_m/libarch__arm__core__cortex_m.a(swap.c.obj)
                0x0000000008003494                arch_swap
 .text.z_arm_pendsv_c
                0x00000000080034c4       0x40 zephyr/arch/arch/arm/core/cortex_m/libarch__arm__core__cortex_m.a(swap.c.obj)
                0x00000000080034c4                z_arm_pendsv_c
 .text.z_arm_pendsv
                0x0000000008003504       0x34 zephyr/arch/arch/arm/core/cortex_m/libarch__arm__core__cortex_m.a(swap_helper.S.obj)
                0x0000000008003504                z_arm_pendsv
 .text.z_arm_svc
                0x0000000008003538       0x20 zephyr/arch/arch/arm/core/cortex_m/libarch__arm__core__cortex_m.a(swap_helper.S.obj)
                0x0000000008003538                z_arm_svc
 .text.arch_irq_enable
                0x0000000008003558       0x1c zephyr/arch/arch/arm/core/cortex_m/libarch__arm__core__cortex_m.a(irq_manage.c.obj)
                0x0000000008003558                arch_irq_enable
 .text.z_arm_irq_priority_set
                0x0000000008003574       0x68 zephyr/arch/arch/arm/core/cortex_m/libarch__arm__core__cortex_m.a(irq_manage.c.obj)
                0x0000000008003574                z_arm_irq_priority_set
 .text.z_prep_c
                0x00000000080035dc       0x48 zephyr/arch/arch/arm/core/cortex_m/libarch__arm__core__cortex_m.a(prep_c.c.obj)
                0x00000000080035dc                z_prep_c
 .text.arch_new_thread
                0x0000000008003624       0x38 zephyr/arch/arch/arm/core/cortex_m/libarch__arm__core__cortex_m.a(thread.c.obj)
                0x0000000008003624                arch_new_thread
 .text.z_check_thread_stack_fail
                0x000000000800365c       0x2c zephyr/arch/arch/arm/core/cortex_m/libarch__arm__core__cortex_m.a(thread.c.obj)
                0x000000000800365c                z_check_thread_stack_fail
 .text.arch_switch_to_main_thread
                0x0000000008003688       0x3c zephyr/arch/arch/arm/core/cortex_m/libarch__arm__core__cortex_m.a(thread.c.obj)
                0x0000000008003688                arch_switch_to_main_thread
 .text.z_arm_cpu_idle_init
                0x00000000080036c4        0xc zephyr/arch/arch/arm/core/cortex_m/libarch__arm__core__cortex_m.a(cpu_idle.c.obj)
                0x00000000080036c4                z_arm_cpu_idle_init
 .text.z_arm_interrupt_init
                0x00000000080036d0       0x18 zephyr/arch/arch/arm/core/cortex_m/libarch__arm__core__cortex_m.a(irq_init.c.obj)
                0x00000000080036d0                z_arm_interrupt_init
 .text._isr_wrapper
                0x00000000080036e8       0x24 zephyr/arch/arch/arm/core/cortex_m/libarch__arm__core__cortex_m.a(isr_wrapper.c.obj)
                0x00000000080036e8                _isr_wrapper
 .text.z_arm_configure_static_mpu_regions
                0x000000000800370c       0x18 zephyr/arch/arch/arm/core/mpu/libarch__arm__core__mpu.a(arm_core_mpu.c.obj)
                0x000000000800370c                z_arm_configure_static_mpu_regions
 .text.z_arm_configure_dynamic_mpu_regions
                0x0000000008003724       0x20 zephyr/arch/arch/arm/core/mpu/libarch__arm__core__mpu.a(arm_core_mpu.c.obj)
                0x0000000008003724                z_arm_configure_dynamic_mpu_regions
 .text.region_allocate_and_init
                0x0000000008003744       0x54 zephyr/arch/arch/arm/core/mpu/libarch__arm__core__mpu.a(arm_mpu.c.obj)
 .text.mpu_configure_regions
                0x0000000008003798       0x68 zephyr/arch/arch/arm/core/mpu/libarch__arm__core__mpu.a(arm_mpu.c.obj)
 .text.arm_core_mpu_enable
                0x0000000008003800       0x18 zephyr/arch/arch/arm/core/mpu/libarch__arm__core__mpu.a(arm_mpu.c.obj)
                0x0000000008003800                arm_core_mpu_enable
 .text.arm_core_mpu_disable
                0x0000000008003818       0x14 zephyr/arch/arch/arm/core/mpu/libarch__arm__core__mpu.a(arm_mpu.c.obj)
                0x0000000008003818                arm_core_mpu_disable
 .text.arm_core_mpu_configure_static_mpu_regions
                0x000000000800382c       0x4c zephyr/arch/arch/arm/core/mpu/libarch__arm__core__mpu.a(arm_mpu.c.obj)
                0x000000000800382c                arm_core_mpu_configure_static_mpu_regions
 .text.arm_core_mpu_configure_dynamic_mpu_regions
                0x0000000008003878       0x6c zephyr/arch/arch/arm/core/mpu/libarch__arm__core__mpu.a(arm_mpu.c.obj)
                0x0000000008003878                arm_core_mpu_configure_dynamic_mpu_regions
 .text.z_arm_mpu_init
                0x00000000080038e4      0x230 zephyr/arch/arch/arm/core/mpu/libarch__arm__core__mpu.a(arm_mpu.c.obj)
                0x00000000080038e4                z_arm_mpu_init
 .text.malloc_prepare
                0x0000000008003b14       0x44 zephyr/lib/libc/newlib/liblib__libc__newlib.a(libc-hooks.c.obj)
 .text.__stdout_hook_install
                0x0000000008003b58        0xc zephyr/lib/libc/newlib/liblib__libc__newlib.a(libc-hooks.c.obj)
                0x0000000008003b58                __stdout_hook_install
 .text.stm32_exti_isr
                0x0000000008003b64       0x4c zephyr/drivers/interrupt_controller/libdrivers__interrupt_controller.a(intc_exti_stm32.c.obj)
 .text.stm32_fill_irq_table
                0x0000000008003bb0       0x18 zephyr/drivers/interrupt_controller/libdrivers__interrupt_controller.a(intc_exti_stm32.c.obj)
 .text.stm32_exti_enable
                0x0000000008003bc8       0x24 zephyr/drivers/interrupt_controller/libdrivers__interrupt_controller.a(intc_exti_stm32.c.obj)
                0x0000000008003bc8                stm32_exti_enable
 .text.stm32_exti_disable
                0x0000000008003bec       0x18 zephyr/drivers/interrupt_controller/libdrivers__interrupt_controller.a(intc_exti_stm32.c.obj)
                0x0000000008003bec                stm32_exti_disable
 .text.stm32_exti_trigger
                0x0000000008003c04       0x60 zephyr/drivers/interrupt_controller/libdrivers__interrupt_controller.a(intc_exti_stm32.c.obj)
                0x0000000008003c04                stm32_exti_trigger
 .text.stm32_exti_set_callback
                0x0000000008003c64       0x30 zephyr/drivers/interrupt_controller/libdrivers__interrupt_controller.a(intc_exti_stm32.c.obj)
                0x0000000008003c64                stm32_exti_set_callback
 .text.stm32_exti_unset_callback
                0x0000000008003c94       0x14 zephyr/drivers/interrupt_controller/libdrivers__interrupt_controller.a(intc_exti_stm32.c.obj)
                0x0000000008003c94                stm32_exti_unset_callback
 .text.stm32_clock_control_get_subsys_rate
                0x0000000008003ca8       0x94 zephyr/drivers/clock_control/libdrivers__clock_control.a(clock_stm32_ll_common.c.obj)
 .text.stm32_clock_control_init
                0x0000000008003d3c      0x144 zephyr/drivers/clock_control/libdrivers__clock_control.a(clock_stm32_ll_common.c.obj)
                0x0000000008003d3c                stm32_clock_control_init
 .text.get_pllsrc_frequency
                0x0000000008003e80        0x8 zephyr/drivers/clock_control/libdrivers__clock_control.a(clock_stm32g4.c.obj)
                0x0000000008003e80                get_pllsrc_frequency
 .text.config_pll_sysclock
                0x0000000008003e88       0x34 zephyr/drivers/clock_control/libdrivers__clock_control.a(clock_stm32g4.c.obj)
                0x0000000008003e88                config_pll_sysclock
 .text.config_enable_default_clocks
                0x0000000008003ebc       0x20 zephyr/drivers/clock_control/libdrivers__clock_control.a(clock_stm32g4.c.obj)
                0x0000000008003ebc                config_enable_default_clocks
 .text.uart_console_init
                0x0000000008003edc       0x28 zephyr/drivers/console/libdrivers__console.a(uart_console.c.obj)
 .text.console_out
                0x0000000008003f04       0x28 zephyr/drivers/console/libdrivers__console.a(uart_console.c.obj)
 .text.gpio_stm32_manage_callback
                0x0000000008003f2c       0xa0 zephyr/drivers/gpio/libdrivers__gpio.a(gpio_stm32.c.obj)
 .text.gpio_stm32_init
                0x0000000008003fcc       0x30 zephyr/drivers/gpio/libdrivers__gpio.a(gpio_stm32.c.obj)
 .text.gpio_stm32_isr
                0x0000000008003ffc       0x58 zephyr/drivers/gpio/libdrivers__gpio.a(gpio_stm32.c.obj)
 .text.gpio_stm32_pin_interrupt_configure
                0x0000000008004054      0x118 zephyr/drivers/gpio/libdrivers__gpio.a(gpio_stm32.c.obj)
 .text.pinctrl_configure_pins
                0x000000000800416c       0xb0 zephyr/drivers/pinctrl/libdrivers__pinctrl.a(pinctrl_stm32.c.obj)
                0x000000000800416c                pinctrl_configure_pins
 .text.uart_stm32_cfg2ll_stopbits
                0x000000000800421c       0x38 zephyr/drivers/serial/libdrivers__serial.a(uart_stm32.c.obj)
 .text.uart_stm32_irq_err_enable
                0x0000000008004254       0x60 zephyr/drivers/serial/libdrivers__serial.a(uart_stm32.c.obj)
 .text.uart_stm32_irq_err_disable
                0x00000000080042b4       0x60 zephyr/drivers/serial/libdrivers__serial.a(uart_stm32.c.obj)
 .text.lpuartdiv_calc
                0x0000000008004314       0x30 zephyr/drivers/serial/libdrivers__serial.a(uart_stm32.c.obj)
                0x0000000008004314                lpuartdiv_calc
 .text.uart_stm32_set_baudrate
                0x0000000008004344      0x184 zephyr/drivers/serial/libdrivers__serial.a(uart_stm32.c.obj)
 .text.uart_stm32_configure
                0x00000000080044c8      0x100 zephyr/drivers/serial/libdrivers__serial.a(uart_stm32.c.obj)
 .text.uart_stm32_init
                0x00000000080045c8      0x1d8 zephyr/drivers/serial/libdrivers__serial.a(uart_stm32.c.obj)
 .text.elapsed  0x00000000080047a0       0x4c zephyr/drivers/timer/libdrivers__timer.a(cortex_m_systick.c.obj)
 .text.sys_clock_driver_init
                0x00000000080047ec       0x38 zephyr/drivers/timer/libdrivers__timer.a(cortex_m_systick.c.obj)
 .text.sys_clock_isr
                0x0000000008004824       0x54 zephyr/drivers/timer/libdrivers__timer.a(cortex_m_systick.c.obj)
                0x0000000008004824                sys_clock_isr
 .text.sys_clock_set_timeout
                0x0000000008004878      0x164 zephyr/drivers/timer/libdrivers__timer.a(cortex_m_systick.c.obj)
                0x0000000008004878                sys_clock_set_timeout
 .text.sys_clock_elapsed
                0x00000000080049dc       0xa4 zephyr/drivers/timer/libdrivers__timer.a(cortex_m_systick.c.obj)
                0x00000000080049dc                sys_clock_elapsed
 .text.HAL_RCC_GetSysClockFreq
                0x0000000008004a80       0x6c modules/stm32/stm32cube/lib..__modules__hal__stm32__stm32cube.a(stm32g4xx_hal_rcc.c.obj)
                0x0000000008004a80                HAL_RCC_GetSysClockFreq
 .text.LL_SetFlashLatency
                0x0000000008004aec       0xdc modules/stm32/stm32cube/lib..__modules__hal__stm32__stm32cube.a(stm32g4xx_ll_utils.c.obj)
                0x0000000008004aec                LL_SetFlashLatency
 .text.z_device_state_init
                0x0000000008004bc8       0x44 zephyr/kernel/libkernel.a(device.c.obj)
                0x0000000008004bc8                z_device_state_init
 .text.k_sys_fatal_error_handler
                0x0000000008004c0c       0x20 zephyr/kernel/libkernel.a(fatal.c.obj)
                0x0000000008004c0c                k_sys_fatal_error_handler
 .text.z_fatal_error
                0x0000000008004c2c      0x114 zephyr/kernel/libkernel.a(fatal.c.obj)
                0x0000000008004c2c                z_fatal_error
 .text.z_sys_init_run_level
                0x0000000008004d40       0x2c zephyr/kernel/libkernel.a(init.c.obj)
 .text.bg_thread_main
                0x0000000008004d6c      0x10c zephyr/kernel/libkernel.a(init.c.obj)
 .text.z_bss_zero
                0x0000000008004e78       0x18 zephyr/kernel/libkernel.a(init.c.obj)
                0x0000000008004e78                z_bss_zero
 .text.z_init_cpu
                0x0000000008004e90       0x70 zephyr/kernel/libkernel.a(init.c.obj)
                0x0000000008004e90                z_init_cpu
 .text.z_cstart
                0x0000000008004f00       0xdc zephyr/kernel/libkernel.a(init.c.obj)
                0x0000000008004f00                z_cstart
 .text.__do_global_ctors_aux
                0x0000000008004fdc       0x1c zephyr/kernel/libkernel.a(init_static.c.obj)
                0x0000000008004fdc                __do_global_ctors_aux
 .text.__do_init_array_aux
                0x0000000008004ff8       0x1c zephyr/kernel/libkernel.a(init_static.c.obj)
                0x0000000008004ff8                __do_init_array_aux
 .text.idle     0x0000000008005014       0x48 zephyr/kernel/libkernel.a(idle.c.obj)
                0x0000000008005014                idle
 .text.z_impl_k_sem_give
                0x000000000800505c       0xb0 zephyr/kernel/libkernel.a(sem.c.obj)
                0x000000000800505c                z_impl_k_sem_give
 .text.z_impl_k_sem_take
                0x000000000800510c       0xf4 zephyr/kernel/libkernel.a(sem.c.obj)
                0x000000000800510c                z_impl_k_sem_take
 .text.z_setup_new_thread
                0x0000000008005200       0xc8 zephyr/kernel/libkernel.a(thread.c.obj)
                0x0000000008005200                z_setup_new_thread
 .text.z_impl_k_thread_create
                0x00000000080052c8       0x8c zephyr/kernel/libkernel.a(thread.c.obj)
                0x00000000080052c8                z_impl_k_thread_create
 .text.update_cache
                0x0000000008005354       0x68 zephyr/kernel/libkernel.a(sched.c.obj)
 .text.unready_thread
                0x00000000080053bc       0x58 zephyr/kernel/libkernel.a(sched.c.obj)
 .text.unpend_thread_no_timeout
                0x0000000008005414       0x3c zephyr/kernel/libkernel.a(sched.c.obj)
 .text.ready_thread
                0x0000000008005450       0x94 zephyr/kernel/libkernel.a(sched.c.obj)
 .text.z_thread_halt
                0x00000000080054e4      0x180 zephyr/kernel/libkernel.a(sched.c.obj)
 .text.move_thread_to_end_of_prio_q
                0x0000000008005664       0xb0 zephyr/kernel/libkernel.a(sched.c.obj)
                0x0000000008005664                move_thread_to_end_of_prio_q
 .text.z_ready_thread
                0x0000000008005714       0x8c zephyr/kernel/libkernel.a(sched.c.obj)
                0x0000000008005714                z_ready_thread
 .text.z_impl_k_thread_suspend
                0x00000000080057a0       0xa0 zephyr/kernel/libkernel.a(sched.c.obj)
                0x00000000080057a0                z_impl_k_thread_suspend
 .text.z_unpend_thread_no_timeout
                0x0000000008005840       0x90 zephyr/kernel/libkernel.a(sched.c.obj)
                0x0000000008005840                z_unpend_thread_no_timeout
 .text.z_sched_wake_thread
                0x00000000080058d0       0xb0 zephyr/kernel/libkernel.a(sched.c.obj)
                0x00000000080058d0                z_sched_wake_thread
 .text.z_pend_curr
                0x0000000008005980      0x10c zephyr/kernel/libkernel.a(sched.c.obj)
                0x0000000008005980                z_pend_curr
 .text.z_unpend1_no_timeout
                0x0000000008005a8c       0x9c zephyr/kernel/libkernel.a(sched.c.obj)
                0x0000000008005a8c                z_unpend1_no_timeout
 .text.z_unpend_first_thread
                0x0000000008005b28       0xa4 zephyr/kernel/libkernel.a(sched.c.obj)
                0x0000000008005b28                z_unpend_first_thread
 .text.z_reschedule
                0x0000000008005bcc       0x8c zephyr/kernel/libkernel.a(sched.c.obj)
                0x0000000008005bcc                z_reschedule
 .text.z_sched_start
                0x0000000008005c58       0xa4 zephyr/kernel/libkernel.a(sched.c.obj)
                0x0000000008005c58                z_sched_start
 .text.z_reschedule_irqlock
                0x0000000008005cfc       0x28 zephyr/kernel/libkernel.a(sched.c.obj)
                0x0000000008005cfc                z_reschedule_irqlock
 .text.k_sched_lock
                0x0000000008005d24       0xdc zephyr/kernel/libkernel.a(sched.c.obj)
                0x0000000008005d24                k_sched_lock
 .text.k_sched_unlock
                0x0000000008005e00       0xf8 zephyr/kernel/libkernel.a(sched.c.obj)
                0x0000000008005e00                k_sched_unlock
 .text.z_sched_init
                0x0000000008005ef8       0x10 zephyr/kernel/libkernel.a(sched.c.obj)
                0x0000000008005ef8                z_sched_init
 .text.z_impl_k_yield
                0x0000000008005f08      0x144 zephyr/kernel/libkernel.a(sched.c.obj)
                0x0000000008005f08                z_impl_k_yield
 .text.z_tick_sleep
                0x000000000800604c      0x144 zephyr/kernel/libkernel.a(sched.c.obj)
 .text.z_impl_k_sleep
                0x0000000008006190       0x70 zephyr/kernel/libkernel.a(sched.c.obj)
                0x0000000008006190                z_impl_k_sleep
 .text.z_impl_k_sched_current_thread_query
                0x0000000008006200        0xc zephyr/kernel/libkernel.a(sched.c.obj)
                0x0000000008006200                z_impl_k_sched_current_thread_query
 .text.z_thread_abort
                0x000000000800620c       0xdc zephyr/kernel/libkernel.a(sched.c.obj)
                0x000000000800620c                z_thread_abort
 .text.slice_timeout
                0x00000000080062e8       0x5c zephyr/kernel/libkernel.a(timeslicing.c.obj)
 .text.thread_is_sliceable
                0x0000000008006344       0x3c zephyr/kernel/libkernel.a(timeslicing.c.obj)
                0x0000000008006344                thread_is_sliceable
 .text.z_reset_time_slice
                0x0000000008006380       0x50 zephyr/kernel/libkernel.a(timeslicing.c.obj)
                0x0000000008006380                z_reset_time_slice
 .text.z_time_slice
                0x00000000080063d0       0xc8 zephyr/kernel/libkernel.a(timeslicing.c.obj)
                0x00000000080063d0                z_time_slice
 .text.z_spin_lock_valid
                0x0000000008006498       0x1c zephyr/kernel/libkernel.a(spinlock_validate.c.obj)
                0x0000000008006498                z_spin_lock_valid
 .text.z_spin_unlock_valid
                0x00000000080064b4       0x2c zephyr/kernel/libkernel.a(spinlock_validate.c.obj)
                0x00000000080064b4                z_spin_unlock_valid
 .text.z_spin_lock_set_owner
                0x00000000080064e0       0x10 zephyr/kernel/libkernel.a(spinlock_validate.c.obj)
                0x00000000080064e0                z_spin_lock_set_owner
 .text.z_data_copy
                0x00000000080064f0       0x34 zephyr/kernel/libkernel.a(xip.c.obj)
                0x00000000080064f0                z_data_copy
 .text.elapsed  0x0000000008006524       0x14 zephyr/kernel/libkernel.a(timeout.c.obj)
 .text.remove_timeout
                0x0000000008006538       0x38 zephyr/kernel/libkernel.a(timeout.c.obj)
 .text.next_timeout
                0x0000000008006570       0x40 zephyr/kernel/libkernel.a(timeout.c.obj)
 .text.z_add_timeout
                0x00000000080065b0      0x18c zephyr/kernel/libkernel.a(timeout.c.obj)
                0x00000000080065b0                z_add_timeout
 .text.z_abort_timeout
                0x000000000800673c       0x9c zephyr/kernel/libkernel.a(timeout.c.obj)
                0x000000000800673c                z_abort_timeout
 .text.sys_clock_announce
                0x00000000080067d8      0x15c zephyr/kernel/libkernel.a(timeout.c.obj)
                0x00000000080067d8                sys_clock_announce
 .text.sys_clock_tick_get
                0x0000000008006934       0x9c zephyr/kernel/libkernel.a(timeout.c.obj)
                0x0000000008006934                sys_clock_tick_get
 .text.z_timer_expiration_handler
                0x00000000080069d0      0x170 zephyr/kernel/libkernel.a(timer.c.obj)
                0x00000000080069d0                z_timer_expiration_handler
 .text.z_impl_k_timer_start
                0x0000000008006b40       0xe0 zephyr/kernel/libkernel.a(timer.c.obj)
                0x0000000008006b40                z_impl_k_timer_start
 .text.memset   0x0000000008006c20       0xa4 /home/babu-inc-5831/zephyr-sdk-0.16.8/arm-zephyr-eabi/arm-zephyr-eabi/lib/thumb/v7e-m/nofp/libc.a(lib_a-memset.o)
                0x0000000008006c20                memset
 .text.strnlen  0x0000000008006cc4       0x24 /home/babu-inc-5831/zephyr-sdk-0.16.8/arm-zephyr-eabi/arm-zephyr-eabi/lib/thumb/v7e-m/nofp/libc.a(lib_a-strnlen.o)
                0x0000000008006cc4                strnlen
 .text._OffsetAbsSyms
                0x0000000008006ce8        0x2 zephyr/CMakeFiles/offsets.dir/./arch/arm/core/offsets/offsets.c.obj
                0x0000000008006ce8                _OffsetAbsSyms
 .text.cbpprintf_external
                0x0000000008006cea       0x62 zephyr/libzephyr.a(cbprintf_packaged.c.obj)
                0x0000000008006cea                cbpprintf_external
 .text.is_ptr   0x0000000008006d4c       0x4a zephyr/libzephyr.a(cbprintf_packaged.c.obj)
                0x0000000008006d4c                is_ptr
 .text.arch_printk_char_out
                0x0000000008006d96        0x4 zephyr/libzephyr.a(printk.c.obj)
                0x0000000008006d96                arch_printk_char_out
 .text.str_out  0x0000000008006d9a       0x24 zephyr/libzephyr.a(printk.c.obj)
 .text.vprintk  0x0000000008006dbe        0x4 zephyr/libzephyr.a(printk.c.obj)
                0x0000000008006dbe                vprintk
 .text.snprintk
                0x0000000008006dc2       0x1a zephyr/libzephyr.a(printk.c.obj)
                0x0000000008006dc2                snprintk
 .text.z_thread_entry
                0x0000000008006ddc       0x14 zephyr/libzephyr.a(thread_entry.c.obj)
                0x0000000008006ddc                z_thread_entry
 .text.outs     0x0000000008006df0       0x2e zephyr/libzephyr.a(cbprintf_complete.c.obj)
 .text.assert_post_action
                0x0000000008006e1e       0x12 zephyr/libzephyr.a(assert.c.obj)
                0x0000000008006e1e                assert_post_action
 .text.assert_print
                0x0000000008006e30       0x1a zephyr/libzephyr.a(assert.c.obj)
                0x0000000008006e30                assert_print
 .text.free_space
                0x0000000008006e4a       0x26 zephyr/libzephyr.a(mpsc_pbuf.c.obj)
 .text.get_usage
                0x0000000008006e70       0x22 zephyr/libzephyr.a(mpsc_pbuf.c.obj)
 .text.idx_inc  0x0000000008006e92       0x1c zephyr/libzephyr.a(mpsc_pbuf.c.obj)
 .text.rd_idx_inc
                0x0000000008006eae       0x18 zephyr/libzephyr.a(mpsc_pbuf.c.obj)
 .text.add_skip_item
                0x0000000008006ec6       0x3a zephyr/libzephyr.a(mpsc_pbuf.c.obj)
 .text.drop_item_locked
                0x0000000008006f00       0xee zephyr/libzephyr.a(mpsc_pbuf.c.obj)
 .text.post_drop_action
                0x0000000008006fee       0x36 zephyr/libzephyr.a(mpsc_pbuf.c.obj)
 .text.max_utilization_update
                0x0000000008007024       0x1a zephyr/libzephyr.a(mpsc_pbuf.c.obj)
 .text.mpsc_pbuf_is_pending
                0x000000000800703e       0x1a zephyr/libzephyr.a(mpsc_pbuf.c.obj)
                0x000000000800703e                mpsc_pbuf_is_pending
 .text._ConfigAbsSyms
                0x0000000008007058        0x2 zephyr/libzephyr.a(configs.c.obj)
                0x0000000008007058                _ConfigAbsSyms
 .text.log_msg_generic_get_wlen
                0x000000000800705a       0x20 zephyr/libzephyr.a(log_core.c.obj)
 .text.dummy_timestamp
                0x000000000800707a        0x4 zephyr/libzephyr.a(log_core.c.obj)
 .text.atomic_inc
                0x000000000800707e       0x1a zephyr/libzephyr.a(log_core.c.obj)
 .text.default_lf_get_timestamp
                0x0000000008007098       0x10 zephyr/libzephyr.a(log_core.c.obj)
 .text.z_log_vprintk
                0x00000000080070a8       0x1c zephyr/libzephyr.a(log_core.c.obj)
                0x00000000080070a8                z_log_vprintk
 .text.z_log_notify_drop
                0x00000000080070c4        0x6 zephyr/libzephyr.a(log_core.c.obj)
 .text.z_log_get_tag
                0x00000000080070ca        0x4 zephyr/libzephyr.a(log_core.c.obj)
                0x00000000080070ca                z_log_get_tag
 .text.z_cbprintf_cpy
                0x00000000080070ce       0x2c zephyr/libzephyr.a(log_msg.c.obj)
 .text.z_log_msg_finalize
                0x00000000080070fa       0x32 zephyr/libzephyr.a(log_msg.c.obj)
                0x00000000080070fa                z_log_msg_finalize
 .text.z_log_msg_simple_create
                0x000000000800712c       0x6e zephyr/libzephyr.a(log_msg.c.obj)
 .text.z_impl_z_log_msg_simple_create_0
                0x000000000800719a       0x12 zephyr/libzephyr.a(log_msg.c.obj)
                0x000000000800719a                z_impl_z_log_msg_simple_create_0
 .text.z_impl_z_log_msg_simple_create_1
                0x00000000080071ac       0x14 zephyr/libzephyr.a(log_msg.c.obj)
                0x00000000080071ac                z_impl_z_log_msg_simple_create_1
 .text.buffer_write
                0x00000000080071c0       0x1c zephyr/libzephyr.a(log_output.c.obj)
 .text.cbvprintf
                0x00000000080071dc        0xe zephyr/libzephyr.a(log_output.c.obj)
 .text.log_output_flush
                0x00000000080071ea       0x1a zephyr/libzephyr.a(log_output.c.obj)
                0x00000000080071ea                log_output_flush
 .text.cr_out_func
                0x0000000008007204       0x1c zephyr/libzephyr.a(log_output.c.obj)
 .text.log_output_msg_process
                0x0000000008007220       0x6a zephyr/libzephyr.a(log_output.c.obj)
                0x0000000008007220                log_output_msg_process
 .text.format_set
                0x000000000800728a        0xc zephyr/libzephyr.a(log_backend_uart.c.obj)
 .text.panic    0x0000000008007296       0x10 zephyr/libzephyr.a(log_backend_uart.c.obj)
 .text.dropped  0x00000000080072a6        0xa zephyr/libzephyr.a(log_backend_uart.c.obj)
 .text.process  0x00000000080072b0       0x1e zephyr/libzephyr.a(log_backend_uart.c.obj)
 .text.z_do_kernel_oops
                0x00000000080072ce        0x8 zephyr/arch/arch/arm/core/libarch__arm__core.a(fatal.c.obj)
                0x00000000080072ce                z_do_kernel_oops
 .text.z_log_msg_simple_create_0.constprop.0
                0x00000000080072d6        0x8 zephyr/arch/arch/arm/core/cortex_m/libarch__arm__core__cortex_m.a(fault.c.obj)
 .text.z_irq_spurious
                0x00000000080072de        0x8 zephyr/arch/arch/arm/core/cortex_m/libarch__arm__core__cortex_m.a(irq_manage.c.obj)
                0x00000000080072de                z_irq_spurious
 .text.arch_irq_unlock_outlined
                0x00000000080072e6        0xe zephyr/arch/arch/arm/core/cortex_m/libarch__arm__core__cortex_m.a(thread.c.obj)
                0x00000000080072e6                arch_irq_unlock_outlined
 .text.arch_cpu_idle
                0x00000000080072f4       0x1a zephyr/arch/arch/arm/core/cortex_m/libarch__arm__core__cortex_m.a(cpu_idle.c.obj)
                0x00000000080072f4                arch_cpu_idle
 .text.size_to_mpu_rasr_size
                0x000000000800730e       0x20 zephyr/arch/arch/arm/core/mpu/libarch__arm__core__mpu.a(arm_mpu.c.obj)
 .text._stdout_hook_default
                0x000000000800732e        0x6 zephyr/lib/libc/newlib/liblib__libc__newlib.a(libc-hooks.c.obj)
 .text.stm32_exti_init
                0x0000000008007334       0x92 zephyr/drivers/interrupt_controller/libdrivers__interrupt_controller.a(intc_exti_stm32.c.obj)
 .text.enabled_clock
                0x00000000080073c6       0x1e zephyr/drivers/clock_control/libdrivers__clock_control.a(clock_stm32_ll_common.c.obj)
 .text.stm32_clock_control_on
                0x00000000080073e4       0x38 zephyr/drivers/clock_control/libdrivers__clock_control.a(clock_stm32_ll_common.c.obj)
 .text.stm32_clock_control_off
                0x000000000800741c       0x24 zephyr/drivers/clock_control/libdrivers__clock_control.a(clock_stm32_ll_common.c.obj)
 .text.stm32_clock_control_configure
                0x0000000008007440       0x50 zephyr/drivers/clock_control/libdrivers__clock_control.a(clock_stm32_ll_common.c.obj)
 .text.stm32_clock_control_get_status
                0x0000000008007490       0x30 zephyr/drivers/clock_control/libdrivers__clock_control.a(clock_stm32_ll_common.c.obj)
 .text.config_regulator_voltage
                0x00000000080074c0        0x2 zephyr/drivers/clock_control/libdrivers__clock_control.a(clock_stm32_ll_common.c.obj)
                0x00000000080074c0                config_regulator_voltage
 .text.gpio_stm32_port_get_raw
                0x00000000080074c2        0xc zephyr/drivers/gpio/libdrivers__gpio.a(gpio_stm32.c.obj)
 .text.gpio_stm32_port_set_masked_raw
                0x00000000080074ce       0x12 zephyr/drivers/gpio/libdrivers__gpio.a(gpio_stm32.c.obj)
 .text.gpio_stm32_port_set_bits_raw
                0x00000000080074e0        0xa zephyr/drivers/gpio/libdrivers__gpio.a(gpio_stm32.c.obj)
 .text.gpio_stm32_port_clear_bits_raw
                0x00000000080074ea        0xa zephyr/drivers/gpio/libdrivers__gpio.a(gpio_stm32.c.obj)
 .text.gpio_stm32_port_toggle_bits
                0x00000000080074f4        0xe zephyr/drivers/gpio/libdrivers__gpio.a(gpio_stm32.c.obj)
 .text.gpio_stm32_configure_raw.isra.0
                0x0000000008007502      0x106 zephyr/drivers/gpio/libdrivers__gpio.a(gpio_stm32.c.obj)
 .text.gpio_stm32_config
                0x0000000008007608       0x72 zephyr/drivers/gpio/libdrivers__gpio.a(gpio_stm32.c.obj)
 .text.gpio_stm32_configure
                0x000000000800767a       0x2a zephyr/drivers/gpio/libdrivers__gpio.a(gpio_stm32.c.obj)
                0x000000000800767a                gpio_stm32_configure
 .text.pinctrl_lookup_state
                0x00000000080076a4       0x26 zephyr/drivers/pinctrl/libdrivers__pinctrl.a(common.c.obj)
                0x00000000080076a4                pinctrl_lookup_state
 .text.reset_stm32_status
                0x00000000080076ca       0x20 zephyr/drivers/reset/libdrivers__reset.a(reset_stm32.c.obj)
 .text.reset_stm32_line_assert
                0x00000000080076ea       0x1c zephyr/drivers/reset/libdrivers__reset.a(reset_stm32.c.obj)
 .text.reset_stm32_line_deassert
                0x0000000008007706       0x1e zephyr/drivers/reset/libdrivers__reset.a(reset_stm32.c.obj)
 .text.reset_stm32_line_toggle
                0x0000000008007724       0x16 zephyr/drivers/reset/libdrivers__reset.a(reset_stm32.c.obj)
 .text.uart_stm32_ll2cfg_databits
                0x000000000800773a       0x2a zephyr/drivers/serial/libdrivers__serial.a(uart_stm32.c.obj)
 .text.uart_stm32_err_check
                0x0000000008007764       0x5a zephyr/drivers/serial/libdrivers__serial.a(uart_stm32.c.obj)
 .text.uart_stm32_irq_tx_enable
                0x00000000080077be       0x16 zephyr/drivers/serial/libdrivers__serial.a(uart_stm32.c.obj)
 .text.uart_stm32_irq_tx_disable
                0x00000000080077d4       0x16 zephyr/drivers/serial/libdrivers__serial.a(uart_stm32.c.obj)
 .text.uart_stm32_irq_rx_enable
                0x00000000080077ea       0x16 zephyr/drivers/serial/libdrivers__serial.a(uart_stm32.c.obj)
 .text.uart_stm32_irq_rx_disable
                0x0000000008007800       0x16 zephyr/drivers/serial/libdrivers__serial.a(uart_stm32.c.obj)
 .text.uart_stm32_irq_rx_ready
                0x0000000008007816        0xc zephyr/drivers/serial/libdrivers__serial.a(uart_stm32.c.obj)
 .text.uart_stm32_irq_update
                0x0000000008007822        0x4 zephyr/drivers/serial/libdrivers__serial.a(uart_stm32.c.obj)
 .text.uart_stm32_irq_callback_set
                0x0000000008007826        0x8 zephyr/drivers/serial/libdrivers__serial.a(uart_stm32.c.obj)
 .text.uart_stm32_isr
                0x000000000800782e        0xc zephyr/drivers/serial/libdrivers__serial.a(uart_stm32.c.obj)
 .text.uart_stm32_irq_config_func_0
                0x000000000800783a       0x16 zephyr/drivers/serial/libdrivers__serial.a(uart_stm32.c.obj)
 .text.uart_stm32_irq_config_func_1
                0x0000000008007850       0x16 zephyr/drivers/serial/libdrivers__serial.a(uart_stm32.c.obj)
 .text.uart_stm32_irq_tx_complete
                0x0000000008007866        0xc zephyr/drivers/serial/libdrivers__serial.a(uart_stm32.c.obj)
 .text.uart_stm32_irq_tx_ready
                0x0000000008007872       0x14 zephyr/drivers/serial/libdrivers__serial.a(uart_stm32.c.obj)
 .text.uart_stm32_config_get
                0x0000000008007886       0x92 zephyr/drivers/serial/libdrivers__serial.a(uart_stm32.c.obj)
 .text.uart_stm32_fifo_fill
                0x0000000008007918       0x5c zephyr/drivers/serial/libdrivers__serial.a(uart_stm32.c.obj)
 .text.uart_stm32_poll_out
                0x0000000008007974       0x36 zephyr/drivers/serial/libdrivers__serial.a(uart_stm32.c.obj)
 .text.uart_stm32_irq_is_pending
                0x00000000080079aa       0x24 zephyr/drivers/serial/libdrivers__serial.a(uart_stm32.c.obj)
 .text.uart_stm32_fifo_read
                0x00000000080079ce       0x44 zephyr/drivers/serial/libdrivers__serial.a(uart_stm32.c.obj)
 .text.uart_stm32_poll_in
                0x0000000008007a12       0x20 zephyr/drivers/serial/libdrivers__serial.a(uart_stm32.c.obj)
 .text.uart_stm32_parameters_set
                0x0000000008007a32      0x136 zephyr/drivers/serial/libdrivers__serial.a(uart_stm32.c.obj)
 .text.z_impl_device_is_ready
                0x0000000008007b68       0x16 zephyr/kernel/libkernel.a(device.c.obj)
                0x0000000008007b68                z_impl_device_is_ready
 .text.arch_system_halt
                0x0000000008007b7e       0x10 zephyr/kernel/libkernel.a(fatal.c.obj)
                0x0000000008007b7e                arch_system_halt
 .text.do_device_init
                0x0000000008007b8e       0x30 zephyr/kernel/libkernel.a(init.c.obj)
 .text.z_early_memset
                0x0000000008007bbe        0x4 zephyr/kernel/libkernel.a(init.c.obj)
                0x0000000008007bbe                z_early_memset
 .text.z_early_memcpy
                0x0000000008007bc2        0x4 zephyr/kernel/libkernel.a(init.c.obj)
                0x0000000008007bc2                z_early_memcpy
 .text.z_init_static
                0x0000000008007bc6        0xe zephyr/kernel/libkernel.a(init_static.c.obj)
                0x0000000008007bc6                z_init_static
 .text.z_impl_k_sem_init
                0x0000000008007bd4       0x18 zephyr/kernel/libkernel.a(sem.c.obj)
                0x0000000008007bd4                z_impl_k_sem_init
 .text.k_is_in_isr
                0x0000000008007bec        0xc zephyr/kernel/libkernel.a(thread.c.obj)
                0x0000000008007bec                k_is_in_isr
 .text.z_impl_k_thread_name_set
                0x0000000008007bf8        0x6 zephyr/kernel/libkernel.a(thread.c.obj)
                0x0000000008007bf8                z_impl_k_thread_name_set
 .text.k_thread_name_get
                0x0000000008007bfe        0x4 zephyr/kernel/libkernel.a(thread.c.obj)
                0x0000000008007bfe                k_thread_name_get
 .text.z_impl_k_thread_start
                0x0000000008007c02        0x4 zephyr/kernel/libkernel.a(thread.c.obj)
                0x0000000008007c02                z_impl_k_thread_start
 .text.sys_dlist_remove
                0x0000000008007c06       0x10 zephyr/kernel/libkernel.a(sched.c.obj)
 .text.add_to_waitq_locked
                0x0000000008007c16       0x50 zephyr/kernel/libkernel.a(sched.c.obj)
 .text.z_thread_timeout
                0x0000000008007c66        0x8 zephyr/kernel/libkernel.a(sched.c.obj)
                0x0000000008007c66                z_thread_timeout
 .text.sys_clock_tick_get_32
                0x0000000008007c6e        0x8 zephyr/kernel/libkernel.a(timeout.c.obj)
                0x0000000008007c6e                sys_clock_tick_get_32
 .text.z_impl_k_uptime_ticks
                0x0000000008007c76        0x4 zephyr/kernel/libkernel.a(timeout.c.obj)
                0x0000000008007c76                z_impl_k_uptime_ticks
 .text.k_timer_init
                0x0000000008007c7a       0x18 zephyr/kernel/libkernel.a(timer.c.obj)
                0x0000000008007c7a                k_timer_init
 .text.z_impl_k_timer_stop
                0x0000000008007c92       0x38 zephyr/kernel/libkernel.a(timer.c.obj)
                0x0000000008007c92                z_impl_k_timer_stop
 .text.boot_banner
                0x0000000008007cca        0x2 zephyr/kernel/libkernel.a(banner.c.obj)
                0x0000000008007cca                boot_banner
 *(SORT_BY_ALIGNMENT(.TEXT.*))
 *(SORT_BY_ALIGNMENT(.gnu.linkonce.t.*))
 *(SORT_BY_ALIGNMENT(.glue_7t))
 .glue_7t       0x0000000008007ccc        0x0 linker stubs
 *(SORT_BY_ALIGNMENT(.glue_7))
 .glue_7        0x0000000008007ccc        0x0 linker stubs
 *(SORT_BY_ALIGNMENT(.vfp11_veneer))
 .vfp11_veneer  0x0000000008007ccc        0x0 linker stubs
 *(SORT_BY_ALIGNMENT(.v4_bx))
 .v4_bx         0x0000000008007ccc        0x0 linker stubs
                0x0000000008007ccc                . = ALIGN (0x4)
                0x0000000008007ccc                __text_region_end = .

.ARM.extab
 *(SORT_BY_ALIGNMENT(.ARM.extab*) SORT_BY_ALIGNMENT(.gnu.linkonce.armextab.*))

.ARM.exidx      0x0000000008007ccc        0x8
                0x0000000008007ccc                __exidx_start = .
 *(SORT_BY_ALIGNMENT(.ARM.exidx*) SORT_BY_ALIGNMENT(gnu.linkonce.armexidx.*))
 .ARM.exidx     0x0000000008007ccc        0x8 /home/babu-inc-5831/zephyr-sdk-0.16.8/arm-zephyr-eabi/bin/../lib/gcc/arm-zephyr-eabi/12.2.0/thumb/v7e-m/nofp/libgcc.a(_udivmoddi4.o)
                0x0000000008007cd4                __exidx_end = .
                0x0000000008007cd4                __rodata_region_start = .

initlevel       0x0000000008007cd4       0x90
                0x0000000008007cd4                __init_start = .
                0x0000000008007cd4                __init_EARLY_start = .
 *(SORT_BY_NAME(SORT_BY_ALIGNMENT(.z_init_EARLY?_*)))
 *(SORT_BY_NAME(SORT_BY_ALIGNMENT(.z_init_EARLY??_*)))
                0x0000000008007cd4                __init_PRE_KERNEL_1_start = .
 *(SORT_BY_NAME(SORT_BY_ALIGNMENT(.z_init_PRE_KERNEL_1?_*)))
 .z_init_PRE_KERNEL_10_0_
                0x0000000008007cd4        0x8 zephyr/libzephyr.a(soc.c.obj)
 .z_init_PRE_KERNEL_11_00009_
                0x0000000008007cdc        0x8 zephyr/drivers/clock_control/libdrivers__clock_control.a(clock_stm32_ll_common.c.obj)
 .z_init_PRE_KERNEL_11_0_
                0x0000000008007ce4        0x8 zephyr/libzephyr.a(soc_config.c.obj)
 *(SORT_BY_NAME(SORT_BY_ALIGNMENT(.z_init_PRE_KERNEL_1??_*)))
 .z_init_PRE_KERNEL_135_00042_
                0x0000000008007cec        0x8 zephyr/drivers/reset/libdrivers__reset.a(reset_stm32.c.obj)
 .z_init_PRE_KERNEL_140_00036_
                0x0000000008007cf4        0x8 zephyr/drivers/gpio/libdrivers__gpio.a(gpio_stm32.c.obj)
 .z_init_PRE_KERNEL_140_00039_
                0x0000000008007cfc        0x8 zephyr/drivers/gpio/libdrivers__gpio.a(gpio_stm32.c.obj)
 .z_init_PRE_KERNEL_140_00065_
                0x0000000008007d04        0x8 zephyr/drivers/interrupt_controller/libdrivers__interrupt_controller.a(intc_exti_stm32.c.obj)
 .z_init_PRE_KERNEL_140_00090_
                0x0000000008007d0c        0x8 zephyr/drivers/gpio/libdrivers__gpio.a(gpio_stm32.c.obj)
 .z_init_PRE_KERNEL_140_00112_
                0x0000000008007d14        0x8 zephyr/drivers/gpio/libdrivers__gpio.a(gpio_stm32.c.obj)
 .z_init_PRE_KERNEL_140_00113_
                0x0000000008007d1c        0x8 zephyr/drivers/gpio/libdrivers__gpio.a(gpio_stm32.c.obj)
 .z_init_PRE_KERNEL_140_00114_
                0x0000000008007d24        0x8 zephyr/drivers/gpio/libdrivers__gpio.a(gpio_stm32.c.obj)
 .z_init_PRE_KERNEL_140_00115_
                0x0000000008007d2c        0x8 zephyr/drivers/gpio/libdrivers__gpio.a(gpio_stm32.c.obj)
 .z_init_PRE_KERNEL_150_00076_
                0x0000000008007d34        0x8 zephyr/drivers/serial/libdrivers__serial.a(uart_stm32.c.obj)
 .z_init_PRE_KERNEL_150_00079_
                0x0000000008007d3c        0x8 zephyr/drivers/serial/libdrivers__serial.a(uart_stm32.c.obj)
                0x0000000008007d44                __init_PRE_KERNEL_2_start = .
 *(SORT_BY_NAME(SORT_BY_ALIGNMENT(.z_init_PRE_KERNEL_2?_*)))
 .z_init_PRE_KERNEL_20_0_
                0x0000000008007d44        0x8 zephyr/drivers/timer/libdrivers__timer.a(cortex_m_systick.c.obj)
 *(SORT_BY_NAME(SORT_BY_ALIGNMENT(.z_init_PRE_KERNEL_2??_*)))
                0x0000000008007d4c                __init_POST_KERNEL_start = .
 *(SORT_BY_NAME(SORT_BY_ALIGNMENT(.z_init_POST_KERNEL?_*)))
 .z_init_POST_KERNEL0_0_
                0x0000000008007d4c        0x8 zephyr/libzephyr.a(log_core.c.obj)
 *(SORT_BY_NAME(SORT_BY_ALIGNMENT(.z_init_POST_KERNEL??_*)))
 .z_init_POST_KERNEL35_0_
                0x0000000008007d54        0x8 zephyr/lib/libc/newlib/liblib__libc__newlib.a(libc-hooks.c.obj)
 .z_init_POST_KERNEL60_0_
                0x0000000008007d5c        0x8 zephyr/drivers/console/libdrivers__console.a(uart_console.c.obj)
                0x0000000008007d64                __init_APPLICATION_start = .
 *(SORT_BY_NAME(SORT_BY_ALIGNMENT(.z_init_APPLICATION?_*)))
 *(SORT_BY_NAME(SORT_BY_ALIGNMENT(.z_init_APPLICATION??_*)))
                0x0000000008007d64                __init_SMP_start = .
 *(SORT_BY_NAME(SORT_BY_ALIGNMENT(.z_init_SMP?_*)))
 *(SORT_BY_NAME(SORT_BY_ALIGNMENT(.z_init_SMP??_*)))
                0x0000000008007d64                __init_end = .
                0x0000000008007d64                __deferred_init_list_start = .
 *(SORT_BY_ALIGNMENT(.z_deferred_init*))
                0x0000000008007d64                __deferred_init_list_end = .

device_area     0x0000000008007d64       0xf0
                0x0000000008007d64                _device_list_start = .
 *(SORT_BY_NAME(SORT_BY_ALIGNMENT(._device.static.*_?_*)))
 ._device.static.1_1_
                0x0000000008007d64       0x14 zephyr/drivers/clock_control/libdrivers__clock_control.a(clock_stm32_ll_common.c.obj)
                0x0000000008007d64                __device_dts_ord_9
 *(SORT_BY_NAME(SORT_BY_ALIGNMENT(._device.static.*_??_*)))
 ._device.static.1_35_
                0x0000000008007d78       0x14 zephyr/drivers/reset/libdrivers__reset.a(reset_stm32.c.obj)
                0x0000000008007d78                __device_dts_ord_42
 ._device.static.1_40_
                0x0000000008007d8c       0x14 zephyr/drivers/interrupt_controller/libdrivers__interrupt_controller.a(intc_exti_stm32.c.obj)
                0x0000000008007d8c                __device_dts_ord_65
 ._device.static.1_40_
                0x0000000008007da0       0x8c zephyr/drivers/gpio/libdrivers__gpio.a(gpio_stm32.c.obj)
                0x0000000008007da0                __device_dts_ord_115
                0x0000000008007db4                __device_dts_ord_114
                0x0000000008007dc8                __device_dts_ord_113
                0x0000000008007ddc                __device_dts_ord_112
                0x0000000008007df0                __device_dts_ord_36
                0x0000000008007e04                __device_dts_ord_90
                0x0000000008007e18                __device_dts_ord_39
 ._device.static.1_50_
                0x0000000008007e2c       0x28 zephyr/drivers/serial/libdrivers__serial.a(uart_stm32.c.obj)
                0x0000000008007e2c                __device_dts_ord_76
                0x0000000008007e40                __device_dts_ord_79
                0x0000000008007e54                _device_list_end = .

sw_isr_table    0x0000000008007e54      0x330
                0x0000000008007e54                . = ALIGN (0x4)
 *(SORT_BY_ALIGNMENT(.gnu.linkonce.sw_isr_table*))
 .gnu.linkonce.sw_isr_table
                0x0000000008007e54      0x330 zephyr/CMakeFiles/zephyr_final.dir/isr_tables.c.obj
                0x0000000008007e54                _sw_isr_table

initlevel_error
                0x0000000008007cd4        0x0
 *(SORT_BY_NAME(SORT_BY_ALIGNMENT(.z_init_[_A-Z0-9]*)))
                0x0000000000000001                ASSERT ((SIZEOF (initlevel_error) == 0x0), Undefined initialization levels used.)

app_shmem_regions
                0x0000000008008184        0x0
                0x0000000008008184                __app_shmem_regions_start = .
 *(SORT_BY_NAME(SORT_BY_ALIGNMENT(.app_regions.*)))
                0x0000000008008184                __app_shmem_regions_end = .

k_p4wq_initparam_area
                0x0000000008008184        0x0
                0x0000000008008184                _k_p4wq_initparam_list_start = .
 *(SORT_BY_NAME(SORT_BY_ALIGNMENT(._k_p4wq_initparam.static.*)))
                0x0000000008008184                _k_p4wq_initparam_list_end = .

_static_thread_data_area
                0x0000000008008184        0x0
                0x0000000008008184                __static_thread_data_list_start = .
 *(SORT_BY_NAME(SORT_BY_ALIGNMENT(.__static_thread_data.static.*)))
                0x0000000008008184                __static_thread_data_list_end = .

device_deps     0x0000000008008184        0x0
                0x0000000008008184                __device_deps_start = .
 *(SORT_BY_NAME(SORT_BY_ALIGNMENT(.__device_deps_pass2*)))
                0x0000000008008184                __device_deps_end = .

ztest           0x0000000008008184        0x0
                0x0000000008008184                _ztest_expected_result_entry_list_start = .
 *(SORT_BY_NAME(SORT_BY_ALIGNMENT(._ztest_expected_result_entry.static.*)))
                0x0000000008008184                _ztest_expected_result_entry_list_end = .
                0x0000000008008184                _ztest_suite_node_list_start = .
 *(SORT_BY_NAME(SORT_BY_ALIGNMENT(._ztest_suite_node.static.*)))
                0x0000000008008184                _ztest_suite_node_list_end = .
                0x0000000008008184                _ztest_unit_test_list_start = .
 *(SORT_BY_NAME(SORT_BY_ALIGNMENT(._ztest_unit_test.static.*)))
                0x0000000008008184                _ztest_unit_test_list_end = .
                0x0000000008008184                _ztest_test_rule_list_start = .
 *(SORT_BY_NAME(SORT_BY_ALIGNMENT(._ztest_test_rule.static.*)))
                0x0000000008008184                _ztest_test_rule_list_end = .

ctors           0x0000000008008184        0xc
                0x0000000008008184                . = ALIGN (0x4)
                0x0000000008008184                __ZEPHYR_CTOR_LIST__ = .
                0x0000000008008184        0x4 LONG 0x0 (((__ZEPHYR_CTOR_END__ - __ZEPHYR_CTOR_LIST__) / 0x4) - 0x2)
 *(SORT_BY_NAME(SORT_BY_ALIGNMENT(.ctors*)))
                0x0000000008008188                __CTOR_LIST__ = .
                0x0000000008008188        0x4 LONG 0x0
                0x000000000800818c                __ZEPHYR_CTOR_END__ = .
                0x000000000800818c        0x4 LONG 0x0
                0x0000000008008190                __CTOR_END__ = .

init_array      0x0000000008008190        0x0
                0x0000000008008190                . = ALIGN (0x4)
                0x0000000008008190                __init_array_start = .
                0x0000000008008190                __init_array_end = .
                0x0000000008008190                __zephyr_init_array_start = .
 *(SORT_BY_NAME(SORT_BY_ALIGNMENT(.init_array*)))
                0x0000000008008190                __zephyr_init_array_end = .

bt_l2cap_fixed_chan_area
                0x0000000008008190        0x0
                0x0000000008008190                _bt_l2cap_fixed_chan_list_start = .
 *(SORT_BY_NAME(SORT_BY_ALIGNMENT(._bt_l2cap_fixed_chan.static.*)))
                0x0000000008008190                _bt_l2cap_fixed_chan_list_end = .

bt_gatt_service_static_area
                0x0000000008008190        0x0
                0x0000000008008190                _bt_gatt_service_static_list_start = .
 *(SORT_BY_NAME(SORT_BY_ALIGNMENT(._bt_gatt_service_static.static.*)))
                0x0000000008008190                _bt_gatt_service_static_list_end = .

log_strings_area
                0x0000000008008190        0x0
                0x0000000008008190                _log_strings_list_start = .
 *(SORT_BY_NAME(SORT_BY_ALIGNMENT(._log_strings.static.*)))
                0x0000000008008190                _log_strings_list_end = .

log_const_area  0x0000000008008190       0x48
                0x0000000008008190                _log_const_list_start = .
 *(SORT_BY_NAME(SORT_BY_ALIGNMENT(._log_const.static.*)))
 ._log_const.static.log_const_Uart_task_
                0x0000000008008190        0x8 app/libapp.a(main.cpp.obj)
                0x0000000008008190                log_const_Uart_task
 ._log_const.static.log_const_cbprintf_package_
                0x0000000008008198        0x8 zephyr/libzephyr.a(cbprintf_packaged.c.obj)
                0x0000000008008198                log_const_cbprintf_package
 ._log_const.static.log_const_log_
                0x00000000080081a0        0x8 zephyr/libzephyr.a(log_core.c.obj)
                0x00000000080081a0                log_const_log
 ._log_const.static.log_const_log_mgmt_
                0x00000000080081a8        0x8 zephyr/libzephyr.a(log_mgmt.c.obj)
                0x00000000080081a8                log_const_log_mgmt
 ._log_const.static.log_const_log_uart_
                0x00000000080081b0        0x8 zephyr/libzephyr.a(log_backend_uart.c.obj)
                0x00000000080081b0                log_const_log_uart
 ._log_const.static.log_const_mpu_
                0x00000000080081b8        0x8 zephyr/arch/arch/arm/core/mpu/libarch__arm__core__mpu.a(arm_core_mpu.c.obj)
                0x00000000080081b8                log_const_mpu
 ._log_const.static.log_const_os_
                0x00000000080081c0        0x8 zephyr/kernel/libkernel.a(init.c.obj)
                0x00000000080081c0                log_const_os
 ._log_const.static.log_const_stm32_
                0x00000000080081c8        0x8 zephyr/drivers/gpio/libdrivers__gpio.a(gpio_stm32.c.obj)
                0x00000000080081c8                log_const_stm32
 ._log_const.static.log_const_uart_stm32_
                0x00000000080081d0        0x8 zephyr/drivers/serial/libdrivers__serial.a(uart_stm32.c.obj)
                0x00000000080081d0                log_const_uart_stm32
                0x00000000080081d8                _log_const_list_end = .

log_backend_area
                0x00000000080081d8       0x10
                0x00000000080081d8                _log_backend_list_start = .
 *(SORT_BY_NAME(SORT_BY_ALIGNMENT(._log_backend.static.*)))
 ._log_backend.static.log_backend_uart_
                0x00000000080081d8       0x10 zephyr/libzephyr.a(log_backend_uart.c.obj)
                0x00000000080081e8                _log_backend_list_end = .

log_link_area   0x00000000080081e8        0x0
                0x00000000080081e8                _log_link_list_start = .
 *(SORT_BY_NAME(SORT_BY_ALIGNMENT(._log_link.static.*)))
                0x00000000080081e8                _log_link_list_end = .

tracing_backend_area
                0x00000000080081e8        0x0
                0x00000000080081e8                _tracing_backend_list_start = .
 *(SORT_BY_NAME(SORT_BY_ALIGNMENT(._tracing_backend.static.*)))
                0x00000000080081e8                _tracing_backend_list_end = .

zephyr_dbg_info
 *(SORT_BY_ALIGNMENT(.dbg_thread_info))

intc_table_area
                0x00000000080081e8        0x0
                0x00000000080081e8                _intc_table_list_start = .
 *(SORT_BY_NAME(SORT_BY_ALIGNMENT(._intc_table.static.*)))
                0x00000000080081e8                _intc_table_list_end = .

symbol_to_keep  0x00000000080081e8        0x0
                0x00000000080081e8                __symbol_to_keep_start = .
 *(SORT_BY_NAME(SORT_BY_ALIGNMENT(.symbol_to_keep*)))
                0x00000000080081e8                __symbol_to_keep_end = .

shell_area      0x00000000080081e8        0x0
                0x00000000080081e8                _shell_list_start = .
 *(SORT_BY_NAME(SORT_BY_ALIGNMENT(._shell.static.*)))
                0x00000000080081e8                _shell_list_end = .

shell_root_cmds_area
                0x00000000080081e8        0x0
                0x00000000080081e8                _shell_root_cmds_list_start = .
 *(SORT_BY_NAME(SORT_BY_ALIGNMENT(._shell_root_cmds.static.*)))
                0x00000000080081e8                _shell_root_cmds_list_end = .

shell_subcmds_area
                0x00000000080081e8        0x0
                0x00000000080081e8                _shell_subcmds_list_start = .
 *(SORT_BY_NAME(SORT_BY_ALIGNMENT(._shell_subcmds.static.*)))
                0x00000000080081e8                _shell_subcmds_list_end = .

shell_dynamic_subcmds_area
                0x00000000080081e8        0x0
                0x00000000080081e8                _shell_dynamic_subcmds_list_start = .
 *(SORT_BY_NAME(SORT_BY_ALIGNMENT(._shell_dynamic_subcmds.static.*)))
                0x00000000080081e8                _shell_dynamic_subcmds_list_end = .

cfb_font_area   0x00000000080081e8        0x0
                0x00000000080081e8                _cfb_font_list_start = .
 *(SORT_BY_NAME(SORT_BY_ALIGNMENT(._cfb_font.static.*)))
                0x00000000080081e8                _cfb_font_list_end = .

rodata          0x00000000080081e8     0x1e20
 *(SORT_BY_ALIGNMENT(.rodata))
 .rodata        0x00000000080081e8        0x8 zephyr/drivers/gpio/libdrivers__gpio.a(gpio_stm32.c.obj)
 *(SORT_BY_ALIGNMENT(.rodata.*))
 .rodata.mpsc_config
                0x00000000080081f0       0x14 zephyr/libzephyr.a(log_core.c.obj)
 .rodata.format_table
                0x0000000008008204       0x10 zephyr/libzephyr.a(log_core.c.obj)
 .rodata.colors
                0x0000000008008214       0x14 zephyr/libzephyr.a(log_output.c.obj)
 .rodata.severity
                0x0000000008008228       0x14 zephyr/libzephyr.a(log_output.c.obj)
 .rodata.lbu_cb_ctx
                0x000000000800823c        0x8 zephyr/libzephyr.a(log_backend_uart.c.obj)
 .rodata.lbu_output
                0x0000000008008244       0x10 zephyr/libzephyr.a(log_backend_uart.c.obj)
 .rodata.log_backend_uart_api
                0x0000000008008254       0x1c zephyr/libzephyr.a(log_backend_uart.c.obj)
                0x0000000008008254                log_backend_uart_api
 .rodata.mem_attr_region
                0x0000000008008270        0x0 zephyr/libzephyr.a(mem_attr.c.obj)
 .rodata.static_regions
                0x0000000008008270        0xc zephyr/arch/arch/arm/core/mpu/libarch__arm__core__mpu.a(arm_core_mpu.c.obj)
 .rodata.mpu_config
                0x000000000800827c        0x8 zephyr/arch/arch/arm/core/mpu/libarch__arm__core__mpu.a(arm_mpu_regions.c.obj)
                0x000000000800827c                mpu_config
 .rodata.mpu_regions
                0x0000000008008284       0x18 zephyr/arch/arch/arm/core/mpu/libarch__arm__core__mpu.a(arm_mpu_regions.c.obj)
 .rodata.stm32_clock_control_api
                0x000000000800829c       0x1c zephyr/drivers/clock_control/libdrivers__clock_control.a(clock_stm32_ll_common.c.obj)
 .rodata.gpio_stm32_cfg_g
                0x00000000080082b8       0x14 zephyr/drivers/gpio/libdrivers__gpio.a(gpio_stm32.c.obj)
 .rodata.gpio_stm32_cfg_f
                0x00000000080082cc       0x14 zephyr/drivers/gpio/libdrivers__gpio.a(gpio_stm32.c.obj)
 .rodata.gpio_stm32_cfg_e
                0x00000000080082e0       0x14 zephyr/drivers/gpio/libdrivers__gpio.a(gpio_stm32.c.obj)
 .rodata.gpio_stm32_cfg_d
                0x00000000080082f4       0x14 zephyr/drivers/gpio/libdrivers__gpio.a(gpio_stm32.c.obj)
 .rodata.gpio_stm32_cfg_c
                0x0000000008008308       0x14 zephyr/drivers/gpio/libdrivers__gpio.a(gpio_stm32.c.obj)
 .rodata.gpio_stm32_cfg_b
                0x000000000800831c       0x14 zephyr/drivers/gpio/libdrivers__gpio.a(gpio_stm32.c.obj)
 .rodata.gpio_stm32_cfg_a
                0x0000000008008330       0x14 zephyr/drivers/gpio/libdrivers__gpio.a(gpio_stm32.c.obj)
 .rodata.gpio_stm32_driver
                0x0000000008008344       0x24 zephyr/drivers/gpio/libdrivers__gpio.a(gpio_stm32.c.obj)
 .rodata.gpio_ports
                0x0000000008008368       0x40 zephyr/drivers/pinctrl/libdrivers__pinctrl.a(pinctrl_stm32.c.obj)
 .rodata.reset_stm32_config
                0x00000000080083a8        0x4 zephyr/drivers/reset/libdrivers__reset.a(reset_stm32.c.obj)
 .rodata.reset_stm32_driver_api
                0x00000000080083ac       0x10 zephyr/drivers/reset/libdrivers__reset.a(reset_stm32.c.obj)
 .rodata.uart_stm32_cfg_1
                0x00000000080083bc       0x28 zephyr/drivers/serial/libdrivers__serial.a(uart_stm32.c.obj)
 .rodata.pclken_1
                0x00000000080083e4        0x8 zephyr/drivers/serial/libdrivers__serial.a(uart_stm32.c.obj)
 .rodata.__pinctrl_dev_config__device_dts_ord_76
                0x00000000080083ec        0x8 zephyr/drivers/serial/libdrivers__serial.a(uart_stm32.c.obj)
 .rodata.__pinctrl_states__device_dts_ord_76
                0x00000000080083f4        0x8 zephyr/drivers/serial/libdrivers__serial.a(uart_stm32.c.obj)
 .rodata.__pinctrl_state_pins_0__device_dts_ord_76
                0x00000000080083fc       0x10 zephyr/drivers/serial/libdrivers__serial.a(uart_stm32.c.obj)
 .rodata.uart_stm32_cfg_0
                0x000000000800840c       0x28 zephyr/drivers/serial/libdrivers__serial.a(uart_stm32.c.obj)
 .rodata.pclken_0
                0x0000000008008434        0x8 zephyr/drivers/serial/libdrivers__serial.a(uart_stm32.c.obj)
 .rodata.__pinctrl_dev_config__device_dts_ord_79
                0x000000000800843c        0x8 zephyr/drivers/serial/libdrivers__serial.a(uart_stm32.c.obj)
 .rodata.__pinctrl_states__device_dts_ord_79
                0x0000000008008444        0x8 zephyr/drivers/serial/libdrivers__serial.a(uart_stm32.c.obj)
 .rodata.__pinctrl_state_pins_0__device_dts_ord_79
                0x000000000800844c       0x10 zephyr/drivers/serial/libdrivers__serial.a(uart_stm32.c.obj)
 .rodata.uart_stm32_driver_api
                0x000000000800845c       0x4c zephyr/drivers/serial/libdrivers__serial.a(uart_stm32.c.obj)
 .rodata.CSWTCH.486
                0x00000000080084a8       0x14 zephyr/kernel/libkernel.a(fatal.c.obj)
 .rodata.levels.0
                0x00000000080084bc       0x18 zephyr/kernel/libkernel.a(init.c.obj)
 .rodata._ctype_
                0x00000000080084d4      0x101 /home/babu-inc-5831/zephyr-sdk-0.16.8/arm-zephyr-eabi/arm-zephyr-eabi/lib/thumb/v7e-m/nofp/libc.a(lib_a-ctype_.o)
                0x00000000080084d4                _ctype_
 *fill*         0x00000000080085d5        0x1 
 .rodata.LPUART_PRESCALER_TAB
                0x00000000080085d6       0x18 zephyr/drivers/serial/libdrivers__serial.a(uart_stm32.c.obj)
 .rodata.main.str1.1
                0x00000000080085ee       0x50 app/libapp.a(main.cpp.obj)
 .rodata.str1.1
                0x000000000800863e        0xa app/libapp.a(main.cpp.obj)
 .rodata.cbvprintf_package.str1.1
                0x0000000008008648       0xb2 zephyr/libzephyr.a(cbprintf_packaged.c.obj)
                                         0xb4 (size before relaxing)
 .rodata.cbprintf_package_convert.str1.1
                0x00000000080086fa       0xfd zephyr/libzephyr.a(cbprintf_packaged.c.obj)
 .rodata.str1.1
                0x00000000080087f7       0x11 zephyr/libzephyr.a(cbprintf_packaged.c.obj)
 .rodata.z_cbvprintf_impl.str1.1
                0x0000000008008808        0x6 zephyr/libzephyr.a(cbprintf_complete.c.obj)
 .rodata.mpsc_pbuf_init.str1.1
                0x000000000800880e       0x2f zephyr/libzephyr.a(mpsc_pbuf.c.obj)
                                         0x4c (size before relaxing)
 .rodata.mpsc_pbuf_put_word.str1.1
                0x000000000800883d       0x84 zephyr/libzephyr.a(mpsc_pbuf.c.obj)
 .rodata.enable_logger.str1.1
                0x00000000080088c1        0x8 zephyr/libzephyr.a(log_core.c.obj)
 .rodata.z_log_init.str1.1
                0x00000000080088c9       0x9d zephyr/libzephyr.a(log_core.c.obj)
                                         0xba (size before relaxing)
 .rodata.log_process_thread_func.str1.1
                0x0000000008008966       0x1c zephyr/libzephyr.a(log_core.c.obj)
 .rodata.z_log_msg_post_finalize.str1.1
                0x0000000008008982       0x84 zephyr/libzephyr.a(log_core.c.obj)
 .rodata.str1.1
                0x0000000008008982        0x4 zephyr/libzephyr.a(log_core.c.obj)
 .rodata.get_link_domain.str1.1
                0x0000000008008986       0x48 zephyr/libzephyr.a(log_mgmt.c.obj)
                                         0x84 (size before relaxing)
 .rodata.log_backend_id_get.part.0.str1.1
                0x00000000080089ce       0x4f zephyr/libzephyr.a(log_mgmt.c.obj)
 .rodata.str1.1
                0x0000000008008a1d        0x9 zephyr/libzephyr.a(log_mgmt.c.obj)
 .rodata.z_impl_z_log_msg_static_create.str1.1
                0x0000000008008a26       0x6b zephyr/libzephyr.a(log_msg.c.obj)
                                         0x91 (size before relaxing)
 .rodata.z_log_msg_runtime_vcreate.str1.1
                0x0000000008008a91       0x42 zephyr/libzephyr.a(log_msg.c.obj)
 .rodata.newline_print.str1.1
                0x0000000008008ad3       0x42 zephyr/libzephyr.a(log_output.c.obj)
                                          0x5 (size before relaxing)
 .rodata.out_func.str1.1
                0x0000000008008ad3       0x5f zephyr/libzephyr.a(log_output.c.obj)
                                         0x7c (size before relaxing)
 .rodata.log_output_process.str1.1
                0x0000000008008b32       0x64 zephyr/libzephyr.a(log_output.c.obj)
                                         0x66 (size before relaxing)
 .rodata.log_output_dropped_process.str1.1
                0x0000000008008b96       0x64 zephyr/libzephyr.a(log_output.c.obj)
                                          0x3 (size before relaxing)
 .rodata.postfix.0
                0x0000000008008b96       0x1c zephyr/libzephyr.a(log_output.c.obj)
 .rodata.prefix.1
                0x0000000008008bb2        0xc zephyr/libzephyr.a(log_output.c.obj)
 .rodata.str1.1
                0x0000000008008bbe       0x20 zephyr/libzephyr.a(log_output.c.obj)
 .rodata.log_backend_uart_init.str1.1
                0x0000000008008bde       0x58 zephyr/libzephyr.a(log_backend_uart.c.obj)
                                         0x75 (size before relaxing)
 .rodata.str1.1
                0x0000000008008c36       0x1a zephyr/libzephyr.a(log_backend_uart.c.obj)
 .rodata.z_arm_fatal_error.str1.1
                0x0000000008008c50       0xae zephyr/arch/arch/arm/core/libarch__arm__core.a(fatal.c.obj)
 .rodata.bus_fault.constprop.0.str1.1
                0x0000000008008cfe       0xca zephyr/arch/arch/arm/core/cortex_m/libarch__arm__core__cortex_m.a(fault.c.obj)
 .rodata.usage_fault.constprop.0.str1.1
                0x0000000008008dc8       0xcd zephyr/arch/arch/arm/core/cortex_m/libarch__arm__core__cortex_m.a(fault.c.obj)
 .rodata.mem_manage_fault.str1.1
                0x0000000008008e95      0x135 zephyr/arch/arch/arm/core/cortex_m/libarch__arm__core__cortex_m.a(fault.c.obj)
                                        0x152 (size before relaxing)
 .rodata.z_arm_fault.str1.1
                0x0000000008008fca      0x1b6 zephyr/arch/arch/arm/core/cortex_m/libarch__arm__core__cortex_m.a(fault.c.obj)
                                        0x1b8 (size before relaxing)
 .rodata.z_arm_irq_priority_set.str1.1
                0x0000000008009180       0x92 zephyr/arch/arch/arm/core/cortex_m/libarch__arm__core__cortex_m.a(irq_manage.c.obj)
                                         0xaf (size before relaxing)
 .rodata.str1.1
                0x0000000008009212        0x4 zephyr/arch/arch/arm/core/mpu/libarch__arm__core__mpu.a(arm_core_mpu.c.obj)
 .rodata.region_allocate_and_init.str1.1
                0x0000000008009216       0x26 zephyr/arch/arch/arm/core/mpu/libarch__arm__core__mpu.a(arm_mpu.c.obj)
 .rodata.mpu_configure_regions.str1.1
                0x000000000800923c       0x23 zephyr/arch/arch/arm/core/mpu/libarch__arm__core__mpu.a(arm_mpu.c.obj)
 .rodata.arm_core_mpu_configure_static_mpu_regions.str1.1
                0x000000000800925f       0x5b zephyr/arch/arch/arm/core/mpu/libarch__arm__core__mpu.a(arm_mpu.c.obj)
                                         0x7a (size before relaxing)
 .rodata.arm_core_mpu_configure_dynamic_mpu_regions.str1.1
                0x00000000080092ba       0x2d zephyr/arch/arch/arm/core/mpu/libarch__arm__core__mpu.a(arm_mpu.c.obj)
 .rodata.z_arm_mpu_init.str1.1
                0x00000000080092e7      0x124 zephyr/arch/arch/arm/core/mpu/libarch__arm__core__mpu.a(arm_mpu.c.obj)
 .rodata.str1.1
                0x000000000800940b        0xf zephyr/arch/arch/arm/core/mpu/libarch__arm__core__mpu.a(arm_mpu_regions.c.obj)
 .rodata.malloc_prepare.str1.1
                0x000000000800941a      0x100 zephyr/lib/libc/newlib/liblib__libc__newlib.a(libc-hooks.c.obj)
                                        0x11d (size before relaxing)
 .rodata.line_range_6.0
                0x000000000800951a        0x2 zephyr/drivers/interrupt_controller/libdrivers__interrupt_controller.a(intc_exti_stm32.c.obj)
 .rodata.line_range_5.1
                0x000000000800951c        0x2 zephyr/drivers/interrupt_controller/libdrivers__interrupt_controller.a(intc_exti_stm32.c.obj)
 .rodata.line_range_4.2
                0x000000000800951e        0x2 zephyr/drivers/interrupt_controller/libdrivers__interrupt_controller.a(intc_exti_stm32.c.obj)
 .rodata.line_range_3.3
                0x0000000008009520        0x2 zephyr/drivers/interrupt_controller/libdrivers__interrupt_controller.a(intc_exti_stm32.c.obj)
 .rodata.line_range_2.4
                0x0000000008009522        0x2 zephyr/drivers/interrupt_controller/libdrivers__interrupt_controller.a(intc_exti_stm32.c.obj)
 .rodata.line_range_1.5
                0x0000000008009524        0x2 zephyr/drivers/interrupt_controller/libdrivers__interrupt_controller.a(intc_exti_stm32.c.obj)
 .rodata.line_range_0.6
                0x0000000008009526        0x2 zephyr/drivers/interrupt_controller/libdrivers__interrupt_controller.a(intc_exti_stm32.c.obj)
 .rodata.str1.1
                0x0000000008009528       0x1e zephyr/drivers/interrupt_controller/libdrivers__interrupt_controller.a(intc_exti_stm32.c.obj)
 .rodata.str1.1
                0x0000000008009546        0xd zephyr/drivers/clock_control/libdrivers__clock_control.a(clock_stm32_ll_common.c.obj)
 .rodata.gpio_stm32_manage_callback.str1.1
                0x0000000008009553       0x7d zephyr/drivers/gpio/libdrivers__gpio.a(gpio_stm32.c.obj)
                                         0x9a (size before relaxing)
 .rodata.gpio_stm32_isr.str1.1
                0x00000000080095d0        0xc zephyr/drivers/gpio/libdrivers__gpio.a(gpio_stm32.c.obj)
 .rodata.str1.1
                0x00000000080095dc       0x62 zephyr/drivers/gpio/libdrivers__gpio.a(gpio_stm32.c.obj)
                                         0x68 (size before relaxing)
 .rodata.pinctrl_configure_pins.str1.1
                0x000000000800963e       0x4b zephyr/drivers/pinctrl/libdrivers__pinctrl.a(pinctrl_stm32.c.obj)
                                         0x68 (size before relaxing)
 .rodata.str1.1
                0x0000000008009689       0x11 zephyr/drivers/reset/libdrivers__reset.a(reset_stm32.c.obj)
 .rodata.uart_stm32_set_baudrate.str1.1
                0x000000000800969a      0x101 zephyr/drivers/serial/libdrivers__serial.a(uart_stm32.c.obj)
                                        0x11e (size before relaxing)
 .rodata.uart_stm32_init.str1.1
                0x000000000800979b       0x7c zephyr/drivers/serial/libdrivers__serial.a(uart_stm32.c.obj)
 .rodata.str1.1
                0x0000000008009817       0x2b zephyr/drivers/serial/libdrivers__serial.a(uart_stm32.c.obj)
 .rodata.sys_clock_set_timeout.str1.1
                0x0000000008009842       0xa1 zephyr/drivers/timer/libdrivers__timer.a(cortex_m_systick.c.obj)
 .rodata.AHBPrescTable
                0x0000000008009842       0x10 modules/stm32/stm32cube/lib..__modules__hal__stm32__stm32cube.a(system_stm32g4xx.c.obj)
                0x0000000008009842                AHBPrescTable
 .rodata.z_device_state_init.str1.1
                0x0000000008009852       0x3b zephyr/kernel/libkernel.a(device.c.obj)
                                         0x77 (size before relaxing)
 .rodata.k_sys_fatal_error_handler.str1.1
                0x000000000800988d        0xf zephyr/kernel/libkernel.a(fatal.c.obj)
 .rodata.z_fatal_error.str1.1
                0x000000000800989c       0xeb zephyr/kernel/libkernel.a(fatal.c.obj)
                                        0x108 (size before relaxing)
 .rodata.str1.1
                0x0000000008009987       0x4a zephyr/kernel/libkernel.a(fatal.c.obj)
 .rodata.bg_thread_main.str1.1
                0x00000000080099d1       0x4e zephyr/kernel/libkernel.a(init.c.obj)
                                         0x8a (size before relaxing)
 .rodata.z_cstart.str1.1
                0x0000000008009a1f        0x5 zephyr/kernel/libkernel.a(init.c.obj)
 .rodata.str1.1
                0x0000000008009a24        0x3 zephyr/kernel/libkernel.a(init.c.obj)
 .rodata.idle.str1.1
                0x0000000008009a27       0x49 zephyr/kernel/libkernel.a(idle.c.obj)
                                         0x66 (size before relaxing)
 .rodata.z_impl_k_sem_give.str1.1
                0x0000000008009a70       0xa1 zephyr/kernel/libkernel.a(sem.c.obj)
 .rodata.z_impl_k_sem_take.str1.1
                0x0000000008009a70       0x71 zephyr/kernel/libkernel.a(sem.c.obj)
 .rodata.z_setup_new_thread.str1.1
                0x0000000008009ae1       0xd4 zephyr/kernel/libkernel.a(thread.c.obj)
                                         0xf1 (size before relaxing)
 .rodata.z_impl_k_thread_create.str1.1
                0x0000000008009bb5       0x37 zephyr/kernel/libkernel.a(thread.c.obj)
 .rodata.update_cache.str1.1
                0x0000000008009bec       0x53 zephyr/kernel/libkernel.a(sched.c.obj)
                                         0x73 (size before relaxing)
 .rodata.unready_thread.str1.1
                0x0000000008009c3f       0x43 zephyr/kernel/libkernel.a(sched.c.obj)
 .rodata.unpend_thread_no_timeout.str1.1
                0x0000000008009c82       0x17 zephyr/kernel/libkernel.a(sched.c.obj)
 .rodata.z_thread_halt.str1.1
                0x0000000008009c99       0x2d zephyr/kernel/libkernel.a(sched.c.obj)
                                         0x86 (size before relaxing)
 .rodata.z_ready_thread.str1.1
                0x0000000008009cc6       0x2b zephyr/kernel/libkernel.a(sched.c.obj)
 .rodata.z_pend_curr.str1.1
                0x0000000008009cc6       0x39 zephyr/kernel/libkernel.a(sched.c.obj)
 .rodata.k_sched_lock.str1.1
                0x0000000008009cff       0x5c zephyr/kernel/libkernel.a(sched.c.obj)
                                         0x6e (size before relaxing)
 .rodata.k_sched_unlock.str1.1
                0x0000000008009d5b       0x31 zephyr/kernel/libkernel.a(sched.c.obj)
 .rodata.z_tick_sleep.str1.1
                0x0000000008009d8c       0x40 zephyr/kernel/libkernel.a(sched.c.obj)
 .rodata.z_thread_abort.str1.1
                0x0000000008009dcc       0x1f zephyr/kernel/libkernel.a(sched.c.obj)
                                         0x21 (size before relaxing)
 .rodata.slice_timeout.str1.1
                0x0000000008009deb      0x1d9 zephyr/kernel/libkernel.a(timeslicing.c.obj)
                                        0x1f6 (size before relaxing)
 .rodata.k_sched_time_slice_set.str1.1
                0x0000000008009fc4       0x84 zephyr/kernel/libkernel.a(timeslicing.c.obj)
 .rodata.z_add_timeout.str1.1
                0x0000000008009fc4       0x44 zephyr/kernel/libkernel.a(timeout.c.obj)
                                         0xe8 (size before relaxing)
 .rodata.z_timer_expiration_handler.str1.1
                0x000000000800a008       0xa1 zephyr/kernel/libkernel.a(timer.c.obj)
 *(SORT_BY_ALIGNMENT(.gnu.linkonce.r.*))
                0x000000000800a0ac                . = ALIGN (0x4)

.gcc_except_table
 *(SORT_BY_ALIGNMENT(.gcc_except_table) SORT_BY_ALIGNMENT(.gcc_except_table.*))
                0x000000000800a008                __rodata_region_end = .
                0x000000000800a0c0                . = ALIGN (_region_min_align)
                0x0000000008010000                . = ALIGN ((0x1 << LOG2CEIL ((__rodata_region_end - ADDR (rom_start)))))
                0x0000000008010000                __rom_region_end = ((__rom_region_start + .) - ADDR (rom_start))

/DISCARD/
 *(SORT_BY_ALIGNMENT(.got.plt))
 *(SORT_BY_ALIGNMENT(.igot.plt))
 *(SORT_BY_ALIGNMENT(.got))
 *(SORT_BY_ALIGNMENT(.igot))
                0x0000000020000000                . = 0x20000000
                0x0000000020000000                . = ALIGN (_region_min_align)
                0x0000000020000000                _image_ram_start = .

.ramfunc        0x0000000020000000        0x0 load address 0x000000000800a008
                0x0000000020000000                . = ALIGN (_region_min_align)
                0x0000000020000000                . = ALIGN ((0x1 << LOG2CEIL (__ramfunc_size)))
                0x0000000020000000                __ramfunc_start = .
 *(SORT_BY_ALIGNMENT(.ramfunc))
 *(SORT_BY_ALIGNMENT(.ramfunc.*))
                0x0000000020000000                . = ALIGN (_region_min_align)
                0x0000000020000000                . = ALIGN ((0x1 << LOG2CEIL (__ramfunc_size)))
                0x0000000020000000                __ramfunc_end = .
                0x0000000000000000                __ramfunc_size = (__ramfunc_end - __ramfunc_start)
                0x000000000800a008                __ramfunc_load_start = LOADADDR (.ramfunc)

datas           0x0000000020000000       0x64 load address 0x000000000800a008
                0x0000000020000000                __data_region_start = .
                0x0000000020000000                __data_start = .
 *(SORT_BY_ALIGNMENT(.data))
 *(SORT_BY_ALIGNMENT(.data.*))
 .data._char_out
                0x0000000020000000        0x4 zephyr/libzephyr.a(printk.c.obj)
                0x0000000020000000                _char_out
 .data.timestamp_func
                0x0000000020000004        0x4 zephyr/libzephyr.a(log_core.c.obj)
 .data.backend_cb_log_backend_uart
                0x0000000020000008        0x8 zephyr/libzephyr.a(log_backend_uart.c.obj)
 .data.handler  0x0000000020000010        0x4 zephyr/arch/arch/arm/core/libarch__arm__core.a(nmi.c.obj)
 .data._stdout_hook
                0x0000000020000014        0x4 zephyr/lib/libc/newlib/liblib__libc__newlib.a(libc-hooks.c.obj)
 .data.uart_stm32_data_1
                0x0000000020000018       0x10 zephyr/drivers/serial/libdrivers__serial.a(uart_stm32.c.obj)
 .data.uart_cfg_1
                0x0000000020000028        0x8 zephyr/drivers/serial/libdrivers__serial.a(uart_stm32.c.obj)
 .data.uart_stm32_data_0
                0x0000000020000030       0x10 zephyr/drivers/serial/libdrivers__serial.a(uart_stm32.c.obj)
 .data.uart_cfg_0
                0x0000000020000040        0x8 zephyr/drivers/serial/libdrivers__serial.a(uart_stm32.c.obj)
 .data.SystemCoreClock
                0x0000000020000048        0x4 modules/stm32/stm32cube/lib..__modules__hal__stm32__stm32cube.a(system_stm32g4xx.c.obj)
                0x0000000020000048                SystemCoreClock
 .data.timeout_list
                0x000000002000004c        0x8 zephyr/kernel/libkernel.a(timeout.c.obj)
 .data.exti_irq_table
                0x0000000020000054       0x10 zephyr/drivers/interrupt_controller/libdrivers__interrupt_controller.a(intc_exti_stm32.c.obj)
 *(SORT_BY_ALIGNMENT(.kernel.*))
                0x0000000020000064                __data_end = .
                0x0000000000000064                __data_size = (__data_end - __data_start)
                0x000000000800a008                __data_load_start = LOADADDR (datas)
                0x000000000800a008                __data_region_load_start = LOADADDR (datas)

device_states   0x0000000020000064       0x18 load address 0x000000000800a06c
                0x0000000020000064                __device_states_start = .
 *(SORT_BY_ALIGNMENT(.z_devstate))
 .z_devstate    0x0000000020000064        0x2 zephyr/drivers/interrupt_controller/libdrivers__interrupt_controller.a(intc_exti_stm32.c.obj)
 .z_devstate    0x0000000020000066        0x2 zephyr/drivers/clock_control/libdrivers__clock_control.a(clock_stm32_ll_common.c.obj)
 .z_devstate    0x0000000020000068        0xe zephyr/drivers/gpio/libdrivers__gpio.a(gpio_stm32.c.obj)
 .z_devstate    0x0000000020000076        0x2 zephyr/drivers/reset/libdrivers__reset.a(reset_stm32.c.obj)
 .z_devstate    0x0000000020000078        0x4 zephyr/drivers/serial/libdrivers__serial.a(uart_stm32.c.obj)
 *(SORT_BY_ALIGNMENT(.z_devstate.*))
                0x000000002000007c                __device_states_end = .

log_mpsc_pbuf_area
                0x000000002000007c       0x3c load address 0x000000000800a084
                0x000000002000007c                _log_mpsc_pbuf_list_start = .
 *(SORT_BY_NAME(SORT_BY_ALIGNMENT(._log_mpsc_pbuf.static.*)))
 ._log_mpsc_pbuf.static.log_buffer_
                0x000000002000007c       0x3c zephyr/libzephyr.a(log_core.c.obj)
                0x00000000200000b8                _log_mpsc_pbuf_list_end = .

log_msg_ptr_area
                0x00000000200000b8        0x4 load address 0x000000000800a0c0
                0x00000000200000b8                _log_msg_ptr_list_start = .
 *(SORT_BY_NAME(SORT_BY_ALIGNMENT(._log_msg_ptr.static.*)))
 ._log_msg_ptr.static.log_msg_ptr_
                0x00000000200000b8        0x4 zephyr/libzephyr.a(log_core.c.obj)
                0x00000000200000bc                _log_msg_ptr_list_end = .

log_dynamic_area
                0x00000000200000bc        0x0 load address 0x000000000800a0c4
                0x00000000200000bc                _log_dynamic_list_start = .
 *(SORT_BY_NAME(SORT_BY_ALIGNMENT(._log_dynamic.static.*)))
                0x00000000200000bc                _log_dynamic_list_end = .
