Archive member included to satisfy reference by file (symbol)

app/libapp.a(main.cpp.obj)    (--whole-archive)
app/libapp.a(gpio_overlay.cpp.obj)
                              (--whole-archive)
app/libapp.a(bldc_driver.cpp.obj)
                              (--whole-archive)
app/libapp.a(speed_ramp.cpp.obj)
                              (--whole-archive)
zephyr/libzephyr.a(cpp_dtors.c.obj)
                              (--whole-archive)
zephyr/libzephyr.a(heap.c.obj)
                              (--whole-archive)
zephyr/libzephyr.a(cbprintf_packaged.c.obj)
                              (--whole-archive)
zephyr/libzephyr.a(printk.c.obj)
                              (--whole-archive)
zephyr/libzephyr.a(sem.c.obj)
                              (--whole-archive)
zephyr/libzephyr.a(thread_entry.c.obj)
                              (--whole-archive)
zephyr/libzephyr.a(cbprintf_complete.c.obj)
                              (--whole-archive)
zephyr/libzephyr.a(cbprintf.c.obj)
                              (--whole-archive)
zephyr/libzephyr.a(assert.c.obj)
                              (--whole-archive)
zephyr/libzephyr.a(mpsc_pbuf.c.obj)
                              (--whole-archive)
zephyr/libzephyr.a(reboot.c.obj)
                              (--whole-archive)
zephyr/libzephyr.a(dec.c.obj)
                              (--whole-archive)
zephyr/libzephyr.a(hex.c.obj)
                              (--whole-archive)
zephyr/libzephyr.a(rb.c.obj)  (--whole-archive)
zephyr/libzephyr.a(timeutil.c.obj)
                              (--whole-archive)
zephyr/libzephyr.a(bitarray.c.obj)
                              (--whole-archive)
zephyr/libzephyr.a(configs.c.obj)
                              (--whole-archive)
zephyr/libzephyr.a(stm32cube_hal.c.obj)
                              (--whole-archive)
zephyr/libzephyr.a(soc_config.c.obj)
                              (--whole-archive)
zephyr/libzephyr.a(soc.c.obj)
                              (--whole-archive)
zephyr/libzephyr.a(log_core.c.obj)
                              (--whole-archive)
zephyr/libzephyr.a(log_mgmt.c.obj)
                              (--whole-archive)
zephyr/libzephyr.a(log_cache.c.obj)
                              (--whole-archive)
zephyr/libzephyr.a(log_msg.c.obj)
                              (--whole-archive)
zephyr/libzephyr.a(log_output.c.obj)
                              (--whole-archive)
zephyr/libzephyr.a(log_backend_uart.c.obj)
                              (--whole-archive)
zephyr/libzephyr.a(mem_attr.c.obj)
                              (--whole-archive)
zephyr/libzephyr.a(tracing_none.c.obj)
                              (--whole-archive)
zephyr/arch/common/libarch__common.a(sw_isr_common.c.obj)
                              (--whole-archive)
zephyr/arch/arch/arm/core/libarch__arm__core.a(fatal.c.obj)
                              (--whole-archive)
zephyr/arch/arch/arm/core/libarch__arm__core.a(nmi.c.obj)
                              (--whole-archive)
zephyr/arch/arch/arm/core/libarch__arm__core.a(nmi_on_reset.S.obj)
                              (--whole-archive)
zephyr/arch/arch/arm/core/libarch__arm__core.a(__aeabi_atexit.c.obj)
                              (--whole-archive)
zephyr/arch/arch/arm/core/cortex_m/libarch__arm__core__cortex_m.a(exc_exit.c.obj)
                              (--whole-archive)
zephyr/arch/arch/arm/core/cortex_m/libarch__arm__core__cortex_m.a(fault.c.obj)
                              (--whole-archive)
zephyr/arch/arch/arm/core/cortex_m/libarch__arm__core__cortex_m.a(fault_s.S.obj)
                              (--whole-archive)
zephyr/arch/arch/arm/core/cortex_m/libarch__arm__core__cortex_m.a(fpu.c.obj)
                              (--whole-archive)
zephyr/arch/arch/arm/core/cortex_m/libarch__arm__core__cortex_m.a(reset.S.obj)
                              (--whole-archive)
zephyr/arch/arch/arm/core/cortex_m/libarch__arm__core__cortex_m.a(scb.c.obj)
                              (--whole-archive)
zephyr/arch/arch/arm/core/cortex_m/libarch__arm__core__cortex_m.a(thread_abort.c.obj)
                              (--whole-archive)
zephyr/arch/arch/arm/core/cortex_m/libarch__arm__core__cortex_m.a(vector_table.S.obj)
                              (--whole-archive)
zephyr/arch/arch/arm/core/cortex_m/libarch__arm__core__cortex_m.a(swap.c.obj)
                              (--whole-archive)
zephyr/arch/arch/arm/core/cortex_m/libarch__arm__core__cortex_m.a(swap_helper.S.obj)
                              (--whole-archive)
zephyr/arch/arch/arm/core/cortex_m/libarch__arm__core__cortex_m.a(irq_manage.c.obj)
                              (--whole-archive)
zephyr/arch/arch/arm/core/cortex_m/libarch__arm__core__cortex_m.a(prep_c.c.obj)
                              (--whole-archive)
zephyr/arch/arch/arm/core/cortex_m/libarch__arm__core__cortex_m.a(thread.c.obj)
                              (--whole-archive)
zephyr/arch/arch/arm/core/cortex_m/libarch__arm__core__cortex_m.a(cpu_idle.c.obj)
[...]
Memory Configuration

Name             Origin             Length             Attributes
FLASH            0x0000000008000000 0x0000000000080000 xr
RAM              0x0000000020000000 0x0000000000020000 xw
IDT_LIST         0x00000000ffff7fff 0x0000000000008000 xw
*default*        0x0000000000000000 0xffffffffffffffff

Linker script and memory map

LOAD zephyr/CMakeFiles/zephyr_pre0.dir/misc/empty_file.c.obj
LOAD zephyr/CMakeFiles/offsets.dir/./arch/arm/core/offsets/offsets.c.obj
LOAD app/libapp.a
LOAD zephyr/libzephyr.a
LOAD zephyr/arch/common/libarch__common.a
LOAD zephyr/arch/arch/arm/core/libarch__arm__core.a
LOAD zephyr/arch/arch/arm/core/cortex_m/libarch__arm__core__cortex_m.a
LOAD zephyr/arch/arch/arm/core/mpu/libarch__arm__core__mpu.a
LOAD zephyr/lib/libc/newlib/liblib__libc__newlib.a
LOAD zephyr/lib/libc/common/liblib__libc__common.a
LOAD zephyr/drivers/interrupt_controller/libdrivers__interrupt_controller.a
LOAD zephyr/drivers/clock_control/libdrivers__clock_control.a
LOAD zephyr/drivers/console/libdrivers__console.a
LOAD zephyr/drivers/gpio/libdrivers__gpio.a
LOAD zephyr/drivers/pinctrl/libdrivers__pinctrl.a
LOAD zephyr/drivers/pwm/libdrivers__pwm.a
LOAD zephyr/drivers/reset/libdrivers__reset.a
LOAD zephyr/drivers/serial/libdrivers__serial.a
LOAD zephyr/drivers/timer/libdrivers__timer.a
LOAD modules/stm32/stm32cube/lib..__modules__hal__stm32__stm32cube.a
LOAD zephyr/kernel/libkernel.a
LOAD /home/babu-inc-5831/zephyr-sdk-0.16.8/arm-zephyr-eabi/bin/../lib/gcc/arm-zephyr-eabi/12.2.0/thumb/v7e-m/nofp/libgcc.a
LOAD zephyr/arch/common/libisr_tables.a
LOAD /home/babu-inc-5831/zephyr-sdk-0.16.8/arm-zephyr-eabi/arm-zephyr-eabi/lib/thumb/v7e-m/nofp/libstdc++.a
LOAD /home/babu-inc-5831/zephyr-sdk-0.16.8/arm-zephyr-eabi/arm-zephyr-eabi/lib/thumb/v7e-m/nofp/libm.a
LOAD /home/babu-inc-5831/zephyr-sdk-0.16.8/arm-zephyr-eabi/arm-zephyr-eabi/lib/thumb/v7e-m/nofp/libc.a
LOAD /home/babu-inc-5831/zephyr-sdk-0.16.8/arm-zephyr-eabi/bin/../lib/gcc/arm-zephyr-eabi/12.2.0/thumb/v7e-m/nofp/libgcc.a
LOAD /home/babu-inc-5831/zephyr-sdk-0.16.8/arm-zephyr-eabi/arm-zephyr-eabi/lib/thumb/v7e-m/nofp/libc.a
                0x0000000000000020                _region_min_align = 0x20

.rel.plt        0x0000000008000000        0x0
 *(SORT_BY_ALIGNMENT(.rel.plt))
                [!provide]                        PROVIDE (__rel_iplt_start = .)
 *(SORT_BY_ALIGNMENT(.rel.iplt))
 .rel.iplt      0x0000000008000000        0x0 app/libapp.a(main.cpp.obj)
                [!provide]                        PROVIDE (__rel_iplt_end = .)

.rela.plt       0x0000000000000000        0x0
 *(SORT_BY_ALIGNMENT(.rela.plt))
                [!provide]                        PROVIDE (__rela_iplt_start = .)
 *(SORT_BY_ALIGNMENT(.rela.iplt))
                [!provide]                        PROVIDE (__rela_iplt_end = .)

.rel.dyn
 *(SORT_BY_ALIGNMENT(.rel.*))

.rela.dyn
 *(SORT_BY_ALIGNMENT(.rela.*))

/DISCARD/
 *(SORT_BY_ALIGNMENT(.plt))

/DISCARD/
 *(SORT_BY_ALIGNMENT(.iplt))
                0x0000000008000000                __rom_region_start = 0x8000000

rom_start       0x0000000008000000      0x1d8
                0x0000000008000000                __rom_start_address = .
 FILL mask 0x00
                0x0000000008000000                . = (. + (0x0 - (. - __rom_start_address)))
                0x0000000008000000                . = ALIGN (0x4)
                0x0000000008000000                . = ALIGN (0x80)
                0x0000000008000000                . = ALIGN (0x200)
                0x0000000008000000                _vector_start = .
 *(SORT_BY_ALIGNMENT(.exc_vector_table))
 *(SORT_BY_ALIGNMENT(.exc_vector_table.*))
 .exc_vector_table._vector_table_section
                0x0000000008000000       0x40 zephyr/arch/arch/arm/core/cortex_m/libarch__arm__core__cortex_m.a(vector_table.S.obj)
                0x0000000008000000                _vector_table
 *(SORT_BY_ALIGNMENT(.vectors))
                0x00000000080001d8                _vector_end = .
                0x0000000008000040                . = ALIGN (0x4)
 *(SORT_BY_ALIGNMENT(.gnu.linkonce.irq_vector_table*))
 .gnu.linkonce.irq_vector_table
                0x0000000008000040      0x198 zephyr/arch/common/libisr_tables.a(isr_tables.c.obj)
                0x0000000008000040                _irq_vector_table
                0x00000000080001d8                _vector_end = .

text            0x0000000008000200     0x6b68
                0x0000000008000200                __text_region_start = .
 *(SORT_BY_ALIGNMENT(.text))
 .text          0x0000000008000200       0xdc /home/babu-inc-5831/zephyr-sdk-0.16.8/arm-zephyr-eabi/arm-zephyr-eabi/lib/thumb/v7e-m/nofp/libc.a(lib_a-strlen.o)
                0x0000000008000200                strlen
 .text          0x00000000080002dc       0x30 /home/babu-inc-5831/zephyr-sdk-0.16.8/arm-zephyr-eabi/bin/../lib/gcc/arm-zephyr-eabi/12.2.0/thumb/v7e-m/nofp/libgcc.a(_aeabi_uldivmod.o)
                0x00000000080002dc                __aeabi_uldivmod
 .text          0x000000000800030c        0x4 /home/babu-inc-5831/zephyr-sdk-0.16.8/arm-zephyr-eabi/bin/../lib/gcc/arm-zephyr-eabi/12.2.0/thumb/v7e-m/nofp/libgcc.a(_dvmd_tls.o)
                0x000000000800030c                __aeabi_ldiv0
                0x000000000800030c                __aeabi_idiv0
 .text          0x0000000008000310      0x134 /home/babu-inc-5831/zephyr-sdk-0.16.8/arm-zephyr-eabi/arm-zephyr-eabi/lib/thumb/v7e-m/nofp/libc.a(lib_a-memcpy.o)
                0x0000000008000310                memcpy
 .text          0x0000000008000444      0x2a0 /home/babu-inc-5831/zephyr-sdk-0.16.8/arm-zephyr-eabi/bin/../lib/gcc/arm-zephyr-eabi/12.2.0/thumb/v7e-m/nofp/libgcc.a(_udivmoddi4.o)
                0x0000000008000444                __udivmoddi4
 *(SORT_BY_ALIGNMENT(.text.*))
 *fill*         0x00000000080006e4        0x4 
 .text.pwm_set.constprop.0
                0x00000000080006e8       0xa4 app/libapp.a(bldc_driver.cpp.obj)
 .text.main     0x000000000800078c      0x15c app/libapp.a(main.cpp.obj)
                0x000000000800078c                main
 .text._GLOBAL__sub_I_log_const_main
                0x00000000080008e8       0x10 app/libapp.a(main.cpp.obj)
 .text._ZN13motor_control11GpioOverlay4InitEv
                0x00000000080008f8       0xe0 app/libapp.a(gpio_overlay.cpp.obj)
                0x00000000080008f8                motor_control::GpioOverlay::Init()
 .text._ZN13motor_control10BldcDriver9ApplyStepEhj
                0x00000000080009d8       0x9c app/libapp.a(bldc_driver.cpp.obj)
                0x00000000080009d8                motor_control::BldcDriver::ApplyStep(unsigned char, unsigned int)
 .text._ZN13motor_control10BldcDriver4InitEv
                0x0000000008000a74       0x2c app/libapp.a(bldc_driver.cpp.obj)
                0x0000000008000a74                motor_control::BldcDriver::Init()
 .text._ZN13motor_control9SpeedRamp5StartEv
                0x0000000008000aa0       0x84 app/libapp.a(speed_ramp.cpp.obj)
                0x0000000008000aa0                motor_control::SpeedRamp::Start()
 .text._ZNK13motor_control9SpeedRamp13ElectricalRpmEv
                0x0000000008000b24       0x14 app/libapp.a(speed_ramp.cpp.obj)
                0x0000000008000b24                motor_control::SpeedRamp::ElectricalRpm() const
 .text._ZN13motor_control9SpeedRamp6UpdateEv
                0x0000000008000b38       0xfc app/libapp.a(speed_ramp.cpp.obj)
                0x0000000008000b38                motor_control::SpeedRamp::Update()
 .text.cbvprintf_package
                0x0000000008000c34      0x3a4 zephyr/libzephyr.a(cbprintf_packaged.c.obj)
                0x0000000008000c34                cbvprintf_package
 .text.cbprintf_package_convert
                0x0000000008000fd8      0x3c0 zephyr/libzephyr.a(cbprintf_packaged.c.obj)
                0x0000000008000fd8                cbprintf_package_convert
 .text.__printk_hook_install
                0x0000000008001398        0xc zephyr/libzephyr.a(printk.c.obj)
                0x0000000008001398                __printk_hook_install
 .text.vsnprintk
                0x00000000080013a4       0x2c zephyr/libzephyr.a(printk.c.obj)
                0x00000000080013a4                vsnprintk
 .text.extract_decimal
                0x00000000080013d0       0x2c zephyr/libzephyr.a(cbprintf_complete.c.obj)
 .text.encode_uint
                0x00000000080013fc       0x9c zephyr/libzephyr.a(cbprintf_complete.c.obj)
 .text.z_cbvprintf_impl
                0x0000000008001498      0x76c zephyr/libzephyr.a(cbprintf_complete.c.obj)
                0x0000000008001498                z_cbvprintf_impl
 .text.st_stm32_common_config
                0x0000000008001c04       0x14 zephyr/libzephyr.a(soc_config.c.obj)
 .text.stm32g4_init
                0x0000000008001c18       0x68 zephyr/libzephyr.a(soc.c.obj)
 .text.activate_foreach_backend
                0x0000000008001c80       0x64 zephyr/libzephyr.a(log_core.c.obj)
 .text.enable_logger
                0x0000000008001ce4       0x5c zephyr/libzephyr.a(log_core.c.obj)
 .text.log_process_thread_timer_expiry_fn
                0x0000000008001d40        0xc zephyr/libzephyr.a(log_core.c.obj)
 .text.z_log_init
                0x0000000008001d4c       0x8c zephyr/libzephyr.a(log_core.c.obj)
 .text.log_format_func_t_get
                0x0000000008001dd8        0xc zephyr/libzephyr.a(log_core.c.obj)
                0x0000000008001dd8                log_format_func_t_get
 .text.log_set_timestamp_func
                0x0000000008001de4       0x20 zephyr/libzephyr.a(log_core.c.obj)
                0x0000000008001de4                log_set_timestamp_func
 .text.z_log_notify_backend_enabled
                0x0000000008001e04       0x1c zephyr/libzephyr.a(log_core.c.obj)
                0x0000000008001e04                z_log_notify_backend_enabled
 .text.z_log_dropped
                0x0000000008001e20       0x30 zephyr/libzephyr.a(log_core.c.obj)
                0x0000000008001e20                z_log_dropped
 .text.z_log_dropped_read_and_clear
                0x0000000008001e50       0x20 zephyr/libzephyr.a(log_core.c.obj)
                0x0000000008001e50                z_log_dropped_read_and_clear
 .text.dropped_notify
                0x0000000008001e70       0x30 zephyr/libzephyr.a(log_core.c.obj)
                0x0000000008001e70                dropped_notify
 .text.z_log_msg_init
                0x0000000008001ea0       0x20 zephyr/libzephyr.a(log_core.c.obj)
                0x0000000008001ea0                z_log_msg_init
 .text.log_core_init
                0x0000000008001ec0       0x34 zephyr/libzephyr.a(log_core.c.obj)
                0x0000000008001ec0                log_core_init
 .text.z_log_msg_alloc
                0x0000000008001ef4       0x10 zephyr/libzephyr.a(log_core.c.obj)
                0x0000000008001ef4                z_log_msg_alloc
 .text.z_log_msg_local_claim
                0x0000000008001f04        0xc zephyr/libzephyr.a(log_core.c.obj)
                0x0000000008001f04                z_log_msg_local_claim
 .text.z_log_msg_free
                0x0000000008001f10       0x10 zephyr/libzephyr.a(log_core.c.obj)
                0x0000000008001f10                z_log_msg_free
 .text.z_log_msg_pending
                0x0000000008001f20        0xc zephyr/libzephyr.a(log_core.c.obj)
                0x0000000008001f20                z_log_msg_pending
 .text.z_impl_log_process
                0x0000000008001f2c       0xb0 zephyr/libzephyr.a(log_core.c.obj)
                0x0000000008001f2c                z_impl_log_process
 .text.z_impl_log_panic
                0x0000000008001fdc       0x44 zephyr/libzephyr.a(log_core.c.obj)
                0x0000000008001fdc                z_impl_log_panic
 .text.log_process_thread_func
                0x0000000008002020       0x9c zephyr/libzephyr.a(log_core.c.obj)
 .text.z_log_msg_post_finalize
                0x00000000080020bc       0x78 zephyr/libzephyr.a(log_core.c.obj)
 .text.z_log_msg_commit
                0x0000000008002134       0x24 zephyr/libzephyr.a(log_core.c.obj)
                0x0000000008002134                z_log_msg_commit
 .text.log_source_name_get
                0x0000000008002158       0x1c zephyr/libzephyr.a(log_mgmt.c.obj)
                0x0000000008002158                log_source_name_get
 .text.log_backend_enable
                0x0000000008002174       0x28 zephyr/libzephyr.a(log_mgmt.c.obj)
                0x0000000008002174                log_backend_enable
 .text.z_impl_z_log_msg_static_create
                0x000000000800219c      0x108 zephyr/libzephyr.a(log_msg.c.obj)
                0x000000000800219c                z_impl_z_log_msg_static_create
 .text.z_log_msg_runtime_vcreate
                0x00000000080022a4       0xa0 zephyr/libzephyr.a(log_msg.c.obj)
                0x00000000080022a4                z_log_msg_runtime_vcreate
 .text.log_msg_get_source_id
                0x0000000008002344       0x18 zephyr/libzephyr.a(log_msg.c.obj)
                0x0000000008002344                log_msg_get_source_id
 .text.print_formatted
                0x000000000800235c       0x24 zephyr/libzephyr.a(log_output.c.obj)
 .text.newline_print
                0x0000000008002380       0x1c zephyr/libzephyr.a(log_output.c.obj)
 .text.log_output_process
                0x000000000800239c      0x2dc zephyr/libzephyr.a(log_output.c.obj)
                0x000000000800239c                log_output_process
 .text.log_output_dropped_process
                0x0000000008002678       0x58 zephyr/libzephyr.a(log_output.c.obj)
                0x0000000008002678                log_output_dropped_process
 .text.log_output_timestamp_freq_set
                0x00000000080026d0       0x2c zephyr/libzephyr.a(log_output.c.obj)
                0x00000000080026d0                log_output_timestamp_freq_set
 .text.char_out
                0x00000000080026fc       0x24 zephyr/libzephyr.a(log_backend_uart.c.obj)
 .text.mem_attr_get_regions
                0x0000000008002720        0xc zephyr/libzephyr.a(mem_attr.c.obj)
                0x0000000008002720                mem_attr_get_regions
 .text.z_arm_fatal_error
                0x000000000800272c       0xb8 zephyr/arch/arch/arm/core/libarch__arm__core.a(fatal.c.obj)
                0x000000000800272c                z_arm_fatal_error
 .text.z_arm_nmi
                0x00000000080027e4       0x14 zephyr/arch/arch/arm/core/libarch__arm__core.a(nmi.c.obj)
                0x00000000080027e4                z_arm_nmi
 .text.z_SysNmiOnReset
                0x00000000080027f8        0x8 zephyr/arch/arch/arm/core/libarch__arm__core.a(nmi_on_reset.S.obj)
                0x00000000080027f8                z_SysNmiOnReset
 .text._HandlerModeExit
                0x0000000008002800       0x28 zephyr/arch/arch/arm/core/cortex_m/libarch__arm__core__cortex_m.a(exc_exit.c.obj)
                0x0000000008002800                z_arm_exc_exit
                0x0000000008002800                z_arm_int_exit
 .text.bus_fault.constprop.0
                0x0000000008002828       0xd0 zephyr/arch/arch/arm/core/cortex_m/libarch__arm__core__cortex_m.a(fault.c.obj)
 .text.usage_fault.constprop.0
                0x00000000080028f8       0xa8 zephyr/arch/arch/arm/core/cortex_m/libarch__arm__core__cortex_m.a(fault.c.obj)
 .text.mem_manage_fault
                0x00000000080029a0      0x104 zephyr/arch/arch/arm/core/cortex_m/libarch__arm__core__cortex_m.a(fault.c.obj)
 .text.z_arm_fault
                0x0000000008002aa4      0x1d4 zephyr/arch/arch/arm/core/cortex_m/libarch__arm__core__cortex_m.a(fault.c.obj)
                0x0000000008002aa4                z_arm_fault
 .text.z_arm_fault_init
                0x0000000008002c78       0x10 zephyr/arch/arch/arm/core/cortex_m/libarch__arm__core__cortex_m.a(fault.c.obj)
                0x0000000008002c78                z_arm_fault_init
 .text.__fault  0x0000000008002c88       0x14 zephyr/arch/arch/arm/core/cortex_m/libarch__arm__core__cortex_m.a(fault_s.S.obj)
                0x0000000008002c88                z_arm_bus_fault
                0x0000000008002c88                z_arm_usage_fault
                0x0000000008002c88                z_arm_mpu_fault
                0x0000000008002c88                z_arm_exc_spurious
                0x0000000008002c88                z_arm_debug_monitor
                0x0000000008002c88                z_arm_hard_fault
 .text._reset_section
                0x0000000008002c9c       0x2c zephyr/arch/arch/arm/core/cortex_m/libarch__arm__core__cortex_m.a(reset.S.obj)
                0x0000000008002c9c                z_arm_reset
                0x0000000008002c9c                __start
 .text.z_impl_k_thread_abort
                0x0000000008002cc8       0x2c zephyr/arch/arch/arm/core/cortex_m/libarch__arm__core__cortex_m.a(thread_abort.c.obj)
                0x0000000008002cc8                z_impl_k_thread_abort
 .text.arch_swap
                0x0000000008002cf4       0x30 zephyr/arch/arch/arm/core/cortex_m/libarch__arm__core__cortex_m.a(swap.c.obj)
                0x0000000008002cf4                arch_swap
 .text.z_arm_pendsv_c
                0x0000000008002d24       0x40 zephyr/arch/arch/arm/core/cortex_m/libarch__arm__core__cortex_m.a(swap.c.obj)
                0x0000000008002d24                z_arm_pendsv_c
 .text.z_arm_pendsv
                0x0000000008002d64       0x34 zephyr/arch/arch/arm/core/cortex_m/libarch__arm__core__cortex_m.a(swap_helper.S.obj)
                0x0000000008002d64                z_arm_pendsv
 .text.z_arm_svc
                0x0000000008002d98       0x20 zephyr/arch/arch/arm/core/cortex_m/libarch__arm__core__cortex_m.a(swap_helper.S.obj)
                0x0000000008002d98                z_arm_svc
 .text.arch_irq_enable
                0x0000000008002db8       0x1c zephyr/arch/arch/arm/core/cortex_m/libarch__arm__core__cortex_m.a(irq_manage.c.obj)
                0x0000000008002db8                arch_irq_enable
 .text.z_arm_irq_priority_set
                0x0000000008002dd4       0x30 zephyr/arch/arch/arm/core/cortex_m/libarch__arm__core__cortex_m.a(irq_manage.c.obj)
                0x0000000008002dd4                z_arm_irq_priority_set
 .text.z_prep_c
                0x0000000008002e04       0x48 zephyr/arch/arch/arm/core/cortex_m/libarch__arm__core__cortex_m.a(prep_c.c.obj)
                0x0000000008002e04                z_prep_c
 .text.arch_new_thread
                0x0000000008002e4c       0x38 zephyr/arch/arch/arm/core/cortex_m/libarch__arm__core__cortex_m.a(thread.c.obj)
                0x0000000008002e4c                arch_new_thread
 .text.z_check_thread_stack_fail
                0x0000000008002e84       0x2c zephyr/arch/arch/arm/core/cortex_m/libarch__arm__core__cortex_m.a(thread.c.obj)
                0x0000000008002e84                z_check_thread_stack_fail
 .text.arch_switch_to_main_thread
                0x0000000008002eb0       0x3c zephyr/arch/arch/arm/core/cortex_m/libarch__arm__core__cortex_m.a(thread.c.obj)
                0x0000000008002eb0                arch_switch_to_main_thread
 .text.z_arm_cpu_idle_init
                0x0000000008002eec        0xc zephyr/arch/arch/arm/core/cortex_m/libarch__arm__core__cortex_m.a(cpu_idle.c.obj)
                0x0000000008002eec                z_arm_cpu_idle_init
 .text.z_arm_interrupt_init
                0x0000000008002ef8       0x18 zephyr/arch/arch/arm/core/cortex_m/libarch__arm__core__cortex_m.a(irq_init.c.obj)
                0x0000000008002ef8                z_arm_interrupt_init
 .text._isr_wrapper
                0x0000000008002f10       0x24 zephyr/arch/arch/arm/core/cortex_m/libarch__arm__core__cortex_m.a(isr_wrapper.c.obj)
                0x0000000008002f10                _isr_wrapper
 .text.z_arm_configure_static_mpu_regions
                0x0000000008002f34       0x18 zephyr/arch/arch/arm/core/mpu/libarch__arm__core__mpu.a(arm_core_mpu.c.obj)
                0x0000000008002f34                z_arm_configure_static_mpu_regions
 .text.z_arm_configure_dynamic_mpu_regions
                0x0000000008002f4c       0x20 zephyr/arch/arch/arm/core/mpu/libarch__arm__core__mpu.a(arm_core_mpu.c.obj)
                0x0000000008002f4c                z_arm_configure_dynamic_mpu_regions
 .text.region_allocate_and_init
                0x0000000008002f6c       0x54 zephyr/arch/arch/arm/core/mpu/libarch__arm__core__mpu.a(arm_mpu.c.obj)
 .text.mpu_configure_regions
                0x0000000008002fc0       0x68 zephyr/arch/arch/arm/core/mpu/libarch__arm__core__mpu.a(arm_mpu.c.obj)
 .text.arm_core_mpu_enable
                0x0000000008003028       0x18 zephyr/arch/arch/arm/core/mpu/libarch__arm__core__mpu.a(arm_mpu.c.obj)
                0x0000000008003028                arm_core_mpu_enable
 .text.arm_core_mpu_disable
                0x0000000008003040       0x14 zephyr/arch/arch/arm/core/mpu/libarch__arm__core__mpu.a(arm_mpu.c.obj)
                0x0000000008003040                arm_core_mpu_disable
 .text.arm_core_mpu_configure_static_mpu_regions
                0x0000000008003054       0x14 zephyr/arch/arch/arm/core/mpu/libarch__arm__core__mpu.a(arm_mpu.c.obj)
                0x0000000008003054                arm_core_mpu_configure_static_mpu_regions
 .text.arm_core_mpu_configure_dynamic_mpu_regions
                0x0000000008003068       0x38 zephyr/arch/arch/arm/core/mpu/libarch__arm__core__mpu.a(arm_mpu.c.obj)
                0x0000000008003068                arm_core_mpu_configure_dynamic_mpu_regions
 .text.z_arm_mpu_init
                0x00000000080030a0      0x17c zephyr/arch/arch/arm/core/mpu/libarch__arm__core__mpu.a(arm_mpu.c.obj)
                0x00000000080030a0                z_arm_mpu_init
 .text.__stdout_hook_install
                0x000000000800321c        0xc zephyr/lib/libc/newlib/liblib__libc__newlib.a(libc-hooks.c.obj)
                0x000000000800321c                __stdout_hook_install
 .text.stm32_exti_isr
                0x0000000008003228       0x4c zephyr/drivers/interrupt_controller/libdrivers__interrupt_controller.a(intc_exti_stm32.c.obj)
 .text.stm32_fill_irq_table
                0x0000000008003274       0x18 zephyr/drivers/interrupt_controller/libdrivers__interrupt_controller.a(intc_exti_stm32.c.obj)
 .text.stm32_exti_enable
                0x000000000800328c       0x24 zephyr/drivers/interrupt_controller/libdrivers__interrupt_controller.a(intc_exti_stm32.c.obj)
                0x000000000800328c                stm32_exti_enable
 .text.stm32_exti_disable
                0x00000000080032b0       0x18 zephyr/drivers/interrupt_controller/libdrivers__interrupt_controller.a(intc_exti_stm32.c.obj)
                0x00000000080032b0                stm32_exti_disable
 .text.stm32_exti_trigger
                0x00000000080032c8       0x60 zephyr/drivers/interrupt_controller/libdrivers__interrupt_controller.a(intc_exti_stm32.c.obj)
                0x00000000080032c8                stm32_exti_trigger
 .text.stm32_exti_set_callback
                0x0000000008003328       0x30 zephyr/drivers/interrupt_controller/libdrivers__interrupt_controller.a(intc_exti_stm32.c.obj)
                0x0000000008003328                stm32_exti_set_callback
 .text.stm32_exti_unset_callback
                0x0000000008003358       0x14 zephyr/drivers/interrupt_controller/libdrivers__interrupt_controller.a(intc_exti_stm32.c.obj)
                0x0000000008003358                stm32_exti_unset_callback
 .text.stm32_clock_control_get_subsys_rate
                0x000000000800336c       0x94 zephyr/drivers/clock_control/libdrivers__clock_control.a(clock_stm32_ll_common.c.obj)
 .text.stm32_clock_control_init
                0x0000000008003400      0x144 zephyr/drivers/clock_control/libdrivers__clock_control.a(clock_stm32_ll_common.c.obj)
                0x0000000008003400                stm32_clock_control_init
 .text.get_pllsrc_frequency
                0x0000000008003544        0x8 zephyr/drivers/clock_control/libdrivers__clock_control.a(clock_stm32g4.c.obj)
                0x0000000008003544                get_pllsrc_frequency
 .text.config_pll_sysclock
                0x000000000800354c       0x34 zephyr/drivers/clock_control/libdrivers__clock_control.a(clock_stm32g4.c.obj)
                0x000000000800354c                config_pll_sysclock
 .text.config_enable_default_clocks
                0x0000000008003580       0x20 zephyr/drivers/clock_control/libdrivers__clock_control.a(clock_stm32g4.c.obj)
                0x0000000008003580                config_enable_default_clocks
 .text.uart_console_init
                0x00000000080035a0       0x28 zephyr/drivers/console/libdrivers__console.a(uart_console.c.obj)
 .text.console_out
                0x00000000080035c8       0x28 zephyr/drivers/console/libdrivers__console.a(uart_console.c.obj)
 .text.gpio_stm32_init
                0x00000000080035f0       0x30 zephyr/drivers/gpio/libdrivers__gpio.a(gpio_stm32.c.obj)
 .text.gpio_stm32_pin_interrupt_configure
                0x0000000008003620      0x118 zephyr/drivers/gpio/libdrivers__gpio.a(gpio_stm32.c.obj)
 .text.pinctrl_configure_pins
                0x0000000008003738       0x84 zephyr/drivers/pinctrl/libdrivers__pinctrl.a(pinctrl_stm32.c.obj)
                0x0000000008003738                pinctrl_configure_pins
 .text.LL_TIM_OC_GetPolarity
                0x00000000080037bc       0x70 zephyr/drivers/pwm/libdrivers__pwm.a(pwm_stm32.c.obj)
 .text.pwm_stm32_set_cycles
                0x000000000800382c      0x27c zephyr/drivers/pwm/libdrivers__pwm.a(pwm_stm32.c.obj)
 .text.pwm_stm32_init
                0x0000000008003aa8      0x138 zephyr/drivers/pwm/libdrivers__pwm.a(pwm_stm32.c.obj)
 .text.uart_stm32_cfg2ll_stopbits
                0x0000000008003be0       0x38 zephyr/drivers/serial/libdrivers__serial.a(uart_stm32.c.obj)
 .text.lpuartdiv_calc
                0x0000000008003c18       0x30 zephyr/drivers/serial/libdrivers__serial.a(uart_stm32.c.obj)
                0x0000000008003c18                lpuartdiv_calc
 .text.uart_stm32_set_baudrate
                0x0000000008003c48      0x108 zephyr/drivers/serial/libdrivers__serial.a(uart_stm32.c.obj)
 .text.uart_stm32_configure
                0x0000000008003d50      0x100 zephyr/drivers/serial/libdrivers__serial.a(uart_stm32.c.obj)
 .text.uart_stm32_init
                0x0000000008003e50      0x1bc zephyr/drivers/serial/libdrivers__serial.a(uart_stm32.c.obj)
 .text.elapsed  0x000000000800400c       0x4c zephyr/drivers/timer/libdrivers__timer.a(cortex_m_systick.c.obj)
 .text.sys_clock_driver_init
                0x0000000008004058       0x38 zephyr/drivers/timer/libdrivers__timer.a(cortex_m_systick.c.obj)
 .text.sys_clock_isr
                0x0000000008004090       0x54 zephyr/drivers/timer/libdrivers__timer.a(cortex_m_systick.c.obj)
                0x0000000008004090                sys_clock_isr
 .text.sys_clock_set_timeout
                0x00000000080040e4       0xf8 zephyr/drivers/timer/libdrivers__timer.a(cortex_m_systick.c.obj)
                0x00000000080040e4                sys_clock_set_timeout
 .text.sys_clock_elapsed
                0x00000000080041dc       0x3c zephyr/drivers/timer/libdrivers__timer.a(cortex_m_systick.c.obj)
                0x00000000080041dc                sys_clock_elapsed
 .text.HAL_RCC_GetSysClockFreq
                0x0000000008004218       0x6c modules/stm32/stm32cube/lib..__modules__hal__stm32__stm32cube.a(stm32g4xx_hal_rcc.c.obj)
                0x0000000008004218                HAL_RCC_GetSysClockFreq
 .text.LL_TIM_Init
                0x0000000008004284       0xb8 modules/stm32/stm32cube/lib..__modules__hal__stm32__stm32cube.a(stm32g4xx_ll_tim.c.obj)
                0x0000000008004284                LL_TIM_Init
 .text.LL_TIM_OC_Init
                0x000000000800433c      0x358 modules/stm32/stm32cube/lib..__modules__hal__stm32__stm32cube.a(stm32g4xx_ll_tim.c.obj)
                0x000000000800433c                LL_TIM_OC_Init
 .text.LL_SetFlashLatency
                0x0000000008004694       0xdc modules/stm32/stm32cube/lib..__modules__hal__stm32__stm32cube.a(stm32g4xx_ll_utils.c.obj)
                0x0000000008004694                LL_SetFlashLatency
 .text.k_sys_fatal_error_handler
                0x0000000008004770       0x20 zephyr/kernel/libkernel.a(fatal.c.obj)
                0x0000000008004770                k_sys_fatal_error_handler
 .text.z_fatal_error
                0x0000000008004790       0xe8 zephyr/kernel/libkernel.a(fatal.c.obj)
                0x0000000008004790                z_fatal_error
 .text.z_sys_init_run_level
                0x0000000008004878       0x2c zephyr/kernel/libkernel.a(init.c.obj)
 .text.bg_thread_main
                0x00000000080048a4       0xc4 zephyr/kernel/libkernel.a(init.c.obj)
 .text.z_bss_zero
                0x0000000008004968       0x18 zephyr/kernel/libkernel.a(init.c.obj)
                0x0000000008004968                z_bss_zero
 .text.z_init_cpu
                0x0000000008004980       0x70 zephyr/kernel/libkernel.a(init.c.obj)
                0x0000000008004980                z_init_cpu
 .text.z_cstart
                0x00000000080049f0       0xe0 zephyr/kernel/libkernel.a(init.c.obj)
                0x00000000080049f0                z_cstart
 .text.__do_global_ctors_aux
                0x0000000008004ad0       0x1c zephyr/kernel/libkernel.a(init_static.c.obj)
                0x0000000008004ad0                __do_global_ctors_aux
 .text.__do_init_array_aux
                0x0000000008004aec       0x1c zephyr/kernel/libkernel.a(init_static.c.obj)
                0x0000000008004aec                __do_init_array_aux
 .text.z_impl_k_sem_give
                0x0000000008004b08       0x48 zephyr/kernel/libkernel.a(sem.c.obj)
                0x0000000008004b08                z_impl_k_sem_give
 .text.z_impl_k_sem_take
                0x0000000008004b50       0x4c zephyr/kernel/libkernel.a(sem.c.obj)
                0x0000000008004b50                z_impl_k_sem_take
 .text.z_setup_new_thread
                0x0000000008004b9c       0x7c zephyr/kernel/libkernel.a(thread.c.obj)
                0x0000000008004b9c                z_setup_new_thread
 .text.z_impl_k_thread_create
                0x0000000008004c18       0x58 zephyr/kernel/libkernel.a(thread.c.obj)
                0x0000000008004c18                z_impl_k_thread_create
 .text.update_cache
                0x0000000008004c70       0x3c zephyr/kernel/libkernel.a(sched.c.obj)
 .text.unready_thread
                0x0000000008004cac       0x30 zephyr/kernel/libkernel.a(sched.c.obj)
 .text.ready_thread
                0x0000000008004cdc       0x68 zephyr/kernel/libkernel.a(sched.c.obj)
 .text.z_thread_halt
                0x0000000008004d44       0xe0 zephyr/kernel/libkernel.a(sched.c.obj)
 .text.move_thread_to_end_of_prio_q
                0x0000000008004e24       0x74 zephyr/kernel/libkernel.a(sched.c.obj)
                0x0000000008004e24                move_thread_to_end_of_prio_q
 .text.z_pend_curr
                0x0000000008004e98       0x58 zephyr/kernel/libkernel.a(sched.c.obj)
                0x0000000008004e98                z_pend_curr
 .text.z_reschedule
                0x0000000008004ef0       0x24 zephyr/kernel/libkernel.a(sched.c.obj)
                0x0000000008004ef0                z_reschedule
 .text.z_sched_start
                0x0000000008004f14       0x3c zephyr/kernel/libkernel.a(sched.c.obj)
                0x0000000008004f14                z_sched_start
 .text.z_reschedule_irqlock
                0x0000000008004f50       0x28 zephyr/kernel/libkernel.a(sched.c.obj)
                0x0000000008004f50                z_reschedule_irqlock
 .text.k_sched_lock
                0x0000000008004f78       0x28 zephyr/kernel/libkernel.a(sched.c.obj)
                0x0000000008004f78                k_sched_lock
 .text.k_sched_unlock
                0x0000000008004fa0       0x40 zephyr/kernel/libkernel.a(sched.c.obj)
                0x0000000008004fa0                k_sched_unlock
 .text.z_sched_init
                0x0000000008004fe0       0x10 zephyr/kernel/libkernel.a(sched.c.obj)
                0x0000000008004fe0                z_sched_init
 .text.z_impl_k_yield
                0x0000000008004ff0       0x7c zephyr/kernel/libkernel.a(sched.c.obj)
                0x0000000008004ff0                z_impl_k_yield
 .text.z_tick_sleep
                0x000000000800506c       0x88 zephyr/kernel/libkernel.a(sched.c.obj)
 .text.z_impl_k_sleep
                0x00000000080050f4       0x3c zephyr/kernel/libkernel.a(sched.c.obj)
                0x00000000080050f4                z_impl_k_sleep
 .text.z_impl_k_sched_current_thread_query
                0x0000000008005130        0xc zephyr/kernel/libkernel.a(sched.c.obj)
                0x0000000008005130                z_impl_k_sched_current_thread_query
 .text.slice_timeout
                0x000000000800513c       0x20 zephyr/kernel/libkernel.a(timeslicing.c.obj)
 .text.thread_is_sliceable
                0x000000000800515c       0x3c zephyr/kernel/libkernel.a(timeslicing.c.obj)
                0x000000000800515c                thread_is_sliceable
 .text.z_reset_time_slice
                0x0000000008005198       0x50 zephyr/kernel/libkernel.a(timeslicing.c.obj)
                0x0000000008005198                z_reset_time_slice
 .text.z_time_slice
                0x00000000080051e8       0x60 zephyr/kernel/libkernel.a(timeslicing.c.obj)
                0x00000000080051e8                z_time_slice
 .text.z_data_copy
                0x0000000008005248       0x34 zephyr/kernel/libkernel.a(xip.c.obj)
                0x0000000008005248                z_data_copy
 .text.elapsed  0x000000000800527c       0x14 zephyr/kernel/libkernel.a(timeout.c.obj)
 .text.remove_timeout
                0x0000000008005290       0x38 zephyr/kernel/libkernel.a(timeout.c.obj)
 .text.next_timeout
                0x00000000080052c8       0x40 zephyr/kernel/libkernel.a(timeout.c.obj)
 .text.z_add_timeout
                0x0000000008005308       0xf4 zephyr/kernel/libkernel.a(timeout.c.obj)
                0x0000000008005308                z_add_timeout
 .text.sys_clock_announce
                0x00000000080053fc       0xd0 zephyr/kernel/libkernel.a(timeout.c.obj)
                0x00000000080053fc                sys_clock_announce
 .text.sys_clock_tick_get
                0x00000000080054cc       0x30 zephyr/kernel/libkernel.a(timeout.c.obj)
                0x00000000080054cc                sys_clock_tick_get
 .text.z_timer_expiration_handler
                0x00000000080054fc       0xe0 zephyr/kernel/libkernel.a(timer.c.obj)
                0x00000000080054fc                z_timer_expiration_handler
 .text.z_impl_k_timer_start
                0x00000000080055dc       0x74 zephyr/kernel/libkernel.a(timer.c.obj)
                0x00000000080055dc                z_impl_k_timer_start
 .text.k_thread_system_pool_assign
                0x0000000008005650        0xc zephyr/kernel/libkernel.a(mempool.c.obj)
                0x0000000008005650                k_thread_system_pool_assign
 .text.boot_banner
                0x000000000800565c        0xc zephyr/kernel/libkernel.a(banner.c.obj)
                0x000000000800565c                boot_banner
 .text.statics_init
                0x0000000008005668       0x24 zephyr/kernel/libkernel.a(kheap.c.obj)
 .text.memset   0x000000000800568c       0xa4 /home/babu-inc-5831/zephyr-sdk-0.16.8/arm-zephyr-eabi/arm-zephyr-eabi/lib/thumb/v7e-m/nofp/libc.a(lib_a-memset.o)
                0x000000000800568c                memset
 .text.strnlen  0x0000000008005730       0x24 /home/babu-inc-5831/zephyr-sdk-0.16.8/arm-zephyr-eabi/arm-zephyr-eabi/lib/thumb/v7e-m/nofp/libc.a(lib_a-strnlen.o)
                0x0000000008005730                strnlen
 .text._OffsetAbsSyms
                0x0000000008005754        0x2 zephyr/CMakeFiles/offsets.dir/./arch/arm/core/offsets/offsets.c.obj
                0x0000000008005754                _OffsetAbsSyms
 .text._ZL15z_cbprintf_wcpyPiS_j.constprop.0
                0x0000000008005756        0x6 app/libapp.a(main.cpp.obj)
 .text.gpio_pin_configure_dt.constprop.0.isra.0
                0x000000000800575c       0x34 app/libapp.a(gpio_overlay.cpp.obj)
 .text.gpio_is_ready_dt.isra.0
                0x0000000008005790        0x4 app/libapp.a(gpio_overlay.cpp.obj)
 .text.gpio_pin_set_dt
                0x0000000008005794       0x28 app/libapp.a(bldc_driver.cpp.obj)
 .text._ZN13motor_control10BldcDriverC2ERNS_11GpioOverlayE
                0x00000000080057bc        0x8 app/libapp.a(bldc_driver.cpp.obj)
                0x00000000080057bc                motor_control::BldcDriver::BldcDriver(motor_control::GpioOverlay&)
                0x00000000080057bc                motor_control::BldcDriver::BldcDriver(motor_control::GpioOverlay&)
 .text._ZNK13motor_control10BldcDriver10ChannelForENS_5PhaseE
                0x00000000080057c4       0x10 app/libapp.a(bldc_driver.cpp.obj)
                0x00000000080057c4                motor_control::BldcDriver::ChannelFor(motor_control::Phase) const
 .text._ZNK13motor_control10BldcDriver9EnableForENS_5PhaseE
                0x00000000080057d4       0x14 app/libapp.a(bldc_driver.cpp.obj)
                0x00000000080057d4                motor_control::BldcDriver::EnableFor(motor_control::Phase) const
 .text._ZN13motor_control10BldcDriver9DriveHighENS_5PhaseEj
                0x00000000080057e8       0x40 app/libapp.a(bldc_driver.cpp.obj)
                0x00000000080057e8                motor_control::BldcDriver::DriveHigh(motor_control::Phase, unsigned int)
 .text._ZN13motor_control10BldcDriver8DriveLowENS_5PhaseE
                0x0000000008005828       0x34 app/libapp.a(bldc_driver.cpp.obj)
                0x0000000008005828                motor_control::BldcDriver::DriveLow(motor_control::Phase)
 .text._ZN13motor_control10BldcDriver10FloatPhaseENS_5PhaseE
                0x000000000800585c       0x2e app/libapp.a(bldc_driver.cpp.obj)
                0x000000000800585c                motor_control::BldcDriver::FloatPhase(motor_control::Phase)
 .text._ZN13motor_control10BldcDriver6AllOffEv
                0x000000000800588a       0x32 app/libapp.a(bldc_driver.cpp.obj)
                0x000000000800588a                motor_control::BldcDriver::AllOff()
 .text._ZL15z_cbprintf_wcpyPiS_j.constprop.0
                0x00000000080058bc        0x6 app/libapp.a(speed_ramp.cpp.obj)
 .text.chunk_size
                0x00000000080058c2        0xa zephyr/libzephyr.a(heap.c.obj)
 .text.free_list_add
                0x00000000080058cc       0x4e zephyr/libzephyr.a(heap.c.obj)
 .text.sys_heap_init
                0x000000000800591a       0x7a zephyr/libzephyr.a(heap.c.obj)
                0x000000000800591a                sys_heap_init
 .text.cbpprintf_external
                0x0000000008005994       0x62 zephyr/libzephyr.a(cbprintf_packaged.c.obj)
                0x0000000008005994                cbpprintf_external
 .text.is_ptr   0x00000000080059f6       0x4a zephyr/libzephyr.a(cbprintf_packaged.c.obj)
                0x00000000080059f6                is_ptr
 .text.arch_printk_char_out
                0x0000000008005a40        0x4 zephyr/libzephyr.a(printk.c.obj)
                0x0000000008005a40                arch_printk_char_out
 .text.str_out  0x0000000008005a44       0x24 zephyr/libzephyr.a(printk.c.obj)
 .text.printk   0x0000000008005a68       0x1a zephyr/libzephyr.a(printk.c.obj)
                0x0000000008005a68                printk
 .text.snprintk
                0x0000000008005a82       0x1a zephyr/libzephyr.a(printk.c.obj)
                0x0000000008005a82                snprintk
 .text.z_thread_entry
                0x0000000008005a9c       0x14 zephyr/libzephyr.a(thread_entry.c.obj)
                0x0000000008005a9c                z_thread_entry
 .text.outs     0x0000000008005ab0       0x2e zephyr/libzephyr.a(cbprintf_complete.c.obj)
 .text.free_space
                0x0000000008005ade       0x26 zephyr/libzephyr.a(mpsc_pbuf.c.obj)
 .text.get_usage
                0x0000000008005b04       0x22 zephyr/libzephyr.a(mpsc_pbuf.c.obj)
 .text.idx_inc  0x0000000008005b26       0x1c zephyr/libzephyr.a(mpsc_pbuf.c.obj)
 .text.rd_idx_inc
                0x0000000008005b42       0x18 zephyr/libzephyr.a(mpsc_pbuf.c.obj)
 .text.add_skip_item
                0x0000000008005b5a       0x3a zephyr/libzephyr.a(mpsc_pbuf.c.obj)
 .text.drop_item_locked
                0x0000000008005b94       0xee zephyr/libzephyr.a(mpsc_pbuf.c.obj)
 .text.post_drop_action
                0x0000000008005c82       0x36 zephyr/libzephyr.a(mpsc_pbuf.c.obj)
 .text.max_utilization_update
                0x0000000008005cb8       0x1a zephyr/libzephyr.a(mpsc_pbuf.c.obj)
 .text.mpsc_pbuf_init
                0x0000000008005cd2       0x42 zephyr/libzephyr.a(mpsc_pbuf.c.obj)
                0x0000000008005cd2                mpsc_pbuf_init
 .text.mpsc_pbuf_alloc
                0x0000000008005d14       0xf8 zephyr/libzephyr.a(mpsc_pbuf.c.obj)
                0x0000000008005d14                mpsc_pbuf_alloc
 .text.mpsc_pbuf_commit
                0x0000000008005e0c       0x3e zephyr/libzephyr.a(mpsc_pbuf.c.obj)
                0x0000000008005e0c                mpsc_pbuf_commit
 .text.mpsc_pbuf_claim
                0x0000000008005e4a       0xa8 zephyr/libzephyr.a(mpsc_pbuf.c.obj)
                0x0000000008005e4a                mpsc_pbuf_claim
 .text.mpsc_pbuf_free
                0x0000000008005ef2       0x76 zephyr/libzephyr.a(mpsc_pbuf.c.obj)
                0x0000000008005ef2                mpsc_pbuf_free
 .text.mpsc_pbuf_is_pending
                0x0000000008005f68       0x1a zephyr/libzephyr.a(mpsc_pbuf.c.obj)
                0x0000000008005f68                mpsc_pbuf_is_pending
 .text._ConfigAbsSyms
                0x0000000008005f82        0x2 zephyr/libzephyr.a(configs.c.obj)
                0x0000000008005f82                _ConfigAbsSyms
 .text.log_msg_generic_get_wlen
                0x0000000008005f84       0x20 zephyr/libzephyr.a(log_core.c.obj)
 .text.dummy_timestamp
                0x0000000008005fa4        0x4 zephyr/libzephyr.a(log_core.c.obj)
 .text.atomic_inc
                0x0000000008005fa8       0x1a zephyr/libzephyr.a(log_core.c.obj)
 .text.default_lf_get_timestamp
                0x0000000008005fc2       0x10 zephyr/libzephyr.a(log_core.c.obj)
 .text.z_log_vprintk
                0x0000000008005fd2       0x1c zephyr/libzephyr.a(log_core.c.obj)
                0x0000000008005fd2                z_log_vprintk
 .text.z_log_notify_drop
                0x0000000008005fee        0x6 zephyr/libzephyr.a(log_core.c.obj)
 .text.z_log_get_tag
                0x0000000008005ff4        0x4 zephyr/libzephyr.a(log_core.c.obj)
                0x0000000008005ff4                z_log_get_tag
 .text.z_cbprintf_cpy
                0x0000000008005ff8       0x2c zephyr/libzephyr.a(log_msg.c.obj)
 .text.z_log_msg_finalize
                0x0000000008006024       0x32 zephyr/libzephyr.a(log_msg.c.obj)
                0x0000000008006024                z_log_msg_finalize
 .text.z_log_msg_simple_create
                0x0000000008006056       0x6e zephyr/libzephyr.a(log_msg.c.obj)
 .text.z_impl_z_log_msg_simple_create_0
                0x00000000080060c4       0x12 zephyr/libzephyr.a(log_msg.c.obj)
                0x00000000080060c4                z_impl_z_log_msg_simple_create_0
 .text.z_impl_z_log_msg_simple_create_1
                0x00000000080060d6       0x14 zephyr/libzephyr.a(log_msg.c.obj)
                0x00000000080060d6                z_impl_z_log_msg_simple_create_1
 .text.buffer_write
                0x00000000080060ea       0x1c zephyr/libzephyr.a(log_output.c.obj)
 .text.cbvprintf
                0x0000000008006106        0xe zephyr/libzephyr.a(log_output.c.obj)
 .text.log_output_flush
                0x0000000008006114       0x1a zephyr/libzephyr.a(log_output.c.obj)
                0x0000000008006114                log_output_flush
 .text.out_func
                0x000000000800612e       0x36 zephyr/libzephyr.a(log_output.c.obj)
 .text.cr_out_func
                0x0000000008006164       0x1c zephyr/libzephyr.a(log_output.c.obj)
 .text.log_output_msg_process
                0x0000000008006180       0x6a zephyr/libzephyr.a(log_output.c.obj)
                0x0000000008006180                log_output_msg_process
 .text.format_set
                0x00000000080061ea        0xc zephyr/libzephyr.a(log_backend_uart.c.obj)
 .text.log_backend_uart_init
                0x00000000080061f6        0xc zephyr/libzephyr.a(log_backend_uart.c.obj)
 .text.panic    0x0000000008006202       0x10 zephyr/libzephyr.a(log_backend_uart.c.obj)
 .text.dropped  0x0000000008006212        0xa zephyr/libzephyr.a(log_backend_uart.c.obj)
 .text.process  0x000000000800621c       0x1e zephyr/libzephyr.a(log_backend_uart.c.obj)
 .text.z_do_kernel_oops
                0x000000000800623a        0x8 zephyr/arch/arch/arm/core/libarch__arm__core.a(fatal.c.obj)
                0x000000000800623a                z_do_kernel_oops
 .text.z_log_msg_simple_create_0.constprop.0
                0x0000000008006242        0x8 zephyr/arch/arch/arm/core/cortex_m/libarch__arm__core__cortex_m.a(fault.c.obj)
 .text.z_irq_spurious
                0x000000000800624a        0x8 zephyr/arch/arch/arm/core/cortex_m/libarch__arm__core__cortex_m.a(irq_manage.c.obj)
                0x000000000800624a                z_irq_spurious
 .text.arch_irq_unlock_outlined
                0x0000000008006252        0xe zephyr/arch/arch/arm/core/cortex_m/libarch__arm__core__cortex_m.a(thread.c.obj)
                0x0000000008006252                arch_irq_unlock_outlined
 .text.arch_cpu_idle
                0x0000000008006260       0x1a zephyr/arch/arch/arm/core/cortex_m/libarch__arm__core__cortex_m.a(cpu_idle.c.obj)
                0x0000000008006260                arch_cpu_idle
 .text.size_to_mpu_rasr_size
                0x000000000800627a       0x20 zephyr/arch/arch/arm/core/mpu/libarch__arm__core__mpu.a(arm_mpu.c.obj)
 .text._stdout_hook_default
                0x000000000800629a        0x6 zephyr/lib/libc/newlib/liblib__libc__newlib.a(libc-hooks.c.obj)
 .text.malloc_prepare
                0x00000000080062a0        0x4 zephyr/lib/libc/newlib/liblib__libc__newlib.a(libc-hooks.c.obj)
 .text.stm32_exti_init
                0x00000000080062a4       0x92 zephyr/drivers/interrupt_controller/libdrivers__interrupt_controller.a(intc_exti_stm32.c.obj)
 .text.enabled_clock
                0x0000000008006336       0x1e zephyr/drivers/clock_control/libdrivers__clock_control.a(clock_stm32_ll_common.c.obj)
 .text.stm32_clock_control_on
                0x0000000008006354       0x38 zephyr/drivers/clock_control/libdrivers__clock_control.a(clock_stm32_ll_common.c.obj)
 .text.stm32_clock_control_off
                0x000000000800638c       0x24 zephyr/drivers/clock_control/libdrivers__clock_control.a(clock_stm32_ll_common.c.obj)
 .text.stm32_clock_control_configure
                0x00000000080063b0       0x50 zephyr/drivers/clock_control/libdrivers__clock_control.a(clock_stm32_ll_common.c.obj)
 .text.stm32_clock_control_get_status
                0x0000000008006400       0x30 zephyr/drivers/clock_control/libdrivers__clock_control.a(clock_stm32_ll_common.c.obj)
 .text.config_regulator_voltage
                0x0000000008006430        0x2 zephyr/drivers/clock_control/libdrivers__clock_control.a(clock_stm32_ll_common.c.obj)
                0x0000000008006430                config_regulator_voltage
 .text.gpio_stm32_port_get_raw
                0x0000000008006432        0xc zephyr/drivers/gpio/libdrivers__gpio.a(gpio_stm32.c.obj)
 .text.gpio_stm32_port_set_masked_raw
                0x000000000800643e       0x12 zephyr/drivers/gpio/libdrivers__gpio.a(gpio_stm32.c.obj)
 .text.gpio_stm32_port_set_bits_raw
                0x0000000008006450        0xa zephyr/drivers/gpio/libdrivers__gpio.a(gpio_stm32.c.obj)
 .text.gpio_stm32_port_clear_bits_raw
                0x000000000800645a        0xa zephyr/drivers/gpio/libdrivers__gpio.a(gpio_stm32.c.obj)
 .text.gpio_stm32_port_toggle_bits
                0x0000000008006464        0xe zephyr/drivers/gpio/libdrivers__gpio.a(gpio_stm32.c.obj)
 .text.gpio_stm32_manage_callback
                0x0000000008006472       0x52 zephyr/drivers/gpio/libdrivers__gpio.a(gpio_stm32.c.obj)
 .text.gpio_stm32_configure_raw.isra.0
                0x00000000080064c4      0x106 zephyr/drivers/gpio/libdrivers__gpio.a(gpio_stm32.c.obj)
 .text.gpio_stm32_config
                0x00000000080065ca       0x72 zephyr/drivers/gpio/libdrivers__gpio.a(gpio_stm32.c.obj)
 .text.gpio_stm32_isr
                0x000000000800663c       0x2e zephyr/drivers/gpio/libdrivers__gpio.a(gpio_stm32.c.obj)
 .text.gpio_stm32_configure
                0x000000000800666a       0x2a zephyr/drivers/gpio/libdrivers__gpio.a(gpio_stm32.c.obj)
                0x000000000800666a                gpio_stm32_configure
 .text.pinctrl_lookup_state
                0x0000000008006694       0x26 zephyr/drivers/pinctrl/libdrivers__pinctrl.a(common.c.obj)
                0x0000000008006694                pinctrl_lookup_state
 .text.LL_TIM_OC_SetCompareCH1
                0x00000000080066ba        0x4 zephyr/drivers/pwm/libdrivers__pwm.a(pwm_stm32.c.obj)
 .text.LL_TIM_OC_SetCompareCH2
                0x00000000080066be        0x4 zephyr/drivers/pwm/libdrivers__pwm.a(pwm_stm32.c.obj)
 .text.LL_TIM_OC_SetCompareCH3
                0x00000000080066c2        0x4 zephyr/drivers/pwm/libdrivers__pwm.a(pwm_stm32.c.obj)
 .text.LL_TIM_OC_SetCompareCH4
                0x00000000080066c6        0x4 zephyr/drivers/pwm/libdrivers__pwm.a(pwm_stm32.c.obj)
 .text.LL_TIM_OC_SetCompareCH5
                0x00000000080066ca        0x6 zephyr/drivers/pwm/libdrivers__pwm.a(pwm_stm32.c.obj)
 .text.LL_TIM_OC_SetCompareCH6
                0x00000000080066d0        0x4 zephyr/drivers/pwm/libdrivers__pwm.a(pwm_stm32.c.obj)
 .text.pwm_stm32_get_cycles_per_sec
                0x00000000080066d4       0x16 zephyr/drivers/pwm/libdrivers__pwm.a(pwm_stm32.c.obj)
 .text.reset_stm32_status
                0x00000000080066ea       0x20 zephyr/drivers/reset/libdrivers__reset.a(reset_stm32.c.obj)
 .text.reset_stm32_line_assert
                0x000000000800670a       0x1c zephyr/drivers/reset/libdrivers__reset.a(reset_stm32.c.obj)
 .text.reset_stm32_line_deassert
                0x0000000008006726       0x1e zephyr/drivers/reset/libdrivers__reset.a(reset_stm32.c.obj)
 .text.reset_stm32_line_toggle
                0x0000000008006744       0x16 zephyr/drivers/reset/libdrivers__reset.a(reset_stm32.c.obj)
 .text.uart_stm32_ll2cfg_databits
                0x000000000800675a       0x2a zephyr/drivers/serial/libdrivers__serial.a(uart_stm32.c.obj)
 .text.uart_stm32_err_check
                0x0000000008006784       0x5a zephyr/drivers/serial/libdrivers__serial.a(uart_stm32.c.obj)
 .text.uart_stm32_poll_out
                0x00000000080067de       0x36 zephyr/drivers/serial/libdrivers__serial.a(uart_stm32.c.obj)
 .text.uart_stm32_poll_in
                0x0000000008006814       0x20 zephyr/drivers/serial/libdrivers__serial.a(uart_stm32.c.obj)
 .text.uart_stm32_config_get
                0x0000000008006834       0x92 zephyr/drivers/serial/libdrivers__serial.a(uart_stm32.c.obj)
 .text.uart_stm32_parameters_set
                0x00000000080068c6      0x136 zephyr/drivers/serial/libdrivers__serial.a(uart_stm32.c.obj)
 .text.LL_TIM_StructInit
                0x00000000080069fc       0x12 modules/stm32/stm32cube/lib..__modules__hal__stm32__stm32cube.a(stm32g4xx_ll_tim.c.obj)
                0x00000000080069fc                LL_TIM_StructInit
 .text.LL_TIM_OC_StructInit
                0x0000000008006a0e       0x14 modules/stm32/stm32cube/lib..__modules__hal__stm32__stm32cube.a(stm32g4xx_ll_tim.c.obj)
                0x0000000008006a0e                LL_TIM_OC_StructInit
 .text.z_device_state_init
                0x0000000008006a22        0x2 zephyr/kernel/libkernel.a(device.c.obj)
                0x0000000008006a22                z_device_state_init
 .text.z_impl_device_is_ready
                0x0000000008006a24       0x16 zephyr/kernel/libkernel.a(device.c.obj)
                0x0000000008006a24                z_impl_device_is_ready
 .text.arch_system_halt
                0x0000000008006a3a       0x10 zephyr/kernel/libkernel.a(fatal.c.obj)
                0x0000000008006a3a                arch_system_halt
 .text.do_device_init
                0x0000000008006a4a       0x30 zephyr/kernel/libkernel.a(init.c.obj)
 .text.z_early_memset
                0x0000000008006a7a        0x4 zephyr/kernel/libkernel.a(init.c.obj)
                0x0000000008006a7a                z_early_memset
 .text.z_early_memcpy
                0x0000000008006a7e        0x4 zephyr/kernel/libkernel.a(init.c.obj)
                0x0000000008006a7e                z_early_memcpy
 .text.z_init_static
                0x0000000008006a82        0xe zephyr/kernel/libkernel.a(init_static.c.obj)
                0x0000000008006a82                z_init_static
 .text.idle     0x0000000008006a90       0x16 zephyr/kernel/libkernel.a(idle.c.obj)
                0x0000000008006a90                idle
 .text.z_impl_k_sem_init
                0x0000000008006aa6       0x18 zephyr/kernel/libkernel.a(sem.c.obj)
                0x0000000008006aa6                z_impl_k_sem_init
 .text.k_is_in_isr
                0x0000000008006abe        0xc zephyr/kernel/libkernel.a(thread.c.obj)
                0x0000000008006abe                k_is_in_isr
 .text.z_impl_k_thread_name_set
                0x0000000008006aca        0x6 zephyr/kernel/libkernel.a(thread.c.obj)
                0x0000000008006aca                z_impl_k_thread_name_set
 .text.k_thread_name_get
                0x0000000008006ad0        0x4 zephyr/kernel/libkernel.a(thread.c.obj)
                0x0000000008006ad0                k_thread_name_get
 .text.z_impl_k_thread_start
                0x0000000008006ad4        0x4 zephyr/kernel/libkernel.a(thread.c.obj)
                0x0000000008006ad4                z_impl_k_thread_start
 .text.sys_dlist_remove
                0x0000000008006ad8       0x10 zephyr/kernel/libkernel.a(sched.c.obj)
 .text.unpend_thread_no_timeout
                0x0000000008006ae8       0x14 zephyr/kernel/libkernel.a(sched.c.obj)
 .text.add_to_waitq_locked
                0x0000000008006afc       0x50 zephyr/kernel/libkernel.a(sched.c.obj)
 .text.z_ready_thread
                0x0000000008006b4c       0x1e zephyr/kernel/libkernel.a(sched.c.obj)
                0x0000000008006b4c                z_ready_thread
 .text.z_impl_k_thread_suspend
                0x0000000008006b6a       0x32 zephyr/kernel/libkernel.a(sched.c.obj)
                0x0000000008006b6a                z_impl_k_thread_suspend
 .text.z_unpend_thread_no_timeout
                0x0000000008006b9c       0x22 zephyr/kernel/libkernel.a(sched.c.obj)
                0x0000000008006b9c                z_unpend_thread_no_timeout
 .text.z_sched_wake_thread
                0x0000000008006bbe       0x42 zephyr/kernel/libkernel.a(sched.c.obj)
                0x0000000008006bbe                z_sched_wake_thread
 .text.z_thread_timeout
                0x0000000008006c00        0x8 zephyr/kernel/libkernel.a(sched.c.obj)
                0x0000000008006c00                z_thread_timeout
 .text.z_unpend1_no_timeout
                0x0000000008006c08       0x2c zephyr/kernel/libkernel.a(sched.c.obj)
                0x0000000008006c08                z_unpend1_no_timeout
 .text.z_unpend_first_thread
                0x0000000008006c34       0x36 zephyr/kernel/libkernel.a(sched.c.obj)
                0x0000000008006c34                z_unpend_first_thread
 .text.z_impl_k_usleep
                0x0000000008006c6a       0x22 zephyr/kernel/libkernel.a(sched.c.obj)
                0x0000000008006c6a                z_impl_k_usleep
 .text.z_thread_abort
                0x0000000008006c8c       0x44 zephyr/kernel/libkernel.a(sched.c.obj)
                0x0000000008006c8c                z_thread_abort
 .text.z_abort_timeout
                0x0000000008006cd0       0x2a zephyr/kernel/libkernel.a(timeout.c.obj)
                0x0000000008006cd0                z_abort_timeout
 .text.sys_clock_tick_get_32
                0x0000000008006cfa        0x8 zephyr/kernel/libkernel.a(timeout.c.obj)
                0x0000000008006cfa                sys_clock_tick_get_32
 .text.z_impl_k_uptime_ticks
                0x0000000008006d02        0x4 zephyr/kernel/libkernel.a(timeout.c.obj)
                0x0000000008006d02                z_impl_k_uptime_ticks
 .text.k_timer_init
                0x0000000008006d06       0x18 zephyr/kernel/libkernel.a(timer.c.obj)
                0x0000000008006d06                k_timer_init
 .text.z_impl_k_timer_stop
                0x0000000008006d1e       0x38 zephyr/kernel/libkernel.a(timer.c.obj)
                0x0000000008006d1e                z_impl_k_timer_stop
 .text.k_heap_init
                0x0000000008006d56       0x10 zephyr/kernel/libkernel.a(kheap.c.obj)
                0x0000000008006d56                k_heap_init
 *(SORT_BY_ALIGNMENT(.TEXT.*))
 *(SORT_BY_ALIGNMENT(.gnu.linkonce.t.*))
 *(SORT_BY_ALIGNMENT(.glue_7t))
 .glue_7t       0x0000000008006d66        0x0 linker stubs
 *(SORT_BY_ALIGNMENT(.glue_7))
 .glue_7        0x0000000008006d66        0x0 linker stubs
 *(SORT_BY_ALIGNMENT(.vfp11_veneer))
 .vfp11_veneer  0x0000000008006d66        0x0 linker stubs
 *(SORT_BY_ALIGNMENT(.v4_bx))
 .v4_bx         0x0000000008006d66        0x0 linker stubs
                0x0000000008006d68                . = ALIGN (0x4)
 *fill*         0x0000000008006d66        0x2 
                0x0000000008006d68                __text_region_end = .

.ARM.extab
 *(SORT_BY_ALIGNMENT(.ARM.extab*) SORT_BY_ALIGNMENT(.gnu.linkonce.armextab.*))

.ARM.exidx      0x0000000008006d68        0x8
                0x0000000008006d68                __exidx_start = .
 *(SORT_BY_ALIGNMENT(.ARM.exidx*) SORT_BY_ALIGNMENT(gnu.linkonce.armexidx.*))
 .ARM.exidx     0x0000000008006d68        0x8 /home/babu-inc-5831/zephyr-sdk-0.16.8/arm-zephyr-eabi/bin/../lib/gcc/arm-zephyr-eabi/12.2.0/thumb/v7e-m/nofp/libgcc.a(_udivmoddi4.o)
                0x0000000008006d70                __exidx_end = .
                0x0000000008006d70                __rodata_region_start = .

initlevel       0x0000000008006d70       0xb0
                0x0000000008006d70                __init_start = .
                0x0000000008006d70                __init_EARLY_start = .
 *(SORT_BY_NAME(SORT_BY_ALIGNMENT(.z_init_EARLY?_*)))
 *(SORT_BY_NAME(SORT_BY_ALIGNMENT(.z_init_EARLY??_*)))
                0x0000000008006d70                __init_PRE_KERNEL_1_start = .
 *(SORT_BY_NAME(SORT_BY_ALIGNMENT(.z_init_PRE_KERNEL_1?_*)))
 .z_init_PRE_KERNEL_10_0_
                0x0000000008006d70        0x8 zephyr/libzephyr.a(soc.c.obj)
 .z_init_PRE_KERNEL_11_00009_
                0x0000000008006d78        0x8 zephyr/drivers/clock_control/libdrivers__clock_control.a(clock_stm32_ll_common.c.obj)
 .z_init_PRE_KERNEL_11_0_
                0x0000000008006d80        0x8 zephyr/libzephyr.a(soc_config.c.obj)
 *(SORT_BY_NAME(SORT_BY_ALIGNMENT(.z_init_PRE_KERNEL_1??_*)))
 .z_init_PRE_KERNEL_130_0_
                0x0000000008006d88        0x8 zephyr/kernel/libkernel.a(kheap.c.obj)
 .z_init_PRE_KERNEL_135_00050_
                0x0000000008006d90        0x8 zephyr/drivers/reset/libdrivers__reset.a(reset_stm32.c.obj)
 .z_init_PRE_KERNEL_140_00027_
                0x0000000008006d98        0x8 zephyr/drivers/gpio/libdrivers__gpio.a(gpio_stm32.c.obj)
 .z_init_PRE_KERNEL_140_00044_
                0x0000000008006da0        0x8 zephyr/drivers/gpio/libdrivers__gpio.a(gpio_stm32.c.obj)
 .z_init_PRE_KERNEL_140_00047_
                0x0000000008006da8        0x8 zephyr/drivers/gpio/libdrivers__gpio.a(gpio_stm32.c.obj)
 .z_init_PRE_KERNEL_140_00073_
                0x0000000008006db0        0x8 zephyr/drivers/interrupt_controller/libdrivers__interrupt_controller.a(intc_exti_stm32.c.obj)
 .z_init_PRE_KERNEL_140_00119_
                0x0000000008006db8        0x8 zephyr/drivers/gpio/libdrivers__gpio.a(gpio_stm32.c.obj)
 .z_init_PRE_KERNEL_140_00120_
                0x0000000008006dc0        0x8 zephyr/drivers/gpio/libdrivers__gpio.a(gpio_stm32.c.obj)
 .z_init_PRE_KERNEL_140_00121_
                0x0000000008006dc8        0x8 zephyr/drivers/gpio/libdrivers__gpio.a(gpio_stm32.c.obj)
 .z_init_PRE_KERNEL_140_00122_
                0x0000000008006dd0        0x8 zephyr/drivers/gpio/libdrivers__gpio.a(gpio_stm32.c.obj)
 .z_init_PRE_KERNEL_150_00084_
                0x0000000008006dd8        0x8 zephyr/drivers/serial/libdrivers__serial.a(uart_stm32.c.obj)
 .z_init_PRE_KERNEL_150_00087_
                0x0000000008006de0        0x8 zephyr/drivers/serial/libdrivers__serial.a(uart_stm32.c.obj)
 .z_init_PRE_KERNEL_160_0_
                0x0000000008006de8        0x8 zephyr/drivers/console/libdrivers__console.a(uart_console.c.obj)
                0x0000000008006df0                __init_PRE_KERNEL_2_start = .
 *(SORT_BY_NAME(SORT_BY_ALIGNMENT(.z_init_PRE_KERNEL_2?_*)))
 .z_init_PRE_KERNEL_20_0_
                0x0000000008006df0        0x8 zephyr/drivers/timer/libdrivers__timer.a(cortex_m_systick.c.obj)
 *(SORT_BY_NAME(SORT_BY_ALIGNMENT(.z_init_PRE_KERNEL_2??_*)))
                0x0000000008006df8                __init_POST_KERNEL_start = .
 *(SORT_BY_NAME(SORT_BY_ALIGNMENT(.z_init_POST_KERNEL?_*)))
 .z_init_POST_KERNEL0_0_
                0x0000000008006df8        0x8 zephyr/libzephyr.a(log_core.c.obj)
 *(SORT_BY_NAME(SORT_BY_ALIGNMENT(.z_init_POST_KERNEL??_*)))
 .z_init_POST_KERNEL35_0_
                0x0000000008006e00        0x8 zephyr/lib/libc/newlib/liblib__libc__newlib.a(libc-hooks.c.obj)
 .z_init_POST_KERNEL50_00053_
                0x0000000008006e08        0x8 zephyr/drivers/pwm/libdrivers__pwm.a(pwm_stm32.c.obj)
 .z_init_POST_KERNEL50_00127_
                0x0000000008006e10        0x8 zephyr/drivers/pwm/libdrivers__pwm.a(pwm_stm32.c.obj)
 .z_init_POST_KERNEL50_00137_
                0x0000000008006e18        0x8 zephyr/drivers/pwm/libdrivers__pwm.a(pwm_stm32.c.obj)
                0x0000000008006e20                __init_APPLICATION_start = .
 *(SORT_BY_NAME(SORT_BY_ALIGNMENT(.z_init_APPLICATION?_*)))
 *(SORT_BY_NAME(SORT_BY_ALIGNMENT(.z_init_APPLICATION??_*)))
                0x0000000008006e20                __init_SMP_start = .
 *(SORT_BY_NAME(SORT_BY_ALIGNMENT(.z_init_SMP?_*)))
 *(SORT_BY_NAME(SORT_BY_ALIGNMENT(.z_init_SMP??_*)))
                0x0000000008006e20                __init_end = .
                0x0000000008006e20                __deferred_init_list_start = .
 *(SORT_BY_ALIGNMENT(.z_deferred_init*))
                0x0000000008006e20                __deferred_init_list_end = .

device_area     0x0000000008006e20      0x12c
                0x0000000008006e20                _device_list_start = .
 *(SORT_BY_NAME(SORT_BY_ALIGNMENT(._device.static.*_?_*)))
 ._device.static.1_1_
                0x0000000008006e20       0x14 zephyr/drivers/clock_control/libdrivers__clock_control.a(clock_stm32_ll_common.c.obj)
                0x0000000008006e20                __device_dts_ord_9
 *(SORT_BY_NAME(SORT_BY_ALIGNMENT(._device.static.*_??_*)))
 ._device.static.1_35_
                0x0000000008006e34       0x14 zephyr/drivers/reset/libdrivers__reset.a(reset_stm32.c.obj)
                0x0000000008006e34                __device_dts_ord_50
 ._device.static.1_40_
                0x0000000008006e48       0x14 zephyr/drivers/interrupt_controller/libdrivers__interrupt_controller.a(intc_exti_stm32.c.obj)
                0x0000000008006e48                __device_dts_ord_73
 ._device.static.1_40_
                0x0000000008006e5c       0x8c zephyr/drivers/gpio/libdrivers__gpio.a(gpio_stm32.c.obj)
                0x0000000008006e5c                __device_dts_ord_122
                0x0000000008006e70                __device_dts_ord_121
                0x0000000008006e84                __device_dts_ord_120
                0x0000000008006e98                __device_dts_ord_119
                0x0000000008006eac                __device_dts_ord_44
                0x0000000008006ec0                __device_dts_ord_27
                0x0000000008006ed4                __device_dts_ord_47
 ._device.static.1_50_
                0x0000000008006ee8       0x28 zephyr/drivers/serial/libdrivers__serial.a(uart_stm32.c.obj)
                0x0000000008006ee8                __device_dts_ord_84
                0x0000000008006efc                __device_dts_ord_87
 ._device.static.3_50_
                0x0000000008006f10       0x3c zephyr/drivers/pwm/libdrivers__pwm.a(pwm_stm32.c.obj)
                0x0000000008006f10                __device_dts_ord_127
                0x0000000008006f24                __device_dts_ord_53
                0x0000000008006f38                __device_dts_ord_137
                0x0000000008006f4c                _device_list_end = .

sw_isr_table    0x0000000008006f4c      0x330
                0x0000000008006f4c                . = ALIGN (0x4)
 *(SORT_BY_ALIGNMENT(.gnu.linkonce.sw_isr_table*))
 .gnu.linkonce.sw_isr_table
                0x0000000008006f4c      0x330 zephyr/arch/common/libisr_tables.a(isr_tables.c.obj)
                0x0000000008006f4c                _sw_isr_table

initlevel_error
                0x0000000008006d70        0x0
 *(SORT_BY_NAME(SORT_BY_ALIGNMENT(.z_init_[_A-Z0-9]*)))
                0x0000000000000001                ASSERT ((SIZEOF (initlevel_error) == 0x0), Undefined initialization levels used.)

app_shmem_regions
                0x000000000800727c        0x0
                0x000000000800727c                __app_shmem_regions_start = .
 *(SORT_BY_NAME(SORT_BY_ALIGNMENT(.app_regions.*)))
                0x000000000800727c                __app_shmem_regions_end = .

k_p4wq_initparam_area
                0x000000000800727c        0x0
                0x000000000800727c                _k_p4wq_initparam_list_start = .
 *(SORT_BY_NAME(SORT_BY_ALIGNMENT(._k_p4wq_initparam.static.*)))
                0x000000000800727c                _k_p4wq_initparam_list_end = .

_static_thread_data_area
                0x000000000800727c        0x0
                0x000000000800727c                __static_thread_data_list_start = .
 *(SORT_BY_NAME(SORT_BY_ALIGNMENT(.__static_thread_data.static.*)))
                0x000000000800727c                __static_thread_data_list_end = .

device_deps     0x000000000800727c        0x0
                0x000000000800727c                __device_deps_start = .
 *(SORT_BY_NAME(SORT_BY_ALIGNMENT(.__device_deps_pass2*)))
                0x000000000800727c                __device_deps_end = .

ztest           0x000000000800727c        0x0
                0x000000000800727c                _ztest_expected_result_entry_list_start = .
 *(SORT_BY_NAME(SORT_BY_ALIGNMENT(._ztest_expected_result_entry.static.*)))
                0x000000000800727c                _ztest_expected_result_entry_list_end = .
                0x000000000800727c                _ztest_suite_node_list_start = .
 *(SORT_BY_NAME(SORT_BY_ALIGNMENT(._ztest_suite_node.static.*)))
                0x000000000800727c                _ztest_suite_node_list_end = .
                0x000000000800727c                _ztest_unit_test_list_start = .
 *(SORT_BY_NAME(SORT_BY_ALIGNMENT(._ztest_unit_test.static.*)))
                0x000000000800727c                _ztest_unit_test_list_end = .
                0x000000000800727c                _ztest_test_rule_list_start = .
 *(SORT_BY_NAME(SORT_BY_ALIGNMENT(._ztest_test_rule.static.*)))
                0x000000000800727c                _ztest_test_rule_list_end = .

ctors           0x000000000800727c        0xc
                0x000000000800727c                . = ALIGN (0x4)
                0x000000000800727c                __ZEPHYR_CTOR_LIST__ = .
                0x000000000800727c        0x4 LONG 0x0 (((__ZEPHYR_CTOR_END__ - __ZEPHYR_CTOR_LIST__) / 0x4) - 0x2)
 *(SORT_BY_NAME(SORT_BY_ALIGNMENT(.ctors*)))
                0x0000000008007280                __CTOR_LIST__ = .
                0x0000000008007280        0x4 LONG 0x0
                0x0000000008007284                __ZEPHYR_CTOR_END__ = .
                0x0000000008007284        0x4 LONG 0x0
                0x0000000008007288                __CTOR_END__ = .

init_array      0x0000000008007288        0x4
                0x0000000008007288                . = ALIGN (0x4)
                0x0000000008007288                __init_array_start = .
                0x0000000008007288                __init_array_end = .
                0x0000000008007288                __zephyr_init_array_start = .
 *(SORT_BY_NAME(SORT_BY_ALIGNMENT(.init_array*)))
 .init_array    0x0000000008007288        0x4 app/libapp.a(main.cpp.obj)
                0x000000000800728c                __zephyr_init_array_end = .

bt_l2cap_fixed_chan_area
                0x000000000800728c        0x0
                0x000000000800728c                _bt_l2cap_fixed_chan_list_start = .
 *(SORT_BY_NAME(SORT_BY_ALIGNMENT(._bt_l2cap_fixed_chan.static.*)))
                0x000000000800728c                _bt_l2cap_fixed_chan_list_end = .

bt_gatt_service_static_area
                0x000000000800728c        0x0
                0x000000000800728c                _bt_gatt_service_static_list_start = .
 *(SORT_BY_NAME(SORT_BY_ALIGNMENT(._bt_gatt_service_static.static.*)))
                0x000000000800728c                _bt_gatt_service_static_list_end = .

log_strings_area
                0x000000000800728c        0x0
                0x000000000800728c                _log_strings_list_start = .
 *(SORT_BY_NAME(SORT_BY_ALIGNMENT(._log_strings.static.*)))
                0x000000000800728c                _log_strings_list_end = .

log_const_area  0x000000000800728c       0x68
                0x000000000800728c                _log_const_list_start = .
 *(SORT_BY_NAME(SORT_BY_ALIGNMENT(._log_const.static.*)))
 ._log_const.static.log_const_bldc_driver_
                0x000000000800728c        0x8 app/libapp.a(bldc_driver.cpp.obj)
                0x000000000800728c                log_const_bldc_driver
 ._log_const.static.log_const_bldc_gpio_overlay_
                0x0000000008007294        0x8 app/libapp.a(gpio_overlay.cpp.obj)
                0x0000000008007294                log_const_bldc_gpio_overlay
 ._log_const.static.log_const_cbprintf_package_
                0x000000000800729c        0x8 zephyr/libzephyr.a(cbprintf_packaged.c.obj)
                0x000000000800729c                log_const_cbprintf_package
 ._log_const.static.log_const_log_
                0x00000000080072a4        0x8 zephyr/libzephyr.a(log_core.c.obj)
                0x00000000080072a4                log_const_log
 ._log_const.static.log_const_log_mgmt_
                0x00000000080072ac        0x8 zephyr/libzephyr.a(log_mgmt.c.obj)
                0x00000000080072ac                log_const_log_mgmt
 ._log_const.static.log_const_log_uart_
                0x00000000080072b4        0x8 zephyr/libzephyr.a(log_backend_uart.c.obj)
                0x00000000080072b4                log_const_log_uart
 ._log_const.static.log_const_main_
                0x00000000080072bc        0x8 app/libapp.a(main.cpp.obj)
                0x00000000080072bc                log_const_main
 ._log_const.static.log_const_mpu_
                0x00000000080072c4        0x8 zephyr/arch/arch/arm/core/mpu/libarch__arm__core__mpu.a(arm_core_mpu.c.obj)
                0x00000000080072c4                log_const_mpu
 ._log_const.static.log_const_os_
                0x00000000080072cc        0x8 zephyr/kernel/libkernel.a(init.c.obj)
                0x00000000080072cc                log_const_os
 ._log_const.static.log_const_pwm_stm32_
                0x00000000080072d4        0x8 zephyr/drivers/pwm/libdrivers__pwm.a(pwm_stm32.c.obj)
                0x00000000080072d4                log_const_pwm_stm32
 ._log_const.static.log_const_speed_ramp_
                0x00000000080072dc        0x8 app/libapp.a(speed_ramp.cpp.obj)
                0x00000000080072dc                log_const_speed_ramp
 ._log_const.static.log_const_stm32_
                0x00000000080072e4        0x8 zephyr/drivers/gpio/libdrivers__gpio.a(gpio_stm32.c.obj)
                0x00000000080072e4                log_const_stm32
 ._log_const.static.log_const_uart_stm32_
                0x00000000080072ec        0x8 zephyr/drivers/serial/libdrivers__serial.a(uart_stm32.c.obj)
                0x00000000080072ec                log_const_uart_stm32
                0x00000000080072f4                _log_const_list_end = .

log_backend_area
                0x00000000080072f4       0x10
                0x00000000080072f4                _log_backend_list_start = .
 *(SORT_BY_NAME(SORT_BY_ALIGNMENT(._log_backend.static.*)))
 ._log_backend.static.log_backend_uart_
                0x00000000080072f4       0x10 zephyr/libzephyr.a(log_backend_uart.c.obj)
                0x0000000008007304                _log_backend_list_end = .

log_link_area   0x0000000008007304        0x0
                0x0000000008007304                _log_link_list_start = .
 *(SORT_BY_NAME(SORT_BY_ALIGNMENT(._log_link.static.*)))
                0x0000000008007304                _log_link_list_end = .

tracing_backend_area
                0x0000000008007304        0x0
                0x0000000008007304                _tracing_backend_list_start = .
 *(SORT_BY_NAME(SORT_BY_ALIGNMENT(._tracing_backend.static.*)))
                0x0000000008007304                _tracing_backend_list_end = .

zephyr_dbg_info
 *(SORT_BY_ALIGNMENT(.dbg_thread_info))

intc_table_area
                0x0000000008007304        0x0
                0x0000000008007304                _intc_table_list_start = .
 *(SORT_BY_NAME(SORT_BY_ALIGNMENT(._intc_table.static.*)))
                0x0000000008007304                _intc_table_list_end = .

symbol_to_keep  0x0000000008007304        0x0
                0x0000000008007304                __symbol_to_keep_start = .
 *(SORT_BY_NAME(SORT_BY_ALIGNMENT(.symbol_to_keep*)))
                0x0000000008007304                __symbol_to_keep_end = .

shell_area      0x0000000008007304        0x0
                0x0000000008007304                _shell_list_start = .
 *(SORT_BY_NAME(SORT_BY_ALIGNMENT(._shell.static.*)))
                0x0000000008007304                _shell_list_end = .

shell_root_cmds_area
                0x0000000008007304        0x0
                0x0000000008007304                _shell_root_cmds_list_start = .
 *(SORT_BY_NAME(SORT_BY_ALIGNMENT(._shell_root_cmds.static.*)))
                0x0000000008007304                _shell_root_cmds_list_end = .

shell_subcmds_area
                0x0000000008007304        0x0
                0x0000000008007304                _shell_subcmds_list_start = .
 *(SORT_BY_NAME(SORT_BY_ALIGNMENT(._shell_subcmds.static.*)))
                0x0000000008007304                _shell_subcmds_list_end = .

shell_dynamic_subcmds_area
                0x0000000008007304        0x0
                0x0000000008007304                _shell_dynamic_subcmds_list_start = .
 *(SORT_BY_NAME(SORT_BY_ALIGNMENT(._shell_dynamic_subcmds.static.*)))
                0x0000000008007304                _shell_dynamic_subcmds_list_end = .

cfb_font_area   0x0000000008007304        0x0
                0x0000000008007304                _cfb_font_list_start = .
 *(SORT_BY_NAME(SORT_BY_ALIGNMENT(._cfb_font.static.*)))
                0x0000000008007304                _cfb_font_list_end = .

rodata          0x0000000008007304     0x1104
 *(SORT_BY_ALIGNMENT(.rodata))
 .rodata        0x0000000008007304        0x8 zephyr/drivers/gpio/libdrivers__gpio.a(gpio_stm32.c.obj)
 *(SORT_BY_ALIGNMENT(.rodata.*))
 .rodata.mpsc_config
                0x000000000800730c       0x14 zephyr/libzephyr.a(log_core.c.obj)
 .rodata.format_table
                0x0000000008007320       0x10 zephyr/libzephyr.a(log_core.c.obj)
 .rodata.colors
                0x0000000008007330       0x14 zephyr/libzephyr.a(log_output.c.obj)
 .rodata.severity
                0x0000000008007344       0x14 zephyr/libzephyr.a(log_output.c.obj)
 .rodata.lbu_cb_ctx
                0x0000000008007358        0x8 zephyr/libzephyr.a(log_backend_uart.c.obj)
 .rodata.lbu_output
                0x0000000008007360       0x10 zephyr/libzephyr.a(log_backend_uart.c.obj)
 .rodata.log_backend_uart_api
                0x0000000008007370       0x1c zephyr/libzephyr.a(log_backend_uart.c.obj)
                0x0000000008007370                log_backend_uart_api
 .rodata.mem_attr_region
                0x000000000800738c        0x0 zephyr/libzephyr.a(mem_attr.c.obj)
 .rodata.static_regions
                0x000000000800738c        0xc zephyr/arch/arch/arm/core/mpu/libarch__arm__core__mpu.a(arm_core_mpu.c.obj)
 .rodata.mpu_config
                0x0000000008007398        0x8 zephyr/arch/arch/arm/core/mpu/libarch__arm__core__mpu.a(arm_mpu_regions.c.obj)
                0x0000000008007398                mpu_config
 .rodata.mpu_regions
                0x00000000080073a0       0x18 zephyr/arch/arch/arm/core/mpu/libarch__arm__core__mpu.a(arm_mpu_regions.c.obj)
 .rodata.stm32_clock_control_api
                0x00000000080073b8       0x1c zephyr/drivers/clock_control/libdrivers__clock_control.a(clock_stm32_ll_common.c.obj)
 .rodata.gpio_stm32_cfg_g
                0x00000000080073d4       0x14 zephyr/drivers/gpio/libdrivers__gpio.a(gpio_stm32.c.obj)
 .rodata.gpio_stm32_cfg_f
                0x00000000080073e8       0x14 zephyr/drivers/gpio/libdrivers__gpio.a(gpio_stm32.c.obj)
 .rodata.gpio_stm32_cfg_e
                0x00000000080073fc       0x14 zephyr/drivers/gpio/libdrivers__gpio.a(gpio_stm32.c.obj)
 .rodata.gpio_stm32_cfg_d
                0x0000000008007410       0x14 zephyr/drivers/gpio/libdrivers__gpio.a(gpio_stm32.c.obj)
 .rodata.gpio_stm32_cfg_c
                0x0000000008007424       0x14 zephyr/drivers/gpio/libdrivers__gpio.a(gpio_stm32.c.obj)
 .rodata.gpio_stm32_cfg_b
                0x0000000008007438       0x14 zephyr/drivers/gpio/libdrivers__gpio.a(gpio_stm32.c.obj)
 .rodata.gpio_stm32_cfg_a
                0x000000000800744c       0x14 zephyr/drivers/gpio/libdrivers__gpio.a(gpio_stm32.c.obj)
 .rodata.gpio_stm32_driver
                0x0000000008007460       0x24 zephyr/drivers/gpio/libdrivers__gpio.a(gpio_stm32.c.obj)
 .rodata.gpio_ports
                0x0000000008007484       0x40 zephyr/drivers/pinctrl/libdrivers__pinctrl.a(pinctrl_stm32.c.obj)
 .rodata.pwm_stm32_config_2
                0x00000000080074c4       0x18 zephyr/drivers/pwm/libdrivers__pwm.a(pwm_stm32.c.obj)
 .rodata.__pinctrl_dev_config__device_dts_ord_127
                0x00000000080074dc        0x8 zephyr/drivers/pwm/libdrivers__pwm.a(pwm_stm32.c.obj)
 .rodata.__pinctrl_states__device_dts_ord_127
                0x00000000080074e4        0x8 zephyr/drivers/pwm/libdrivers__pwm.a(pwm_stm32.c.obj)
 .rodata.__pinctrl_state_pins_0__device_dts_ord_127
                0x00000000080074ec        0x8 zephyr/drivers/pwm/libdrivers__pwm.a(pwm_stm32.c.obj)
 .rodata.pwm_stm32_config_1
                0x00000000080074f4       0x18 zephyr/drivers/pwm/libdrivers__pwm.a(pwm_stm32.c.obj)
 .rodata.__pinctrl_dev_config__device_dts_ord_53
                0x000000000800750c        0x8 zephyr/drivers/pwm/libdrivers__pwm.a(pwm_stm32.c.obj)
 .rodata.__pinctrl_states__device_dts_ord_53
                0x0000000008007514        0x8 zephyr/drivers/pwm/libdrivers__pwm.a(pwm_stm32.c.obj)
 .rodata.__pinctrl_state_pins_0__device_dts_ord_53
                0x000000000800751c        0x8 zephyr/drivers/pwm/libdrivers__pwm.a(pwm_stm32.c.obj)
 .rodata.pwm_stm32_config_0
                0x0000000008007524       0x18 zephyr/drivers/pwm/libdrivers__pwm.a(pwm_stm32.c.obj)
 .rodata.__pinctrl_dev_config__device_dts_ord_137
                0x000000000800753c        0x8 zephyr/drivers/pwm/libdrivers__pwm.a(pwm_stm32.c.obj)
 .rodata.__pinctrl_states__device_dts_ord_137
                0x0000000008007544        0x8 zephyr/drivers/pwm/libdrivers__pwm.a(pwm_stm32.c.obj)
 .rodata.__pinctrl_state_pins_0__device_dts_ord_137
                0x000000000800754c       0x18 zephyr/drivers/pwm/libdrivers__pwm.a(pwm_stm32.c.obj)
 .rodata.pwm_stm32_driver_api
                0x0000000008007564        0x8 zephyr/drivers/pwm/libdrivers__pwm.a(pwm_stm32.c.obj)
 .rodata.set_timer_compare
                0x000000000800756c       0x18 zephyr/drivers/pwm/libdrivers__pwm.a(pwm_stm32.c.obj)
 .rodata.ch2ll_n
                0x0000000008007584       0x10 zephyr/drivers/pwm/libdrivers__pwm.a(pwm_stm32.c.obj)
 .rodata.ch2ll  0x0000000008007594       0x18 zephyr/drivers/pwm/libdrivers__pwm.a(pwm_stm32.c.obj)
 .rodata.reset_stm32_config
                0x00000000080075ac        0x4 zephyr/drivers/reset/libdrivers__reset.a(reset_stm32.c.obj)
 .rodata.reset_stm32_driver_api
                0x00000000080075b0       0x10 zephyr/drivers/reset/libdrivers__reset.a(reset_stm32.c.obj)
 .rodata.uart_stm32_cfg_1
                0x00000000080075c0       0x24 zephyr/drivers/serial/libdrivers__serial.a(uart_stm32.c.obj)
 .rodata.pclken_1
                0x00000000080075e4        0x8 zephyr/drivers/serial/libdrivers__serial.a(uart_stm32.c.obj)
 .rodata.__pinctrl_dev_config__device_dts_ord_84
                0x00000000080075ec        0x8 zephyr/drivers/serial/libdrivers__serial.a(uart_stm32.c.obj)
 .rodata.__pinctrl_states__device_dts_ord_84
                0x00000000080075f4        0x8 zephyr/drivers/serial/libdrivers__serial.a(uart_stm32.c.obj)
 .rodata.__pinctrl_state_pins_0__device_dts_ord_84
                0x00000000080075fc       0x10 zephyr/drivers/serial/libdrivers__serial.a(uart_stm32.c.obj)
 .rodata.uart_stm32_cfg_0
                0x000000000800760c       0x24 zephyr/drivers/serial/libdrivers__serial.a(uart_stm32.c.obj)
 .rodata.pclken_0
                0x0000000008007630        0x8 zephyr/drivers/serial/libdrivers__serial.a(uart_stm32.c.obj)
 .rodata.__pinctrl_dev_config__device_dts_ord_87
                0x0000000008007638        0x8 zephyr/drivers/serial/libdrivers__serial.a(uart_stm32.c.obj)
 .rodata.__pinctrl_states__device_dts_ord_87
                0x0000000008007640        0x8 zephyr/drivers/serial/libdrivers__serial.a(uart_stm32.c.obj)
 .rodata.__pinctrl_state_pins_0__device_dts_ord_87
                0x0000000008007648       0x10 zephyr/drivers/serial/libdrivers__serial.a(uart_stm32.c.obj)
 .rodata.uart_stm32_driver_api
                0x0000000008007658       0x14 zephyr/drivers/serial/libdrivers__serial.a(uart_stm32.c.obj)
 .rodata.CSWTCH.486
                0x000000000800766c       0x14 zephyr/kernel/libkernel.a(fatal.c.obj)
 .rodata.levels.0
                0x0000000008007680       0x18 zephyr/kernel/libkernel.a(init.c.obj)
 .rodata._ctype_
                0x0000000008007698      0x101 /home/babu-inc-5831/zephyr-sdk-0.16.8/arm-zephyr-eabi/arm-zephyr-eabi/lib/thumb/v7e-m/nofp/libc.a(lib_a-ctype_.o)
                0x0000000008007698                _ctype_
 *fill*         0x0000000008007799        0x1 
 .rodata.LPUART_PRESCALER_TAB
                0x000000000800779a       0x18 zephyr/drivers/serial/libdrivers__serial.a(uart_stm32.c.obj)
 .rodata.main.str1.1
                0x00000000080077b2       0xb1 app/libapp.a(main.cpp.obj)
 .rodata.str1.1
                0x0000000008007863        0x5 app/libapp.a(main.cpp.obj)
 .rodata._ZN13motor_control11GpioOverlay4InitEv.str1.1
                0x0000000008007868       0x54 app/libapp.a(gpio_overlay.cpp.obj)
 .rodata.str1.1
                0x00000000080078bc       0x12 app/libapp.a(gpio_overlay.cpp.obj)
 .rodata._ZN13motor_control10BldcDriver9ApplyStepEhj.str1.1
                0x00000000080078ce       0x6a app/libapp.a(bldc_driver.cpp.obj)
 .rodata._ZN13motor_control10BldcDriver4InitEv.str1.1
                0x0000000008007938       0x20 app/libapp.a(bldc_driver.cpp.obj)
 .rodata.str1.1
                0x0000000008007958        0xc app/libapp.a(bldc_driver.cpp.obj)
 .rodata._ZN13motor_control17kCommutationTableE
                0x0000000008007964       0x12 app/libapp.a(bldc_driver.cpp.obj)
                0x0000000008007964                motor_control::kCommutationTable
 .rodata._ZN13motor_control9SpeedRamp5StartEv.str1.1
                0x0000000008007976       0x38 app/libapp.a(speed_ramp.cpp.obj)
 .rodata._ZN13motor_control9SpeedRamp6UpdateEv.str1.1
                0x00000000080079ae       0x5c app/libapp.a(speed_ramp.cpp.obj)
 .rodata.str1.1
                0x0000000008007a0a        0xb app/libapp.a(speed_ramp.cpp.obj)
 .rodata.cbprintf_package_convert.str1.1
                0x0000000008007a15       0xa3 zephyr/libzephyr.a(cbprintf_packaged.c.obj)
 .rodata.str1.1
                0x0000000008007ab8       0x11 zephyr/libzephyr.a(cbprintf_packaged.c.obj)
 .rodata.z_cbvprintf_impl.str1.1
                0x0000000008007ac9        0x6 zephyr/libzephyr.a(cbprintf_complete.c.obj)
 .rodata.enable_logger.str1.1
                0x0000000008007acf        0x8 zephyr/libzephyr.a(log_core.c.obj)
 .rodata.str1.1
                0x0000000008007ad7        0x4 zephyr/libzephyr.a(log_core.c.obj)
 .rodata.str1.1
                0x0000000008007adb        0x9 zephyr/libzephyr.a(log_mgmt.c.obj)
 .rodata.z_impl_z_log_msg_static_create.str1.1
                0x0000000008007ae4       0x3f zephyr/libzephyr.a(log_msg.c.obj)
 .rodata.z_log_msg_runtime_vcreate.str1.1
                0x0000000008007b23       0x38 zephyr/libzephyr.a(log_msg.c.obj)
 .rodata.newline_print.str1.1
                0x0000000008007b5b        0x3 zephyr/libzephyr.a(log_output.c.obj)
                                          0x5 (size before relaxing)
 .rodata.log_output_process.str1.1
                0x0000000008007b5e       0x4f zephyr/libzephyr.a(log_output.c.obj)
                                         0x51 (size before relaxing)
 .rodata.log_output_dropped_process.str1.1
                0x0000000008007bad       0x4f zephyr/libzephyr.a(log_output.c.obj)
                                          0x3 (size before relaxing)
 .rodata.postfix.0
                0x0000000008007bad       0x1c zephyr/libzephyr.a(log_output.c.obj)
 .rodata.prefix.1
                0x0000000008007bc9        0xc zephyr/libzephyr.a(log_output.c.obj)
 .rodata.str1.1
                0x0000000008007bd5       0x20 zephyr/libzephyr.a(log_output.c.obj)
 .rodata.str1.1
                0x0000000008007bf5       0x1a zephyr/libzephyr.a(log_backend_uart.c.obj)
 .rodata.z_arm_fatal_error.str1.1
                0x0000000008007c0f       0xae zephyr/arch/arch/arm/core/libarch__arm__core.a(fatal.c.obj)
 .rodata.bus_fault.constprop.0.str1.1
                0x0000000008007cbd       0xca zephyr/arch/arch/arm/core/cortex_m/libarch__arm__core__cortex_m.a(fault.c.obj)
 .rodata.usage_fault.constprop.0.str1.1
                0x0000000008007d87       0xcd zephyr/arch/arch/arm/core/cortex_m/libarch__arm__core__cortex_m.a(fault.c.obj)
 .rodata.mem_manage_fault.str1.1
                0x0000000008007e54       0x96 zephyr/arch/arch/arm/core/cortex_m/libarch__arm__core__cortex_m.a(fault.c.obj)
 .rodata.z_arm_fault.str1.1
                0x0000000008007eea      0x111 zephyr/arch/arch/arm/core/cortex_m/libarch__arm__core__cortex_m.a(fault.c.obj)
 .rodata.str1.1
                0x0000000008007ffb        0x4 zephyr/arch/arch/arm/core/mpu/libarch__arm__core__mpu.a(arm_core_mpu.c.obj)
 .rodata.region_allocate_and_init.str1.1
                0x0000000008007fff       0x26 zephyr/arch/arch/arm/core/mpu/libarch__arm__core__mpu.a(arm_mpu.c.obj)
 .rodata.mpu_configure_regions.str1.1
                0x0000000008008025       0x23 zephyr/arch/arch/arm/core/mpu/libarch__arm__core__mpu.a(arm_mpu.c.obj)
 .rodata.str1.1
                0x0000000008008048        0xf zephyr/arch/arch/arm/core/mpu/libarch__arm__core__mpu.a(arm_mpu_regions.c.obj)
 .rodata.line_range_6.0
                0x0000000008008057        0x2 zephyr/drivers/interrupt_controller/libdrivers__interrupt_controller.a(intc_exti_stm32.c.obj)
 .rodata.line_range_5.1
                0x0000000008008059        0x2 zephyr/drivers/interrupt_controller/libdrivers__interrupt_controller.a(intc_exti_stm32.c.obj)
 .rodata.line_range_4.2
                0x000000000800805b        0x2 zephyr/drivers/interrupt_controller/libdrivers__interrupt_controller.a(intc_exti_stm32.c.obj)
 .rodata.line_range_3.3
                0x000000000800805d        0x2 zephyr/drivers/interrupt_controller/libdrivers__interrupt_controller.a(intc_exti_stm32.c.obj)
 .rodata.line_range_2.4
                0x000000000800805f        0x2 zephyr/drivers/interrupt_controller/libdrivers__interrupt_controller.a(intc_exti_stm32.c.obj)
 .rodata.line_range_1.5
                0x0000000008008061        0x2 zephyr/drivers/interrupt_controller/libdrivers__interrupt_controller.a(intc_exti_stm32.c.obj)
 .rodata.line_range_0.6
                0x0000000008008063        0x2 zephyr/drivers/interrupt_controller/libdrivers__interrupt_controller.a(intc_exti_stm32.c.obj)
 .rodata.str1.1
                0x0000000008008065       0x1e zephyr/drivers/interrupt_controller/libdrivers__interrupt_controller.a(intc_exti_stm32.c.obj)
 .rodata.str1.1
                0x0000000008008083        0xd zephyr/drivers/clock_control/libdrivers__clock_control.a(clock_stm32_ll_common.c.obj)
 .rodata.str1.1
                0x0000000008008090       0x62 zephyr/drivers/gpio/libdrivers__gpio.a(gpio_stm32.c.obj)
                                         0x68 (size before relaxing)
 .rodata.pwm_stm32_set_cycles.str1.1
                0x00000000080080f2       0x66 zephyr/drivers/pwm/libdrivers__pwm.a(pwm_stm32.c.obj)
 .rodata.pwm_stm32_init.str1.1
                0x0000000008008158       0x9a zephyr/drivers/pwm/libdrivers__pwm.a(pwm_stm32.c.obj)
 .rodata.str1.1
                0x00000000080081f2        0xe zephyr/drivers/pwm/libdrivers__pwm.a(pwm_stm32.c.obj)
 .rodata.SHIFT_TAB_CCxP
                0x0000000008008200        0xa zephyr/drivers/pwm/libdrivers__pwm.a(pwm_stm32.c.obj)
 .rodata.SHIFT_TAB_OCxx
                0x000000000800820a        0xa zephyr/drivers/pwm/libdrivers__pwm.a(pwm_stm32.c.obj)
 .rodata.OFFSET_TAB_CCMRx
                0x0000000008008214        0xa zephyr/drivers/pwm/libdrivers__pwm.a(pwm_stm32.c.obj)
 .rodata.str1.1
                0x000000000800821e       0x11 zephyr/drivers/reset/libdrivers__reset.a(reset_stm32.c.obj)
 .rodata.uart_stm32_set_baudrate.str1.1
                0x000000000800822f       0x45 zephyr/drivers/serial/libdrivers__serial.a(uart_stm32.c.obj)
 .rodata.uart_stm32_init.str1.1
                0x0000000008008274       0x5d zephyr/drivers/serial/libdrivers__serial.a(uart_stm32.c.obj)
                                         0x7c (size before relaxing)
 .rodata.str1.1
                0x00000000080082d1       0x2b zephyr/drivers/serial/libdrivers__serial.a(uart_stm32.c.obj)
 .rodata.AHBPrescTable
                0x00000000080082fc       0x10 modules/stm32/stm32cube/lib..__modules__hal__stm32__stm32cube.a(system_stm32g4xx.c.obj)
                0x00000000080082fc                AHBPrescTable
 .rodata.k_sys_fatal_error_handler.str1.1
                0x000000000800830c        0xf zephyr/kernel/libkernel.a(fatal.c.obj)
 .rodata.z_fatal_error.str1.1
                0x000000000800831b       0x77 zephyr/kernel/libkernel.a(fatal.c.obj)
 .rodata.str1.1
                0x0000000008008392       0x4a zephyr/kernel/libkernel.a(fatal.c.obj)
 .rodata.z_cstart.str1.1
                0x00000000080083dc        0x5 zephyr/kernel/libkernel.a(init.c.obj)
 .rodata.str1.1
                0x00000000080083dc        0x3 zephyr/kernel/libkernel.a(init.c.obj)
 .rodata.boot_banner.str1.1
                0x00000000080083df       0x28 zephyr/kernel/libkernel.a(banner.c.obj)
 *(SORT_BY_ALIGNMENT(.gnu.linkonce.r.*))
                0x0000000008008408                . = ALIGN (0x4)
 *fill*         0x0000000008008407        0x1 

.gcc_except_table
 *(SORT_BY_ALIGNMENT(.gcc_except_table) SORT_BY_ALIGNMENT(.gcc_except_table.*))
                0x0000000008008408                __rodata_region_end = .
                0x0000000008008420                . = ALIGN (_region_min_align)
                0x0000000008010000                . = ALIGN ((0x1 << LOG2CEIL ((__rodata_region_end - ADDR (rom_start)))))
                0x0000000008010000                __rom_region_end = ((__rom_region_start + .) - ADDR (rom_start))

/DISCARD/
 *(SORT_BY_ALIGNMENT(.got.plt))
 *(SORT_BY_ALIGNMENT(.igot.plt))
 *(SORT_BY_ALIGNMENT(.got))
 *(SORT_BY_ALIGNMENT(.igot))
                0x0000000020000000                . = 0x20000000
                0x0000000020000000                . = ALIGN (_region_min_align)
                0x0000000020000000                _image_ram_start = .

.ramfunc        0x0000000020000000        0x0 load address 0x0000000008008408
                0x0000000020000000                . = ALIGN (_region_min_align)
                0x0000000020000000                . = ALIGN ((0x1 << LOG2CEIL (__ramfunc_size)))
                0x0000000020000000                __ramfunc_start = .
 *(SORT_BY_ALIGNMENT(.ramfunc))
 *(SORT_BY_ALIGNMENT(.ramfunc.*))
                0x0000000020000000                . = ALIGN (_region_min_align)
                0x0000000020000000                . = ALIGN ((0x1 << LOG2CEIL (__ramfunc_size)))
                0x0000000020000000                __ramfunc_end = .
                0x0000000000000000                __ramfunc_size = (__ramfunc_end - __ramfunc_start)
                0x0000000008008408                __ramfunc_load_start = LOADADDR (.ramfunc)

datas           0x0000000020000000       0x90 load address 0x0000000008008408
                0x0000000020000000                __data_region_start = .
                0x0000000020000000                __data_start = .
 *(SORT_BY_ALIGNMENT(.data))
 *(SORT_BY_ALIGNMENT(.data.*))
 .data._ZN12_GLOBAL__N_16g_rampE
                0x0000000020000000       0x18 app/libapp.a(main.cpp.obj)
 .data._char_out
                0x0000000020000018        0x4 zephyr/libzephyr.a(printk.c.obj)
                0x0000000020000018                _char_out
 .data.timestamp_func
                0x000000002000001c        0x4 zephyr/libzephyr.a(log_core.c.obj)
 .data.backend_cb_log_backend_uart
                0x0000000020000020        0x8 zephyr/libzephyr.a(log_backend_uart.c.obj)
 .data.handler  0x0000000020000028        0x4 zephyr/arch/arch/arm/core/libarch__arm__core.a(nmi.c.obj)
 .data._stdout_hook
                0x000000002000002c        0x4 zephyr/lib/libc/newlib/liblib__libc__newlib.a(libc-hooks.c.obj)
 .data.pwm_stm32_data_2
                0x0000000020000030        0xc zephyr/drivers/pwm/libdrivers__pwm.a(pwm_stm32.c.obj)
 .data.pwm_stm32_data_1
                0x000000002000003c        0xc zephyr/drivers/pwm/libdrivers__pwm.a(pwm_stm32.c.obj)
 .data.pwm_stm32_data_0
                0x0000000020000048        0xc zephyr/drivers/pwm/libdrivers__pwm.a(pwm_stm32.c.obj)
 .data.uart_stm32_data_1